 proj3_slrt

 Timestamp is 5bca2008 (Fri Oct 19 14:18:48 2018)

 Preferred load address is 10000000

 Start         Length     Name                   Class
 0001:00000000 000634c8H .text$mn                CODE
 0002:00000000 00000104H .CRT$XCA                DATA
 0002:00000104 00000104H .CRT$XCZ                DATA
 0002:00000208 00000104H .CRT$XIA                DATA
 0002:0000030c 00000110H .CRT$XIC                DATA
 0002:0000041c 00000104H .CRT$XIZ                DATA
 0002:00000520 00000104H .CRT$XPA                DATA
 0002:00000624 0000010cH .CRT$XPX                DATA
 0002:00000730 00000104H .CRT$XPXA               DATA
 0002:00000834 00000104H .CRT$XPZ                DATA
 0002:00000938 00000104H .CRT$XTA                DATA
 0002:00000a3c 00000104H .CRT$XTZ                DATA
 0002:00000b40 0000e284H .rdata                  DATA
 0002:0000edc4 0000038cH .rdata$r                DATA
 0002:0000f150 00000110H .rdata$sxdata           DATA
 0002:0000f260 000001e4H .rdata$zzzdbg           DATA
 0002:0000f444 00000104H .rtc$IAA                DATA
 0002:0000f548 00000104H .rtc$IZZ                DATA
 0002:0000f64c 00000104H .rtc$TAA                DATA
 0002:0000f750 00000108H .rtc$TZZ                DATA
 0002:0000f858 00000ac8H .xdata$x                DATA
 0002:00010320 000001fdH .edata                  DATA
 0003:00000000 00001344H .data                   DATA
 0003:00001344 000001dcH .data$r                 DATA
 0003:00001520 00014328H .bss                    DATA
 0004:00000000 000001d4H .idata$5                DATA
 0004:000001d4 00000014H .idata$2                DATA
 0004:000001e8 00000014H .idata$3                DATA
 0004:000001fc 000001d4H .idata$4                DATA
 0004:000003d0 00000843H .idata$6                DATA
 0005:00000000 00000224H .gfids$x                DATA
 0005:00000224 000001a5H .gfids$y                DATA
 0006:00000000 00000104H .00cfg                  DATA

  Address         Publics by Value              Rva+Base       Lib:Object

 0000:00000000       ___guard_fids_table        00000000     <absolute>
 0000:00000000       ___guard_longjmp_count     00000000     <absolute>
 0000:00000000       ___guard_iat_table         00000000     <absolute>
 0000:00000000       ___dynamic_value_reloc_table 00000000     <absolute>
 0000:00000000       __except_list              00000000     <absolute>
 0000:00000000       ___guard_iat_count         00000000     <absolute>
 0000:00000000       ___guard_longjmp_table     00000000     <absolute>
 0000:00000000       ___guard_fids_count        00000000     <absolute>
 0000:00000003       ___safe_se_handler_count   00000003     <absolute>
 0000:00000100       ___guard_flags             00000100     <absolute>
 0000:00000000       ___ImageBase               10000000     <linker-defined>
 0001:00005fa0       _MdlInitialize             10006fa0 f   proj3.obj
 0001:00005fb0       _MdlInitializeSampleTimes  10006fb0 f   proj3.obj
 0001:00005fc0       _MdlInitializeSizes        10006fc0 f   proj3.obj
 0001:00005fd0       _MdlOutputs                10006fd0 f   proj3.obj
 0001:00005fe0       _MdlStart                  10006fe0 f   proj3.obj
 0001:00005ff0       _MdlTerminate              10006ff0 f   proj3.obj
 0001:00006020       _MdlUpdate                 10007020 f   proj3.obj
 0001:00006030       ___local_stdio_printf_options 10007030 f i proj3.obj
 0001:00006040       __vfprintf_l               10007040 f i proj3.obj
 0001:00006070       _printf                    10007070 f i proj3.obj
 0001:000060b0       _proj3                     100070b0 f   proj3.obj
 0001:00006bc0       _proj3_derivatives         10007bc0 f   proj3.obj
 0001:00006c10       _proj3_initialize          10007c10 f   proj3.obj
 0001:000074c0       _proj3_output              100084c0 f   proj3.obj
 0001:00007a30       _proj3_terminate           10008a30 f   proj3.obj
 0001:00007a60       _proj3_update              10008a60 f   proj3.obj
 0001:00007bb0       _rt_ODECreateIntegrationData 10008bb0 f   proj3.obj
 0001:00007bc0       _rt_ODEDestroyIntegrationData 10008bc0 f   proj3.obj
 0001:00007bd0       _rt_ODEUpdateContinuousStates 10008bd0 f   proj3.obj
 0001:00007ff0       _rt_mxCreateCharMatrixFromStrings 10008ff0 f   rt_matrx.obj
 0001:00008150       _rt_mxCreateDoubleMatrix   10009150 f   rt_matrx.obj
 0001:000081b0       _rt_mxCreateNumericArray   100091b0 f   rt_matrx.obj
 0001:00008230       _rt_mxCreateString         10009230 f   rt_matrx.obj
 0001:000082c0       _rt_mxDuplicateArray       100092c0 f   rt_matrx.obj
 0001:00008320       _rt_mxGetDimensions        10009320 f   rt_matrx.obj
 0001:00008360       _rt_mxGetEps               10009360 f   rt_matrx.obj
 0001:00008370       _rt_mxGetString            10009370 f   rt_matrx.obj
 0001:000083f0       _rtPrintfNoOp              100093f0 f   rt_printf.obj
 0001:00008400       __vsnprintf_l              10009400 f i rt_logging.obj
 0001:00008440       __vsprintf_l               10009440 f i rt_logging.obj
 0001:00008480       _fprintf                   10009480 f i rt_logging.obj
 0001:00008d90       _rt_CreateLogVar           10009d90 f   rt_logging.obj
 0001:00008e20       _rt_CreateLogVarWithConvert 10009e20 f   rt_logging.obj
 0001:000097a0       _rt_CreateStructLogVar     1000a7a0 f   rt_logging.obj
 0001:0000a500       _rt_GetMxIdFromDTypeId     1000b500 f   rt_logging.obj
 0001:0000a530       _rt_GetMxIdFromDTypeIdForRSim 1000b530 f   rt_logging.obj
 0001:0000ce10       _rt_StartDataLogging       1000de10 f   rt_logging.obj
 0001:0000d2d0       _rt_StartDataLoggingWithStartTime 1000e2d0 f   rt_logging.obj
 0001:0000dc30       _rt_StopDataLogging        1000ec30 f   rt_logging.obj
 0001:0000dc50       _rt_StopDataLoggingImpl    1000ec50 f   rt_logging.obj
 0001:0000df80       _rt_UpdateLogVar           1000ef80 f   rt_logging.obj
 0001:0000f0a0       _rt_UpdateStructLogVar     100100a0 f   rt_logging.obj
 0001:0000f130       _rt_UpdateTXXFYLogVars     10010130 f   rt_logging.obj
 0001:0000f590       _rt_UpdateTXYLogVars       10010590 f   rt_logging.obj
 0001:0000f7e0       _rt_getTempMemory          100107e0 f   rt_logging.obj
 0001:0000f830       _sprintf                   10010830 f i rt_logging.obj
 0001:0000f870       _proj3_GetCAPIStaticMap    10010870 f   proj3_capi.obj
 0001:0000f880       _proj3_InitializeDataMapInfo 10010880 f   proj3_capi.obj
 0001:0000f950       _mdlXcp_GetMdlXcpInfo      10010950 f   proj3_xcp.obj
 0001:0000f960       _SLRT_update_TET           10010960 f   proj3_xcp_TET.obj
 0001:0000fa30       _rtGetInf                  10010a30 f   rtGetInf.obj
 0001:0000fa60       _rtGetInfF                 10010a60 f   rtGetInf.obj
 0001:0000fa80       _rtGetMinusInf             10010a80 f   rtGetInf.obj
 0001:0000fab0       _rtGetMinusInfF            10010ab0 f   rtGetInf.obj
 0001:0000fad0       _rtGetNaN                  10010ad0 f   rtGetNaN.obj
 0001:0000fb00       _rtGetNaNF                 10010b00 f   rtGetNaN.obj
 0001:0000fb20       _rtIsInf                   10010b20 f   rt_nonfinite.obj
 0001:0000fb60       _rtIsInfF                  10010b60 f   rt_nonfinite.obj
 0001:0000fba0       _rtIsNaN                   10010ba0 f   rt_nonfinite.obj
 0001:0000fbc0       _rtIsNaNF                  10010bc0 f   rt_nonfinite.obj
 0001:0000fbe0       _rt_InitInfAndNaN          10010be0 f   rt_nonfinite.obj
 0001:0000fc40       _rt_CleanUpForStateLogWithMMI 10010c40 f   rt_logging_mmi.obj
 0001:0000fd50       _rt_FillStateSigInfoFromMMI 10010d50 f   rt_logging_mmi.obj
 0001:000100f0       _rtwCAPI_CountSysRan       100110f0 f   rtw_modelmap_utils.obj
 0001:00010190       _rtwCAPI_EncodePath        10011190 f   rtw_modelmap_utils.obj
 0001:00010290       _rtwCAPI_FillSysRan        10011290 f   rtw_modelmap_utils.obj
 0001:00010380       _rtwCAPI_FreeFullPaths     10011380 f   rtw_modelmap_utils.obj
 0001:00010410       _rtwCAPI_GetFullStateBlockPath 10011410 f   rtw_modelmap_utils.obj
 0001:000105c0       _rtwCAPI_GetNumContStateRecords 100115c0 f   rtw_modelmap_utils.obj
 0001:00010680       _rtwCAPI_GetNumSigLogRecords 10011680 f   rtw_modelmap_utils.obj
 0001:000106d0       _rtwCAPI_GetNumSigLogRecordsForRTWLogging 100116d0 f   rtw_modelmap_utils.obj
 0001:00010770       _rtwCAPI_GetNumStateRecords 10011770 f   rtw_modelmap_utils.obj
 0001:000107c0       _rtwCAPI_GetNumStateRecordsForRTWLogging 100117c0 f   rtw_modelmap_utils.obj
 0001:00010860       _rtwCAPI_GetSigAddrFromMap 10011860 f   rtw_modelmap_utils.obj
 0001:00010920       _rtwCAPI_GetSigLogRecordInfo 10011920 f   rtw_modelmap_utils.obj
 0001:00010d50       _rtwCAPI_GetStateRecordInfo 10011d50 f   rtw_modelmap_utils.obj
 0001:00011200       _rtwCAPI_GetStateWidth     10012200 f   rtw_modelmap_utils.obj
 0001:00011260       _rtwCAPI_HasStates         10012260 f   rtw_modelmap_utils.obj
 0001:000112d0       _rtwCAPI_UpdateFullPaths   100122d0 f   rtw_modelmap_utils.obj
 0001:000114b0       _timestamp_x86             100124b0 f   host_timer_x86.obj
 0001:000114c0       _taskTimeEnd               100124c0 f   xpc_code_profiling_utility_functions.obj
 0001:000114d0       _taskTimeEnd_              100124d0 f   xpc_code_profiling_utility_functions.obj
 0001:000114e0       _taskTimeStart             100124e0 f   xpc_code_profiling_utility_functions.obj
 0001:000114f0       _taskTimeStart_            100124f0 f   xpc_code_profiling_utility_functions.obj
 0001:00011500       _xilProfilingTimerFreeze   10012500 f   xpc_code_profiling_utility_functions.obj
 0001:00011510       _xilProfilingTimerUnFreeze 10012510 f   xpc_code_profiling_utility_functions.obj
 0001:00011520       _xilUploadProfilingData    10012520 f   xpc_code_profiling_utility_functions.obj
 0001:00011530       _DllMain@12                10012530 f   xpctarget.obj
 0001:00011540       _SLRTSetErrorStatus        10012540 f   xpctarget.obj
 0001:00011560       _changeStepSize            10012560 f   xpctarget.obj
 0001:000115d0       _getDLMVersion             100125d0 f   xpctarget.obj
 0001:000115e0       _getRefMdlPath             100125e0 f   xpctarget.obj
 0001:00011660       _getRefMdlSignalNumber     10012660 f   xpctarget.obj
 0001:00011710       _getrlmdlinfo              10012710 f   xpctarget.obj
 0001:00011870       _proj3_ChangeStepSize      10012870 f   xpctarget.obj
 0001:000118e0       _updateDiscreteEvents      100128e0 f   xpctarget.obj
 0001:000118f0       _getNumRef                 100128f0 f   appmappingData.obj
 0001:00011900       _vprintf                   10012900 f i legacy_stdio.obj
 0001:00011940       _daquanserq8               10012940 f   daquanserq8.obj
 0001:000122b0       _encquanserq8              100132b0 f   encquanserq8.obj
 0001:00012df0       _GetPCIDeviceFull          10013df0 f   xpcruntime:xpcimports.obj
 0001:00012e40       _GetPCIDeviceFunction      10013e40 f   xpcruntime:xpcimports.obj
 0001:00012e80       _ShowPCIDevice             10013e80 f   xpcruntime:xpcimports.obj
 0001:000134b0       _slrtGetPciConfigAtFunction 100144b0 f   xpcruntime:xpcimports.obj
 0001:00013820       _xpcGetPciConfigAtSlot     10014820 f   xpcruntime:xpcimports.obj
 0001:00013840       _xpcInitProcs              10014840 f   xpcruntime:xpcimports.obj
 0001:00014d70       _xpceuploadevent           10015d70 f   xpcruntime:xpcimports.obj
 0001:00014d80       __ftoui3                   10015d80 f   LIBCMT:_ftol3_.obj
 0001:00014d8f       __ftoul3                   10015d8f f   LIBCMT:_ftol3_.obj
 0001:00014d9e       __ftol3                    10015d9e f   LIBCMT:_ftol3_.obj
 0001:00014dab       __ftol3_NaN                10015dab f   LIBCMT:_ftol3_.obj
 0001:00014dc3       __ftol3_work               10015dc3 f   LIBCMT:_ftol3_.obj
 0001:00014e49       __ftol3_common             10015e49 f   LIBCMT:_ftol3_.obj
 0001:00014f0b       __ftol3_arg_error          10015f0b f   LIBCMT:_ftol3_.obj
 0001:00014f1d       __ftol3_except             10015f1d f   LIBCMT:_ftol3_.obj
 0001:00014f61       __dtoui3                   10015f61 f   LIBCMT:_ftol3_.obj
 0001:00014f70       __dtoul3                   10015f70 f   LIBCMT:_ftol3_.obj
 0001:00014f7f       __dtol3                    10015f7f f   LIBCMT:_ftol3_.obj
 0001:00014f8c       __dtol3_NaN                10015f8c f   LIBCMT:_ftol3_.obj
 0001:00014fa9       __dtol3_work               10015fa9 f   LIBCMT:_ftol3_.obj
 0001:00015090       __ultod3                   10016090 f   LIBCMT:_ftol3_.obj
 0001:000150d0       __ltod3                    100160d0 f   LIBCMT:_ftol3_.obj
 0001:000151d4       ___raise_securityfailure   100161d4 f   LIBCMT:gs_report.obj
 0001:00015206       ___report_gsfailure        10016206 f   LIBCMT:gs_report.obj
 0001:0001533f       ___report_rangecheckfailure 1001633f f   LIBCMT:gs_report.obj
 0001:0001534e       ___report_securityfailure  1001634e f   LIBCMT:gs_report.obj
 0001:00015452       ___report_securityfailureEx 10016452 f   LIBCMT:gs_report.obj
 0001:000155ad       @__security_check_cookie@4 100165ad f   LIBCMT:_secchk_.obj
 0001:000155c2       ___isa_available_init      100165c2 f   LIBCMT:_cpu_disp_.obj
 0001:00015b8a       __CRT_INIT@12              10016b8a f   LIBCMT:dll_dllmain.obj
 0001:00015b95       __DllMainCRTStartup@12     10016b95 f   LIBCMT:dll_dllmain.obj
 0001:00015bc0       ??$__crt_fast_decode_pointer@PAP6AXXZ@@YAPAP6AXXZQAP6AXXZ@Z 10016bc0 f i LIBCMT:utility.obj
 0001:00015bd9       ??$__crt_fast_encode_pointer@PAP6AXXZ@@YAPAP6AXXZQAP6AXXZ@Z 10016bd9 f i LIBCMT:utility.obj
 0001:00015bfd       ?__crt_rotate_pointer_value@@YAIIH@Z 10016bfd f i LIBCMT:utility.obj
 0001:00015c0d       ?configure_argv@__scrt_narrow_argv_policy@@SAHXZ 10016c0d f i LIBCMT:utility.obj
 0001:00015cb1       _NtCurrentTeb              10016cb1 f i LIBCMT:utility.obj
 0001:00015cb8       ___scrt_acquire_startup_lock 10016cb8 f   LIBCMT:utility.obj
 0001:00015cfa       ___scrt_dllmain_after_initialize_c 10016cfa f   LIBCMT:utility.obj
 0001:00015d2f       ___scrt_dllmain_before_initialize_c 10016d2f f   LIBCMT:utility.obj
 0001:00015d40       ___scrt_dllmain_crt_thread_attach 10016d40 f   LIBCMT:utility.obj
 0001:00015d66       ___scrt_dllmain_crt_thread_detach 10016d66 f   LIBCMT:utility.obj
 0001:00015d76       ___scrt_dllmain_exception_filter 10016d76 f   LIBCMT:utility.obj
 0001:00015db5       ___scrt_dllmain_uninitialize_c 10016db5 f   LIBCMT:utility.obj
 0001:00015de0       ___scrt_dllmain_uninitialize_critical 10016de0 f   LIBCMT:utility.obj
 0001:00015df0       ___scrt_initialize_crt     10016df0 f   LIBCMT:utility.obj
 0001:00015e37       ___scrt_initialize_onexit_tables 10016e37 f   LIBCMT:utility.obj
 0001:00015ef3       ___scrt_is_nonwritable_in_current_image 10016ef3 f   LIBCMT:utility.obj
 0001:00015f9f       ___scrt_release_startup_lock 10016f9f f   LIBCMT:utility.obj
 0001:00015fc3       ___scrt_uninitialize_crt   10016fc3 f   LIBCMT:utility.obj
 0001:00015ff5       __onexit                   10016ff5 f   LIBCMT:utility.obj
 0001:0001603e       _at_quick_exit             1001703e f   LIBCMT:utility.obj
 0001:0001607b       _atexit                    1001707b f   LIBCMT:utility.obj
 0001:00016095       ___security_init_cookie    10017095 f   LIBCMT:gs_support.obj
 0001:00016158       ?__scrt_initialize_type_info@@YAXXZ 10017158 f   LIBCMT:tncleanup.obj
 0001:00016167       ?__scrt_uninitialize_type_info@@YAXXZ 10017167 f   LIBCMT:tncleanup.obj
 0001:00016176       ___local_stdio_scanf_options 10017176 f i LIBCMT:default_local_stdio_options.obj
 0001:0001617c       ___scrt_initialize_default_local_stdio_options 1001717c f   LIBCMT:default_local_stdio_options.obj
 0001:000161a0       ___scrt_get_dyn_tls_init_callback 100171a0 f   LIBCMT:dyn_tls_init.obj
 0001:000161a6       ___scrt_fastfail           100171a6 f   LIBCMT:utility_desktop.obj
 0001:00016307       ___scrt_get_show_window_mode 10017307 f   LIBCMT:utility_desktop.obj
 0001:00016346       ___scrt_initialize_winrt   10017346 f   LIBCMT:utility_desktop.obj
 0001:00016349       ___scrt_is_managed_app     10017349 f   LIBCMT:utility_desktop.obj
 0001:0001639e       ___scrt_set_unhandled_exception_filter 1001739e f   LIBCMT:utility_desktop.obj
 0001:000163ad       ___scrt_unhandled_exception_filter@4 100173ad f   LIBCMT:utility_desktop.obj
 0001:000163fe       __crt_debugger_hook        100173fe f   LIBCMT:utility_desktop.obj
 0001:00016408       __RTC_Initialize           10017408 f   LIBCMT:_initsect_.obj
 0001:0001643d       __RTC_Terminate            1001743d f   LIBCMT:_initsect_.obj
 0001:00016472       @_guard_check_icall@4      10017472 f i LIBCMT:checkcfg.obj
 0001:00016480       __SEH_prolog4              10017480 f   LIBCMT:_sehprolg4_.obj
 0001:000164c6       __SEH_epilog4              100174c6 f   LIBCMT:_sehprolg4_.obj
 0001:000164f1       __get_startup_argv_mode    100174f1 f   LIBCMT:argv_mode.obj
 0001:000164f5       ___scrt_is_ucrt_dll_in_use 100174f5 f   LIBCMT:ucrt_detection.obj
 0001:00016504       @_guard_check_icall_nop@4  10017504 f i LIBCMT:guard_support.obj
 0001:00016505       __guard_icall_checks_enforced 10017505 f i LIBCMT:guard_support.obj
 0001:0001651c       _GetModuleHandleA@4        1001751c f   kernel32:KERNEL32.dll
 0001:00016522       _GetProcAddress@8          10017522 f   kernel32:KERNEL32.dll
 0001:00016528       _UnhandledExceptionFilter@4 10017528 f   kernel32:KERNEL32.dll
 0001:0001652e       _SetUnhandledExceptionFilter@4 1001752e f   kernel32:KERNEL32.dll
 0001:00016534       _GetCurrentProcess@0       10017534 f   kernel32:KERNEL32.dll
 0001:0001653a       _TerminateProcess@8        1001753a f   kernel32:KERNEL32.dll
 0001:00016540       _IsProcessorFeaturePresent@4 10017540 f   kernel32:KERNEL32.dll
 0001:00016546       _QueryPerformanceCounter@4 10017546 f   kernel32:KERNEL32.dll
 0001:0001654c       _GetCurrentProcessId@0     1001754c f   kernel32:KERNEL32.dll
 0001:00016552       _GetCurrentThreadId@0      10017552 f   kernel32:KERNEL32.dll
 0001:00016558       _GetSystemTimeAsFileTime@4 10017558 f   kernel32:KERNEL32.dll
 0001:0001655e       _InitializeSListHead@4     1001755e f   kernel32:KERNEL32.dll
 0001:00016564       _IsDebuggerPresent@0       10017564 f   kernel32:KERNEL32.dll
 0001:0001656a       _GetStartupInfoW@4         1001756a f   kernel32:KERNEL32.dll
 0001:00016570       _GetModuleHandleW@4        10017570 f   kernel32:KERNEL32.dll
 0001:00016580       _memcpy                    10017580 f   libvcruntime:memcpy.obj
 0001:00016c60       _memset                    10017c60 f   libvcruntime:memset.obj
 0001:00016e10       _memmove                   10017e10 f   libvcruntime:memmove.obj
 0001:000174f0       _strchr                    100184f0 f   libvcruntime:strchr.obj
 0001:0001755e       ___from_strstr_to_strchr   1001855e     libvcruntime:strchr.obj
 0001:000176b0       __except_handler4          100186b0 f   libvcruntime:_chandler4_.obj
 0001:0001786f       ___vcrt_initialize         1001886f f   libvcruntime:initialization.obj
 0001:000178a2       ___vcrt_thread_attach      100188a2 f   libvcruntime:initialization.obj
 0001:000178af       ___vcrt_thread_detach      100188af f   libvcruntime:initialization.obj
 0001:000178bc       ___vcrt_uninitialize       100188bc f   libvcruntime:initialization.obj
 0001:000178e2       ___vcrt_uninitialize_critical 100188e2 f   libvcruntime:initialization.obj
 0001:000178fd       ??$?RD@__crt_internal_free_policy@@QBEXQBD@Z 100188fd f i libvcruntime:std_type_info.obj
 0001:00017911       ??$?RX@__crt_internal_free_policy@@QBEXQBX@Z 10018911 f i libvcruntime:std_type_info.obj
 0001:00017925       ??$__crt_interlocked_compare_exchange_pointer@$$CBD$$T$$T@@YAPBDPDSBD$$T1@Z 10018925 f i libvcruntime:std_type_info.obj
 0001:0001793b       ??$__crt_interlocked_compare_exchange_pointer@$$CBDPAD$$T@@YAPBDPDSBDQAD$$T@Z 1001893b f i libvcruntime:std_type_info.obj
 0001:00017951       ??$__crt_interlocked_read_pointer@$$CBD@@YAPBDPDSBD@Z 10018951 f i libvcruntime:std_type_info.obj
 0001:00017965       ??0?$__crt_unique_heap_ptr@DU__crt_internal_free_policy@@@@QAE@QAD@Z 10018965 f i libvcruntime:std_type_info.obj
 0001:00017976       ??0?$__crt_unique_heap_ptr@XU__crt_internal_free_policy@@@@QAE@QAX@Z 10018976 f i libvcruntime:std_type_info.obj
 0001:00017987       ??1?$__crt_unique_heap_ptr@DU__crt_internal_free_policy@@@@QAE@XZ 10018987 f i libvcruntime:std_type_info.obj
 0001:0001799b       ??1?$__crt_unique_heap_ptr@XU__crt_internal_free_policy@@@@QAE@XZ 1001899b f i libvcruntime:std_type_info.obj
 0001:000179bb       ??B?$__crt_unique_heap_ptr@DU__crt_internal_free_policy@@@@QBE_NXZ 100189bb f i libvcruntime:std_type_info.obj
 0001:000179c2       ??B?$__crt_unique_heap_ptr@XU__crt_internal_free_policy@@@@QBE_NXZ 100189c2 f i libvcruntime:std_type_info.obj
 0001:000179f1       ?detach@?$__crt_unique_heap_ptr@XU__crt_internal_free_policy@@@@QAEPAXXZ 100189f1 f i libvcruntime:std_type_info.obj
 0001:000179f7       ?get@?$__crt_unique_heap_ptr@DU__crt_internal_free_policy@@@@QBEPADXZ 100189f7 f i libvcruntime:std_type_info.obj
 0001:000179fa       ?get@?$__crt_unique_heap_ptr@XU__crt_internal_free_policy@@@@QBEPAXXZ 100189fa f i libvcruntime:std_type_info.obj
 0001:000179fd       ?is_valid@?$__crt_unique_heap_ptr@DU__crt_internal_free_policy@@@@QBE_NXZ 100189fd f i libvcruntime:std_type_info.obj
 0001:00017a04       ?is_valid@?$__crt_unique_heap_ptr@XU__crt_internal_free_policy@@@@QBE_NXZ 10018a04 f i libvcruntime:std_type_info.obj
 0001:00017a0b       ?release@?$__crt_unique_heap_ptr@DU__crt_internal_free_policy@@@@QAEXXZ 10018a0b f i libvcruntime:std_type_info.obj
 0001:00017a1f       ?release@?$__crt_unique_heap_ptr@XU__crt_internal_free_policy@@@@QAEXXZ 10018a1f f i libvcruntime:std_type_info.obj
 0001:00017a33       ___std_type_info_compare   10018a33 f   libvcruntime:std_type_info.obj
 0001:00017a7e       ___std_type_info_destroy_list 10018a7e f   libvcruntime:std_type_info.obj
 0001:00017aa9       ___std_type_info_hash      10018aa9 f   libvcruntime:std_type_info.obj
 0001:00017ad8       ___std_type_info_name      10018ad8 f   libvcruntime:std_type_info.obj
 0001:00017be0       __local_unwind4            10018be0 f   libvcruntime:_exsup4_.obj
 0001:00017cb6       __seh_longjmp_unwind4@4    10018cb6 f   libvcruntime:_exsup4_.obj
 0001:00017cde       @_EH4_CallFilterFunc@8     10018cde f   libvcruntime:_exsup4_.obj
 0001:00017cf5       @_EH4_TransferToHandler@8  10018cf5 f   libvcruntime:_exsup4_.obj
 0001:00017d0e       @_EH4_GlobalUnwind2@8      10018d0e f   libvcruntime:_exsup4_.obj
 0001:00017d27       @_EH4_LocalUnwind@16       10018d27 f   libvcruntime:_exsup4_.obj
 0001:00017d95       ___except_validate_context_record 10018d95 f   libvcruntime:jbcxrval.obj
 0001:00017d96       ___except_validate_jump_buffer 10018d96 f   libvcruntime:jbcxrval.obj
 0001:00017d97       ??$?RU__vcrt_ptd@@@__crt_internal_free_policy@@QBEXQBU__vcrt_ptd@@@Z 10018d97 f i libvcruntime:per_thread_data.obj
 0001:00017dab       ??0?$__crt_unique_heap_ptr@U__vcrt_ptd@@U__crt_internal_free_policy@@@@QAE@QAU__vcrt_ptd@@@Z 10018dab f i libvcruntime:per_thread_data.obj
 0001:00017dce       ??1?$__crt_unique_heap_ptr@U__vcrt_ptd@@U__crt_internal_free_policy@@@@QAE@XZ 10018dce f i libvcruntime:per_thread_data.obj
 0001:00017ded       ??B?$__crt_unique_heap_ptr@U__vcrt_ptd@@U__crt_internal_free_policy@@@@QBE_NXZ 10018ded f i libvcruntime:per_thread_data.obj
 0001:00017df4       ?detach@?$__crt_unique_heap_ptr@U__vcrt_ptd@@U__crt_internal_free_policy@@@@QAEPAU__vcrt_ptd@@XZ 10018df4 f i libvcruntime:per_thread_data.obj
 0001:00017dfa       ?get@?$__crt_unique_heap_ptr@U__vcrt_ptd@@U__crt_internal_free_policy@@@@QBEPAU__vcrt_ptd@@XZ 10018dfa f i libvcruntime:per_thread_data.obj
 0001:00017dfd       ?is_valid@?$__crt_unique_heap_ptr@U__vcrt_ptd@@U__crt_internal_free_policy@@@@QBE_NXZ 10018dfd f i libvcruntime:per_thread_data.obj
 0001:00017e04       ?release@?$__crt_unique_heap_ptr@U__vcrt_ptd@@U__crt_internal_free_policy@@@@QAEXXZ 10018e04 f i libvcruntime:per_thread_data.obj
 0001:00017e38       ___vcrt_freefls@4          10018e38 f   libvcruntime:per_thread_data.obj
 0001:00017e5b       ___vcrt_freeptd            10018e5b f   libvcruntime:per_thread_data.obj
 0001:00017e9e       ___vcrt_getptd             10018e9e f   libvcruntime:per_thread_data.obj
 0001:00017eaf       ___vcrt_getptd_noexit      10018eaf f   libvcruntime:per_thread_data.obj
 0001:00017f65       ___vcrt_initialize_ptd     10018f65 f   libvcruntime:per_thread_data.obj
 0001:00017fa4       ___vcrt_uninitialize_ptd   10018fa4 f   libvcruntime:per_thread_data.obj
 0001:00017fc5       ___vcrt_initialize_locks   10018fc5 f   libvcruntime:locks.obj
 0001:00018010       ___vcrt_lock               10019010 f   libvcruntime:locks.obj
 0001:0001802a       ___vcrt_uninitialize_locks 1001902a f   libvcruntime:locks.obj
 0001:00018064       ___vcrt_unlock             10019064 f   libvcruntime:locks.obj
 0001:0001807e       ??$?BX@__crt_fast_encoded_nullptr_t@@QBEPAXXZ 1001907e f i libvcruntime:winapi_downlevel.obj
 0001:0001809c       ??$__crt_fast_decode_pointer@PAX@@YAPAXQAX@Z 1001909c f i libvcruntime:winapi_downlevel.obj
 0001:000180b5       ??$__crt_fast_encode_pointer@PAX@@YAPAXQAX@Z 100190b5 f i libvcruntime:winapi_downlevel.obj
 0001:000180d9       ??$__crt_interlocked_compare_exchange_pointer@UHINSTANCE__@@$$T$$T@@YAPAUHINSTANCE__@@PDSAU0@$$T1@Z 100190d9 f i libvcruntime:winapi_downlevel.obj
 0001:000180ef       ??$__crt_interlocked_compare_exchange_pointer@X$$T$$T@@YAPAXPDSAX$$T1@Z 100190ef f i libvcruntime:winapi_downlevel.obj
 0001:00018105       ??$__crt_interlocked_exchange_pointer@UHINSTANCE__@@PAU1@@@YAPAUHINSTANCE__@@PDSAU0@QAU0@@Z 10019105 f i libvcruntime:winapi_downlevel.obj
 0001:00018115       ??$__crt_interlocked_exchange_pointer@UHINSTANCE__@@PAX@@YAPAUHINSTANCE__@@PDSAU0@QAX@Z 10019115 f i libvcruntime:winapi_downlevel.obj
 0001:00018125       ??$__crt_interlocked_exchange_pointer@XPAX@@YAPAXPDSAXQAX@Z 10019125 f i libvcruntime:winapi_downlevel.obj
 0001:00018135       ??$__crt_interlocked_read_pointer@UHINSTANCE__@@@@YAPAUHINSTANCE__@@PDSAU0@@Z 10019135 f i libvcruntime:winapi_downlevel.obj
 0001:00018149       ??$__crt_interlocked_read_pointer@X@@YAPAXPDSAX@Z 10019149 f i libvcruntime:winapi_downlevel.obj
 0001:0001815d       ?__crt_fast_encode_pointer@@YA?AU__crt_fast_encoded_nullptr_t@@$$T@Z 1001915d f i libvcruntime:winapi_downlevel.obj
 0001:000184a1       ___vcrt_EventRegister      100194a1 f   libvcruntime:winapi_downlevel.obj
 0001:000184f1       ___vcrt_EventSetInformation 100194f1 f   libvcruntime:winapi_downlevel.obj
 0001:00018544       ___vcrt_EventUnregister    10019544 f   libvcruntime:winapi_downlevel.obj
 0001:0001858c       ___vcrt_EventWriteTransfer 1001958c f   libvcruntime:winapi_downlevel.obj
 0001:000185e7       ___vcrt_FlsAlloc           100195e7 f   libvcruntime:winapi_downlevel.obj
 0001:0001862f       ___vcrt_FlsFree            1001962f f   libvcruntime:winapi_downlevel.obj
 0001:00018677       ___vcrt_FlsGetValue        10019677 f   libvcruntime:winapi_downlevel.obj
 0001:000186bf       ___vcrt_FlsSetValue        100196bf f   libvcruntime:winapi_downlevel.obj
 0001:0001870b       ___vcrt_InitializeCriticalSectionEx 1001970b f   libvcruntime:winapi_downlevel.obj
 0001:00018762       ___vcrt_initialize_winapi_thunks 10019762 f   libvcruntime:winapi_downlevel.obj
 0001:000187aa       ___vcrt_uninitialize_winapi_thunks 100197aa f   libvcruntime:winapi_downlevel.obj
 0001:000187e8       ??$?B$$A6AXXZ@__crt_fast_encoded_nullptr_t@@QBEP6AXXZXZ 100197e8 f i libvcruntime:purevirt_data.obj
 0001:00018806       ??$__crt_fast_encode_pointer@P6AXXZ@@YAP6AXXZQ6AXXZ@Z 10019806 f i libvcruntime:purevirt_data.obj
 0001:0001882a       ___vcrt_initialize_pure_virtual_call_handler 1001982a f   libvcruntime:purevirt_data.obj
 0001:0001884e       ??$__vcrt_va_start_verify_argument_type@QBD@@YAXXZ 1001984e f i libvcruntime:undname.obj
 0001:0001884f       ??0Block@_HeapManager@@QAE@XZ 1001984f f i libvcruntime:undname.obj
 0001:00018855       ??0DName@@QAE@AAPBDD@Z     10019855 f   libvcruntime:undname.obj
 0001:0001893c       ??0DName@@QAE@ABV0@@Z      1001993c f i libvcruntime:undname.obj
 0001:00018957       ??0DName@@QAE@D@Z          10019957 f   libvcruntime:undname.obj
 0001:0001898e       ??0DName@@QAE@PAV0@@Z      1001998e f   libvcruntime:undname.obj
 0001:000189ee       ??0DName@@QAE@PBD@Z        100199ee f   libvcruntime:undname.obj
 0001:00018a36       ??0DName@@QAE@W4DNameStatus@@@Z 10019a36 f   libvcruntime:undname.obj
 0001:00018a89       ??0DName@@QAE@XZ           10019a89 f i libvcruntime:undname.obj
 0001:00018a9e       ??0DName@@QAE@_J@Z         10019a9e f   libvcruntime:undname.obj
 0001:00018b58       ??0DName@@QAE@_K@Z         10019b58 f   libvcruntime:undname.obj
 0001:00018be2       ??0DNameNode@@IAE@XZ       10019be2 f   libvcruntime:undname.obj
 0001:00018bed       ??0DNameStatusNode@@AAE@W4DNameStatus@@@Z 10019bed f   libvcruntime:undname.obj
 0001:00018c18       ??0Replicator@@QAE@XZ      10019c18 f i libvcruntime:undname.obj
 0001:00018c1e       ??0UnDecorator@@QAE@PADPBDHP6APADJ@ZK@Z 10019c1e f i libvcruntime:undname.obj
 0001:00018ca1       ??0charNode@@QAE@D@Z       10019ca1 f   libvcruntime:undname.obj
 0001:00018cbb       ??0pDNameNode@@QAE@PAVDName@@@Z 10019cbb f   libvcruntime:undname.obj
 0001:00018ced       ??0pairNode@@QAE@PAVDNameNode@@0@Z 10019ced f   libvcruntime:undname.obj
 0001:00018d13       ??0pcharNode@@QAE@PBDH@Z   10019d13 f   libvcruntime:undname.obj
 0001:00018d82       ??2@YAPAXIAAV_HeapManager@@H@Z 10019d82 f i libvcruntime:undname.obj
 0001:00018d9c       ??4DName@@QAEAAV0@ABV0@@Z  10019d9c f   libvcruntime:undname.obj
 0001:00018db7       ??4DName@@QAEAAV0@D@Z      10019db7 f i libvcruntime:undname.obj
 0001:00018dee       ??4DName@@QAEAAV0@PAV0@@Z  10019dee f   libvcruntime:undname.obj
 0001:00018e49       ??4DName@@QAEAAV0@PBD@Z    10019e49 f   libvcruntime:undname.obj
 0001:00018e87       ??4DName@@QAEAAV0@W4DNameStatus@@@Z 10019e87 f   libvcruntime:undname.obj
 0001:00018ec9       ??AReplicator@@QBE?AVDName@@H@Z 10019ec9 f   libvcruntime:undname.obj
 0001:00018f14       ??BUnDecorator@@QAEPADXZ   10019f14 f i libvcruntime:undname.obj
 0001:000190eb       ??H@YA?AVDName@@DABV0@@Z   1001a0eb f i libvcruntime:undname.obj
 0001:00019118       ??H@YA?AVDName@@PBDABV0@@Z 1001a118 f i libvcruntime:undname.obj
 0001:00019145       ??H@YA?AVDName@@W4DNameStatus@@ABV0@@Z 1001a145 f i libvcruntime:undname.obj
 0001:00019172       ??HDName@@QBE?AV0@ABV0@@Z  1001a172 f   libvcruntime:undname.obj
 0001:0001919c       ??HDName@@QBE?AV0@D@Z      1001a19c f   libvcruntime:undname.obj
 0001:000191c6       ??HDName@@QBE?AV0@PAV0@@Z  1001a1c6 f   libvcruntime:undname.obj
 0001:000191f0       ??HDName@@QBE?AV0@PBD@Z    1001a1f0 f   libvcruntime:undname.obj
 0001:0001921a       ??HDName@@QBE?AV0@W4DNameStatus@@@Z 1001a21a f   libvcruntime:undname.obj
 0001:00019244       ??YDName@@QAEAAV0@ABV0@@Z  1001a244 f   libvcruntime:undname.obj
 0001:00019297       ??YDName@@QAEAAV0@D@Z      1001a297 f   libvcruntime:undname.obj
 0001:000192fb       ??YDName@@QAEAAV0@PAV0@@Z  1001a2fb f   libvcruntime:undname.obj
 0001:00019379       ??YDName@@QAEAAV0@PBD@Z    1001a379 f   libvcruntime:undname.obj
 0001:000193f2       ??YDName@@QAEAAV0@W4DNameStatus@@@Z 1001a3f2 f   libvcruntime:undname.obj
 0001:00019442       ??YReplicator@@QAEAAV0@ABVDName@@@Z 1001a442 f   libvcruntime:undname.obj
 0001:0001949e       ??_5DName@@QAEAAV0@ABV0@@Z 1001a49e f   libvcruntime:undname.obj
 0001:000194c1       ?Constructor@_HeapManager@@QAEXP6APAXI@ZP6AXPAX@Z@Z 1001a4c1 f i libvcruntime:undname.obj
 0001:000194e5       ?Destructor@_HeapManager@@QAEXXZ 1001a4e5 f i libvcruntime:undname.obj
 0001:0001952c       ?UScore@UnDecorator@@SAPBDW4Tokens@@@Z 1001a52c f   libvcruntime:undname.obj
 0001:00019550       ?append@DName@@AAEXPAVDNameNode@@@Z 1001a550 f   libvcruntime:undname.obj
 0001:000195a7       ?composeDeclaration@UnDecorator@@CA?AVDName@@ABV2@@Z 1001a5a7 f i libvcruntime:undname.obj
 0001:0001a5e2       ?doAccessSpecifiers@UnDecorator@@SAHXZ 1001b5e2 f i libvcruntime:undname.obj
 0001:0001a5f3       ?doAllocationLanguage@UnDecorator@@SAHXZ 1001b5f3 f i libvcruntime:undname.obj
 0001:0001a604       ?doAllocationModel@UnDecorator@@SAHXZ 1001b604 f i libvcruntime:undname.obj
 0001:0001a615       ?doEcsu@UnDecorator@@SAHXZ 1001b615 f i libvcruntime:undname.obj
 0001:0001a626       ?doEllipsis@UnDecorator@@SAHXZ 1001b626 f i libvcruntime:undname.obj
 0001:0001a637       ?doFunctionReturns@UnDecorator@@SAHXZ 1001b637 f i libvcruntime:undname.obj
 0001:0001a648       ?doMSKeywords@UnDecorator@@SAHXZ 1001b648 f i libvcruntime:undname.obj
 0001:0001a658       ?doMemberTypes@UnDecorator@@SAHXZ 1001b658 f i libvcruntime:undname.obj
 0001:0001a669       ?doNameOnly@UnDecorator@@SAHXZ 1001b669 f i libvcruntime:undname.obj
 0001:0001a676       ?doNoIdentCharCheck@UnDecorator@@SAHXZ 1001b676 f i libvcruntime:undname.obj
 0001:0001a683       ?doPchar@DName@@AAEXPBDH@Z 1001b683 f   libvcruntime:undname.obj
 0001:0001a72f       ?doPtr64@UnDecorator@@SAHXZ 1001b72f f i libvcruntime:undname.obj
 0001:0001a740       ?doRestrictionSpec@UnDecorator@@SAHXZ 1001b740 f i libvcruntime:undname.obj
 0001:0001a751       ?doThisTypes@UnDecorator@@SAHXZ 1001b751 f i libvcruntime:undname.obj
 0001:0001a767       ?doThrowTypes@UnDecorator@@SAHXZ 1001b767 f i libvcruntime:undname.obj
 0001:0001a778       ?doTypeOnly@UnDecorator@@SAHXZ 1001b778 f i libvcruntime:undname.obj
 0001:0001a785       ?doUnderScore@UnDecorator@@SAHXZ 1001b785 f i libvcruntime:undname.obj
 0001:0001a792       ?getArgumentList@UnDecorator@@CA?AVDName@@XZ 1001b792 f   libvcruntime:undname.obj
 0001:0001a8e1       ?getArgumentTypes@UnDecorator@@CA?AVDName@@XZ 1001b8e1 f   libvcruntime:undname.obj
 0001:0001a9f9       ?getArrayType@UnDecorator@@CA?AVDName@@ABV2@@Z 1001b9f9 f i libvcruntime:undname.obj
 0001:0001ac7b       ?getBasedType@UnDecorator@@CA?AVDName@@XZ 1001bc7b f   libvcruntime:undname.obj
 0001:0001ad3a       ?getBasicDataType@UnDecorator@@CA?AVDName@@ABV2@@Z 1001bd3a f   libvcruntime:undname.obj
 0001:0001b224       ?getCallIndex@UnDecorator@@CA?AVDName@@XZ 1001c224 f i libvcruntime:undname.obj
 0001:0001b23d       ?getCallingConvention@UnDecorator@@CA?AVDName@@XZ 1001c23d f   libvcruntime:undname.obj
 0001:0001b32b       ?getDataIndirectType@UnDecorator@@CA?AVDName@@ABV2@PBD0H@Z 1001c32b f   libvcruntime:undname.obj
 0001:0001bad6       ?getDataIndirectType@UnDecorator@@CA?AVDName@@XZ 1001cad6 f i libvcruntime:undname.obj
 0001:0001bb1d       ?getDataType@UnDecorator@@CA?AVDName@@PAV2@@Z 1001cb1d f   libvcruntime:undname.obj
 0001:0001bc23       ?getDecoratedName@UnDecorator@@CA?AVDName@@XZ 1001cc23 f   libvcruntime:undname.obj
 0001:0001bf02       ?getDimension@UnDecorator@@CA?AVDName@@_N@Z 1001cf02 f   libvcruntime:undname.obj
 0001:0001c086       ?getDispatchTarget@UnDecorator@@CA?AVDName@@XZ 1001d086 f   libvcruntime:undname.obj
 0001:0001c0f7       ?getDisplacement@UnDecorator@@CA?AVDName@@XZ 1001d0f7 f i libvcruntime:undname.obj
 0001:0001c110       ?getECSUDataType@UnDecorator@@CA?AVDName@@XZ 1001d110 f   libvcruntime:undname.obj
 0001:0001c274       ?getECSUName@UnDecorator@@CA?AVDName@@XZ 1001d274 f i libvcruntime:undname.obj
 0001:0001c289       ?getEnumType@UnDecorator@@CA?AVDName@@XZ 1001d289 f i libvcruntime:undname.obj
 0001:0001c3b0       ?getExtendedDataIndirectType@UnDecorator@@CA?AVDName@@AAPBDAA_NH@Z 1001d3b0 f   libvcruntime:undname.obj
 0001:0001c5c3       ?getExternalDataType@UnDecorator@@CA?AVDName@@ABV2@@Z 1001d5c3 f i libvcruntime:undname.obj
 0001:0001c65a       ?getFunctionIndirectType@UnDecorator@@CA?AVDName@@ABV2@@Z 1001d65a f   libvcruntime:undname.obj
 0001:0001cb65       ?getGuardNumber@UnDecorator@@CA?AVDName@@XZ 1001db65 f i libvcruntime:undname.obj
 0001:0001cb7e       ?getLastChar@DName@@QBEDXZ 1001db7e f i libvcruntime:undname.obj
 0001:0001cba4       ?getLastChar@DNameStatusNode@@UBEDXZ 1001dba4 f i libvcruntime:undname.obj
 0001:0001cbb3       ?getLastChar@charNode@@UBEDXZ 1001dbb3 f i libvcruntime:undname.obj
 0001:0001cbb7       ?getLastChar@pDNameNode@@UBEDXZ 1001dbb7 f i libvcruntime:undname.obj
 0001:0001cbc8       ?getLastChar@pairNode@@UBEDXZ 1001dbc8 f i libvcruntime:undname.obj
 0001:0001cc07       ?getLastChar@pcharNode@@UBEDXZ 1001dc07 f i libvcruntime:undname.obj
 0001:0001cc1d       ?getLexicalFrame@UnDecorator@@CA?AVDName@@XZ 1001dc1d f i libvcruntime:undname.obj
 0001:0001cc69       ?getMemory@_HeapManager@@QAEPAXIH@Z 1001dc69 f   libvcruntime:undname.obj
 0001:0001cd1a       ?getNumberOfDimensions@UnDecorator@@CAHXZ 1001dd1a f   libvcruntime:undname.obj
 0001:0001cd93       ?getOperatorName@UnDecorator@@CA?AVDName@@_NPA_N@Z 1001dd93 f i libvcruntime:undname.obj
 0001:0001d543       ?getPointerType@UnDecorator@@CA?AVDName@@ABV2@0@Z 1001e543 f i libvcruntime:undname.obj
 0001:0001d568       ?getPointerTypeArray@UnDecorator@@CA?AVDName@@ABV2@0@Z 1001e568 f i libvcruntime:undname.obj
 0001:0001d58d       ?getPrimaryDataType@UnDecorator@@CA?AVDName@@ABV2@@Z 1001e58d f   libvcruntime:undname.obj
 0001:0001d7fe       ?getPtrRefDataType@UnDecorator@@CA?AVDName@@ABV2@H@Z 1001e7fe f   libvcruntime:undname.obj
 0001:0001d940       ?getPtrRefType@UnDecorator@@CA?AVDName@@ABV2@0PBD@Z 1001e940 f   libvcruntime:undname.obj
 0001:0001da7b       ?getReferenceType@UnDecorator@@CA?AVDName@@ABV2@0PBD@Z 1001ea7b f i libvcruntime:undname.obj
 0001:0001da9e       ?getRestrictionSpec@UnDecorator@@CA?AVDName@@XZ 1001ea9e f   libvcruntime:undname.obj
 0001:0001dbcc       ?getReturnType@UnDecorator@@CA?AVDName@@PAV2@@Z 1001ebcc f   libvcruntime:undname.obj
 0001:0001dc06       ?getScope@UnDecorator@@CA?AVDName@@XZ 1001ec06 f   libvcruntime:undname.obj
 0001:0001e0db       ?getScopedName@UnDecorator@@CA?AVDName@@XZ 1001f0db f   libvcruntime:undname.obj
 0001:0001e214       ?getSignedDimension@UnDecorator@@CA?AVDName@@XZ 1001f214 f   libvcruntime:undname.obj
 0001:0001e27b       ?getStorageConvention@UnDecorator@@CA?AVDName@@XZ 1001f27b f i libvcruntime:undname.obj
 0001:0001e290       ?getString@DName@@QBEPADPAD0@Z 1001f290 f i libvcruntime:undname.obj
 0001:0001e2c7       ?getString@DName@@QBEPADPADH@Z 1001f2c7 f i libvcruntime:undname.obj
 0001:0001e332       ?getString@DNameStatusNode@@UBEPADPAD0@Z 1001f332 f i libvcruntime:undname.obj
 0001:0001e362       ?getString@charNode@@UBEPADPAD0@Z 1001f362 f i libvcruntime:undname.obj
 0001:0001e37c       ?getString@pDNameNode@@UBEPADPAD0@Z 1001f37c f i libvcruntime:undname.obj
 0001:0001e398       ?getString@pairNode@@UBEPADPAD0@Z 1001f398 f i libvcruntime:undname.obj
 0001:0001e3ed       ?getString@pcharNode@@UBEPADPAD0@Z 1001f3ed f i libvcruntime:undname.obj
 0001:0001e40e       ?getStringEncoding@UnDecorator@@CA?AVDName@@PADH@Z 1001f40e f   libvcruntime:undname.obj
 0001:0001e4d9       ?getStringHelper@@YAPADPAD00H@Z 1001f4d9 f i libvcruntime:undname.obj
 0001:0001e51d       ?getSymbolName@UnDecorator@@CA?AVDName@@XZ 1001f51d f i libvcruntime:undname.obj
 0001:0001e577       ?getTemplateArgumentList@UnDecorator@@CA?AVDName@@XZ 1001f577 f   libvcruntime:undname.obj
 0001:0001e8c4       ?getTemplateConstant@UnDecorator@@CA?AVDName@@XZ 1001f8c4 f   libvcruntime:undname.obj
 0001:0001ecd9       ?getTemplateName@UnDecorator@@CA?AVDName@@_N@Z 1001fcd9 f   libvcruntime:undname.obj
 0001:0001ee84       ?getThisType@UnDecorator@@CA?AVDName@@XZ 1001fe84 f i libvcruntime:undname.obj
 0001:0001eecc       ?getThrowTypes@UnDecorator@@CA?AVDName@@XZ 1001fecc f   libvcruntime:undname.obj
 0001:0001ef78       ?getTypeEncoding@UnDecorator@@CAHXZ 1001ff78 f i libvcruntime:undname.obj
 0001:0001f374       ?getVCallThunkType@UnDecorator@@CA?AVDName@@XZ 10020374 f i libvcruntime:undname.obj
 0001:0001f3bd       ?getVbTableType@UnDecorator@@CA?AVDName@@ABV2@@Z 100203bd f i libvcruntime:undname.obj
 0001:0001f3d7       ?getVdispMapType@UnDecorator@@CA?AVDName@@ABV2@@Z 100203d7 f i libvcruntime:undname.obj
 0001:0001f442       ?getVfTableType@UnDecorator@@CA?AVDName@@ABV2@@Z 10020442 f i libvcruntime:undname.obj
 0001:0001f600       ?getZName@UnDecorator@@CA?AVDName@@_N0@Z 10020600 f   libvcruntime:undname.obj
 0001:0001f8d0       ?haveTemplateParameters@UnDecorator@@SAHXZ 100208d0 f i libvcruntime:undname.obj
 0001:0001f8dd       ?isArray@DName@@QBEHXZ     100208dd f i libvcruntime:undname.obj
 0001:0001f8e9       ?isComArray@DName@@QBEHXZ  100208e9 f i libvcruntime:undname.obj
 0001:0001f8f5       ?isEmpty@DName@@QBEHXZ     100208f5 f i libvcruntime:undname.obj
 0001:0001f8ff       ?isFull@Replicator@@QBEHXZ 100208ff f i libvcruntime:undname.obj
 0001:0001f90a       ?isNoTE@DName@@QBEHXZ      1002090a f i libvcruntime:undname.obj
 0001:0001f916       ?isPinPtr@DName@@QBEHXZ    10020916 f i libvcruntime:undname.obj
 0001:0001f922       ?isPtrRef@DName@@QBEHXZ    10020922 f i libvcruntime:undname.obj
 0001:0001f92e       ?isUDC@DName@@QBEHXZ       1002092e f i libvcruntime:undname.obj
 0001:0001f943       ?isUDTThunk@DName@@QBEHXZ  10020943 f i libvcruntime:undname.obj
 0001:0001f958       ?isVCallThunk@DName@@QBEHXZ 10020958 f i libvcruntime:undname.obj
 0001:0001f964       ?isValid@DName@@QBEHXZ     10020964 f i libvcruntime:undname.obj
 0001:0001f970       ?length@DName@@QBEHXZ      10020970 f i libvcruntime:undname.obj
 0001:0001f995       ?length@DNameStatusNode@@UBEHXZ 10020995 f i libvcruntime:undname.obj
 0001:0001f999       ?length@charNode@@UBEHXZ   10020999 f i libvcruntime:undname.obj
 0001:0001f99d       ?length@pDNameNode@@UBEHXZ 1002099d f i libvcruntime:undname.obj
 0001:0001f9ae       ?length@pairNode@@UBEHXZ   100209ae f i libvcruntime:undname.obj
 0001:0001fa0a       ?length@pcharNode@@UBEHXZ  10020a0a f i libvcruntime:undname.obj
 0001:0001fa0e       ?make@DNameStatusNode@@SAPAV1@W4DNameStatus@@@Z 10020a0e f i libvcruntime:undname.obj
 0001:0001fab5       ?setIsArray@DName@@QAEXXZ  10020ab5 f i libvcruntime:undname.obj
 0001:0001fabf       ?setIsComArray@DName@@QAEXXZ 10020abf f i libvcruntime:undname.obj
 0001:0001fac9       ?setIsNoTE@DName@@QAEXXZ   10020ac9 f i libvcruntime:undname.obj
 0001:0001fad3       ?setIsPinPtr@DName@@QAEXXZ 10020ad3 f i libvcruntime:undname.obj
 0001:0001fadd       ?setIsUDC@DName@@QAEXXZ    10020add f i libvcruntime:undname.obj
 0001:0001faed       ?setIsVCallThunk@DName@@QAEXXZ 10020aed f i libvcruntime:undname.obj
 0001:0001faf7       ?setPtrRef@DName@@QAEAAV1@XZ 10020af7 f i libvcruntime:undname.obj
 0001:0001fb03       ?status@DName@@QBE?AW4DNameStatus@@XZ 10020b03 f i libvcruntime:undname.obj
 0001:0001fb88       ___unDName                 10020b88 f   libvcruntime:undname.obj
 0001:0001fc42       ___unDNameEx               10020c42 f   libvcruntime:undname.obj
 0001:0001fcfc       __vsprintf_s_l             10020cfc f i libvcruntime:undname.obj
 0001:0001fd34       _sprintf_s                 10020d34 f i libvcruntime:undname.obj
 0001:0001fd60       __global_unwind2           10020d60 f   libvcruntime:_exsup_.obj
 0001:0001fdc5       __local_unwind2            10020dc5 f   libvcruntime:_exsup_.obj
 0001:0001fe49       __abnormal_termination     10020e49 f   libvcruntime:_exsup_.obj
 0001:0001fe6c       __NLG_Notify1              10020e6c f   libvcruntime:_exsup_.obj
 0001:0001fe75       __NLG_Notify               10020e75 f   libvcruntime:_exsup_.obj
 0001:0001fe8c       __NLG_Dispatch2            10020e8c     libvcruntime:_exsup_.obj
 0001:0001fe8c       __NLG_Dispatch             10020e8c     libvcruntime:_exsup_.obj
 0001:0001fe94       __NLG_Call                 10020e94 f   libvcruntime:_exsup_.obj
 0001:0001fe96       __NLG_Return2              10020e96     libvcruntime:_exsup_.obj
 0001:0001fee4       ??$__crt_fast_decode_pointer@P6AXXZ@@YAP6AXXZQ6AXXZ@Z 10020ee4 f i libvcruntime:purevirt.obj
 0001:0001fefd       ??$__crt_interlocked_compare_exchange_pointer@$$A6AXXZ$$T$$T@@YAP6AXXZPDS6AXXZ$$T1@Z 10020efd f i libvcruntime:purevirt.obj
 0001:0001ff13       ??$__crt_interlocked_exchange_pointer@$$A6AXXZP6AXXZ@@YAP6AXXZPDS6AXXZQ6AXXZ@Z 10020f13 f i libvcruntime:purevirt.obj
 0001:0001ff23       ??$__crt_interlocked_read_pointer@$$A6AXXZ@@YAP6AXXZPDS6AXXZ@Z 10020f23 f i libvcruntime:purevirt.obj
 0001:0001ff37       __get_purecall_handler     10020f37 f   libvcruntime:purevirt.obj
 0001:0001ff5d       __purecall                 10020f5d f   libvcruntime:purevirt.obj
 0001:0001ff7e       __set_purecall_handler     10020f7e f   libvcruntime:purevirt.obj
 0001:0001ffac       _malloc                    10020fac f   libucrt:malloc.obj
 0001:0001ffb9       ??$?RPAU__crt_stdio_stream_data@@@__crt_internal_free_policy@@QBEXQBQAU__crt_stdio_stream_data@@@Z 10020fb9 f i libucrt:_file.obj
 0001:0001ffcf       ??0?$__crt_unique_heap_ptr@PAU__crt_stdio_stream_data@@U__crt_internal_free_policy@@@@QAE@QAPAU__crt_stdio_stream_data@@@Z 10020fcf f i libucrt:_file.obj
 0001:0001ffe3       ??0__crt_stdio_stream@@QAE@QAU_iobuf@@@Z 10020fe3 f i libucrt:_file.obj
 0001:0001fff7       ??1?$__crt_unique_heap_ptr@PAU__crt_stdio_stream_data@@U__crt_internal_free_policy@@@@QAE@XZ 10020ff7 f i libucrt:_file.obj
 0001:0002000d       ??C__crt_stdio_stream@@QBEPAU__crt_stdio_stream_data@@XZ 1002100d f i libucrt:_file.obj
 0001:00020010       ?detach@?$__crt_unique_heap_ptr@PAU__crt_stdio_stream_data@@U__crt_internal_free_policy@@@@QAEPAPAU__crt_stdio_stream_data@@XZ 10021010 f i libucrt:_file.obj
 0001:00020016       ?release@?$__crt_unique_heap_ptr@PAU__crt_stdio_stream_data@@U__crt_internal_free_policy@@@@QAEXXZ 10021016 f i libucrt:_file.obj
 0001:0002002c       ___acrt_initialize_stdio   1002102c f   libucrt:_file.obj
 0001:00020126       ___acrt_iob_func           10021126 f   libucrt:_file.obj
 0001:0002013a       ___acrt_uninitialize_stdio 1002113a f   libucrt:_file.obj
 0001:00020199       __get_stream_buffer_pointers 10021199 f   libucrt:_file.obj
 0001:000201f0       __lock_file                100211f0 f   libucrt:_file.obj
 0001:00020209       __unlock_file              10021209 f   libucrt:_file.obj
 0001:00020222       ??$?0ABV?$stream_output_adapter@D@__crt_stdio_output@@AB_KABQBDABQAU__crt_locale_pointers@@ABQAD@?$format_validation_base@DV?$stream_output_adapter@D@__crt_stdio_output@@@__crt_stdio_output@@IAE@ABV?$stream_output_adapter@D@1@AB_KABQBDABQAU__crt_locale_pointers@@ABQAD@Z 10021222 f i libucrt:output.obj
 0001:0002024d       ??$?0ABV?$stream_output_adapter@D@__crt_stdio_output@@AB_KABQBDABQAU__crt_locale_pointers@@ABQAD@?$positional_parameter_base@DV?$stream_output_adapter@D@__crt_stdio_output@@@__crt_stdio_output@@IAE@ABV?$stream_output_adapter@D@1@AB_KABQBDABQAU__crt_locale_pointers@@ABQAD@Z 1002124d f i libucrt:output.obj
 0001:000202a7       ??$?0ABV?$stream_output_adapter@D@__crt_stdio_output@@AB_KABQBDABQAU__crt_locale_pointers@@ABQAD@?$standard_base@DV?$stream_output_adapter@D@__crt_stdio_output@@@__crt_stdio_output@@IAE@ABV?$stream_output_adapter@D@1@AB_KABQBDABQAU__crt_locale_pointers@@ABQAD@Z 100212a7 f i libucrt:output.obj
 0001:000202e9       ??$?0ABV?$stream_output_adapter@_W@__crt_stdio_output@@AB_KABQB_WABQAU__crt_locale_pointers@@ABQAD@?$format_validation_base@_WV?$stream_output_adapter@_W@__crt_stdio_output@@@__crt_stdio_output@@IAE@ABV?$stream_output_adapter@_W@1@AB_KABQB_WABQAU__crt_locale_pointers@@ABQAD@Z 100212e9 f i libucrt:output.obj
 0001:00020314       ??$?0ABV?$stream_output_adapter@_W@__crt_stdio_output@@AB_KABQB_WABQAU__crt_locale_pointers@@ABQAD@?$positional_parameter_base@_WV?$stream_output_adapter@_W@__crt_stdio_output@@@__crt_stdio_output@@IAE@ABV?$stream_output_adapter@_W@1@AB_KABQB_WABQAU__crt_locale_pointers@@ABQAD@Z 10021314 f i libucrt:output.obj
 0001:0002036e       ??$?0ABV?$stream_output_adapter@_W@__crt_stdio_output@@AB_KABQB_WABQAU__crt_locale_pointers@@ABQAD@?$standard_base@_WV?$stream_output_adapter@_W@__crt_stdio_output@@@__crt_stdio_output@@IAE@ABV?$stream_output_adapter@_W@1@AB_KABQB_WABQAU__crt_locale_pointers@@ABQAD@Z 1002136e f i libucrt:output.obj
 0001:000203b0       ??$?0ABV?$string_output_adapter@D@__crt_stdio_output@@AB_KABQBDABQAU__crt_locale_pointers@@ABQAD@?$format_validation_base@DV?$string_output_adapter@D@__crt_stdio_output@@@__crt_stdio_output@@IAE@ABV?$string_output_adapter@D@1@AB_KABQBDABQAU__crt_locale_pointers@@ABQAD@Z 100213b0 f i libucrt:output.obj
 0001:000203db       ??$?0ABV?$string_output_adapter@D@__crt_stdio_output@@AB_KABQBDABQAU__crt_locale_pointers@@ABQAD@?$positional_parameter_base@DV?$string_output_adapter@D@__crt_stdio_output@@@__crt_stdio_output@@IAE@ABV?$string_output_adapter@D@1@AB_KABQBDABQAU__crt_locale_pointers@@ABQAD@Z 100213db f i libucrt:output.obj
 0001:00020435       ??$?0ABV?$string_output_adapter@D@__crt_stdio_output@@AB_KABQBDABQAU__crt_locale_pointers@@ABQAD@?$standard_base@DV?$string_output_adapter@D@__crt_stdio_output@@@__crt_stdio_output@@IAE@ABV?$string_output_adapter@D@1@AB_KABQBDABQAU__crt_locale_pointers@@ABQAD@Z 10021435 f i libucrt:output.obj
 0001:00020477       ??$?0ABV?$string_output_adapter@_W@__crt_stdio_output@@AB_KABQB_WABQAU__crt_locale_pointers@@ABQAD@?$format_validation_base@_WV?$string_output_adapter@_W@__crt_stdio_output@@@__crt_stdio_output@@IAE@ABV?$string_output_adapter@_W@1@AB_KABQB_WABQAU__crt_locale_pointers@@ABQAD@Z 10021477 f i libucrt:output.obj
 0001:000204a2       ??$?0ABV?$string_output_adapter@_W@__crt_stdio_output@@AB_KABQB_WABQAU__crt_locale_pointers@@ABQAD@?$positional_parameter_base@_WV?$string_output_adapter@_W@__crt_stdio_output@@@__crt_stdio_output@@IAE@ABV?$string_output_adapter@_W@1@AB_KABQB_WABQAU__crt_locale_pointers@@ABQAD@Z 100214a2 f i libucrt:output.obj
 0001:000204fc       ??$?0ABV?$string_output_adapter@_W@__crt_stdio_output@@AB_KABQB_WABQAU__crt_locale_pointers@@ABQAD@?$standard_base@_WV?$string_output_adapter@_W@__crt_stdio_output@@@__crt_stdio_output@@IAE@ABV?$string_output_adapter@_W@1@AB_KABQB_WABQAU__crt_locale_pointers@@ABQAD@Z 100214fc f i libucrt:output.obj
 0001:0002053e       ??$?RV<lambda_2293f24e3ce1ad6fe22ccfb9dec07671>@@AAV<lambda_2565fc715a641e539f44ad02d6823606>@@V<lambda_d3217f279b832965d9ca670dc2993570>@@@?$__crt_seh_guarded_call@H@@QAEH$$QAV<lambda_2293f24e3ce1ad6fe22ccfb9dec07671>@@AAV<lambda_2565fc715a641e539f44ad02d6823606>@@$$QAV<lambda_d3217f279b832965d9ca670dc2993570>@@@Z 1002153e f i libucrt:output.obj
 0001:000205a3       ??$?RV<lambda_4d4ac866be0fa3c441830420fabdd2cb>@@AAV<lambda_63a10c2dc8dbb9e4dd1890be52af7c93>@@V<lambda_002af9fa0f8fe472b648c51882d4fc32>@@@?$__crt_seh_guarded_call@H@@QAEH$$QAV<lambda_4d4ac866be0fa3c441830420fabdd2cb>@@AAV<lambda_63a10c2dc8dbb9e4dd1890be52af7c93>@@$$QAV<lambda_002af9fa0f8fe472b648c51882d4fc32>@@@Z 100215a3 f i libucrt:output.obj
 0001:00020608       ??$?RV<lambda_5be909dfbae0a631386585770cd7b676>@@AAV<lambda_e516058a9c289d98c8ca9fea99247804>@@V<lambda_afe2e0cdc5e0ecf6f0d6f5e2f8985e38>@@@?$__crt_seh_guarded_call@H@@QAEH$$QAV<lambda_5be909dfbae0a631386585770cd7b676>@@AAV<lambda_e516058a9c289d98c8ca9fea99247804>@@$$QAV<lambda_afe2e0cdc5e0ecf6f0d6f5e2f8985e38>@@@Z 10021608 f i libucrt:output.obj
 0001:0002066d       ??$?RV<lambda_823d65812123d985753d53e2a8c25d20>@@AAV<lambda_0a97c9e57da7be065955385c79108ff2>@@V<lambda_4d2973f3ad2d226f00468307185dca1b>@@@?$__crt_seh_guarded_call@H@@QAEH$$QAV<lambda_823d65812123d985753d53e2a8c25d20>@@AAV<lambda_0a97c9e57da7be065955385c79108ff2>@@$$QAV<lambda_4d2973f3ad2d226f00468307185dca1b>@@@Z 1002166d f i libucrt:output.obj
 0001:000206d2       ??$?RV<lambda_ab9923ffb5d694ec0d78876dd103e44f>@@AAV<lambda_481dd5778c961fbcd3b60b650e9b9dc4>@@V<lambda_7923d86c9e3f319b415918ec4b39749c>@@@?$__crt_seh_guarded_call@H@@QAEH$$QAV<lambda_ab9923ffb5d694ec0d78876dd103e44f>@@AAV<lambda_481dd5778c961fbcd3b60b650e9b9dc4>@@$$QAV<lambda_7923d86c9e3f319b415918ec4b39749c>@@@Z 100216d2 f i libucrt:output.obj
 0001:00020737       ??$?RV<lambda_db08b09ef7aa9d4f8620ce68402612bc>@@AAV<lambda_4f2c1eaeead2a5fc776db5b62ea0fb9b>@@V<lambda_3ae262bc35d4ba6a3825c4f6bcaaf95c>@@@?$__crt_seh_guarded_call@H@@QAEH$$QAV<lambda_db08b09ef7aa9d4f8620ce68402612bc>@@AAV<lambda_4f2c1eaeead2a5fc776db5b62ea0fb9b>@@$$QAV<lambda_3ae262bc35d4ba6a3825c4f6bcaaf95c>@@@Z 10021737 f i libucrt:output.obj
 0001:0002079c       ??$__acrt_lock_stream_and_call@V<lambda_0a97c9e57da7be065955385c79108ff2>@@@@YAHQAU_iobuf@@$$QAV<lambda_0a97c9e57da7be065955385c79108ff2>@@@Z 1002179c f i libucrt:output.obj
 0001:000207ce       ??$__acrt_lock_stream_and_call@V<lambda_2565fc715a641e539f44ad02d6823606>@@@@YAHQAU_iobuf@@$$QAV<lambda_2565fc715a641e539f44ad02d6823606>@@@Z 100217ce f i libucrt:output.obj
 0001:00020800       ??$__acrt_lock_stream_and_call@V<lambda_481dd5778c961fbcd3b60b650e9b9dc4>@@@@YAHQAU_iobuf@@$$QAV<lambda_481dd5778c961fbcd3b60b650e9b9dc4>@@@Z 10021800 f i libucrt:output.obj
 0001:00020832       ??$__acrt_lock_stream_and_call@V<lambda_4f2c1eaeead2a5fc776db5b62ea0fb9b>@@@@YAHQAU_iobuf@@$$QAV<lambda_4f2c1eaeead2a5fc776db5b62ea0fb9b>@@@Z 10021832 f i libucrt:output.obj
 0001:00020864       ??$__acrt_lock_stream_and_call@V<lambda_63a10c2dc8dbb9e4dd1890be52af7c93>@@@@YAHQAU_iobuf@@$$QAV<lambda_63a10c2dc8dbb9e4dd1890be52af7c93>@@@Z 10021864 f i libucrt:output.obj
 0001:00020896       ??$__acrt_lock_stream_and_call@V<lambda_e516058a9c289d98c8ca9fea99247804>@@@@YAHQAU_iobuf@@$$QAV<lambda_e516058a9c289d98c8ca9fea99247804>@@@Z 10021896 f i libucrt:output.obj
 0001:000208c8       ??$__crt_interlocked_read@J@@YAJPDJ@Z 100218c8 f i libucrt:output.obj
 0001:00021b13       ??$count@D@formatting_buffer@__crt_stdio_output@@QBEIXZ 10022b13 f i libucrt:output.obj
 0001:00021b31       ??$data@D@formatting_buffer@__crt_stdio_output@@QAEPADXZ 10022b31 f i libucrt:output.obj
 0001:00021b41       ??$data@_W@formatting_buffer@__crt_stdio_output@@QAEPA_WXZ 10022b41 f i libucrt:output.obj
 0001:00021b51       ??$ensure_buffer_is_big_enough@D@formatting_buffer@__crt_stdio_output@@QAE_NI@Z 10022b51 f i libucrt:output.obj
 0001:00021bf8       ??$extract_argument_from_va_list@C_J@?$positional_parameter_base@DV?$stream_output_adapter@D@__crt_stdio_output@@@__crt_stdio_output@@IAE_NAA_J@Z 10022bf8 f i libucrt:output.obj
 0001:00021c96       ??$extract_argument_from_va_list@C_J@?$positional_parameter_base@DV?$string_output_adapter@D@__crt_stdio_output@@@__crt_stdio_output@@IAE_NAA_J@Z 10022c96 f i libucrt:output.obj
 0001:00021d34       ??$extract_argument_from_va_list@C_J@?$positional_parameter_base@_WV?$stream_output_adapter@_W@__crt_stdio_output@@@__crt_stdio_output@@IAE_NAA_J@Z 10022d34 f i libucrt:output.obj
 0001:00021dd2       ??$extract_argument_from_va_list@C_J@?$positional_parameter_base@_WV?$string_output_adapter@_W@__crt_stdio_output@@@__crt_stdio_output@@IAE_NAA_J@Z 10022dd2 f i libucrt:output.obj
 0001:00021e70       ??$extract_argument_from_va_list@C_J@?$standard_base@DV?$stream_output_adapter@D@__crt_stdio_output@@@__crt_stdio_output@@IAE_NAA_J@Z 10022e70 f i libucrt:output.obj
 0001:00021e96       ??$extract_argument_from_va_list@C_J@?$standard_base@DV?$string_output_adapter@D@__crt_stdio_output@@@__crt_stdio_output@@IAE_NAA_J@Z 10022e96 f i libucrt:output.obj
 0001:00021ebc       ??$extract_argument_from_va_list@C_J@?$standard_base@_WV?$stream_output_adapter@_W@__crt_stdio_output@@@__crt_stdio_output@@IAE_NAA_J@Z 10022ebc f i libucrt:output.obj
 0001:00021ee2       ??$extract_argument_from_va_list@C_J@?$standard_base@_WV?$string_output_adapter@_W@__crt_stdio_output@@@__crt_stdio_output@@IAE_NAA_J@Z 10022ee2 f i libucrt:output.obj
 0001:00021f08       ??$extract_argument_from_va_list@E_J@?$positional_parameter_base@DV?$stream_output_adapter@D@__crt_stdio_output@@@__crt_stdio_output@@IAE_NAA_J@Z 10022f08 f i libucrt:output.obj
 0001:00021fa6       ??$extract_argument_from_va_list@E_J@?$positional_parameter_base@DV?$string_output_adapter@D@__crt_stdio_output@@@__crt_stdio_output@@IAE_NAA_J@Z 10022fa6 f i libucrt:output.obj
 0001:00022044       ??$extract_argument_from_va_list@E_J@?$positional_parameter_base@_WV?$stream_output_adapter@_W@__crt_stdio_output@@@__crt_stdio_output@@IAE_NAA_J@Z 10023044 f i libucrt:output.obj
 0001:000220e2       ??$extract_argument_from_va_list@E_J@?$positional_parameter_base@_WV?$string_output_adapter@_W@__crt_stdio_output@@@__crt_stdio_output@@IAE_NAA_J@Z 100230e2 f i libucrt:output.obj
 0001:00022180       ??$extract_argument_from_va_list@E_J@?$standard_base@DV?$stream_output_adapter@D@__crt_stdio_output@@@__crt_stdio_output@@IAE_NAA_J@Z 10023180 f i libucrt:output.obj
 0001:000221a6       ??$extract_argument_from_va_list@E_J@?$standard_base@DV?$string_output_adapter@D@__crt_stdio_output@@@__crt_stdio_output@@IAE_NAA_J@Z 100231a6 f i libucrt:output.obj
 0001:000221cc       ??$extract_argument_from_va_list@E_J@?$standard_base@_WV?$stream_output_adapter@_W@__crt_stdio_output@@@__crt_stdio_output@@IAE_NAA_J@Z 100231cc f i libucrt:output.obj
 0001:000221f2       ??$extract_argument_from_va_list@E_J@?$standard_base@_WV?$string_output_adapter@_W@__crt_stdio_output@@@__crt_stdio_output@@IAE_NAA_J@Z 100231f2 f i libucrt:output.obj
 0001:00022218       ??$extract_argument_from_va_list@F_J@?$positional_parameter_base@DV?$stream_output_adapter@D@__crt_stdio_output@@@__crt_stdio_output@@IAE_NAA_J@Z 10023218 f i libucrt:output.obj
 0001:000222b6       ??$extract_argument_from_va_list@F_J@?$positional_parameter_base@DV?$string_output_adapter@D@__crt_stdio_output@@@__crt_stdio_output@@IAE_NAA_J@Z 100232b6 f i libucrt:output.obj
 0001:00022354       ??$extract_argument_from_va_list@F_J@?$positional_parameter_base@_WV?$stream_output_adapter@_W@__crt_stdio_output@@@__crt_stdio_output@@IAE_NAA_J@Z 10023354 f i libucrt:output.obj
 0001:000223f2       ??$extract_argument_from_va_list@F_J@?$positional_parameter_base@_WV?$string_output_adapter@_W@__crt_stdio_output@@@__crt_stdio_output@@IAE_NAA_J@Z 100233f2 f i libucrt:output.obj
 0001:00022490       ??$extract_argument_from_va_list@F_J@?$standard_base@DV?$stream_output_adapter@D@__crt_stdio_output@@@__crt_stdio_output@@IAE_NAA_J@Z 10023490 f i libucrt:output.obj
 0001:000224b6       ??$extract_argument_from_va_list@F_J@?$standard_base@DV?$string_output_adapter@D@__crt_stdio_output@@@__crt_stdio_output@@IAE_NAA_J@Z 100234b6 f i libucrt:output.obj
 0001:000224dc       ??$extract_argument_from_va_list@F_J@?$standard_base@_WV?$stream_output_adapter@_W@__crt_stdio_output@@@__crt_stdio_output@@IAE_NAA_J@Z 100234dc f i libucrt:output.obj
 0001:00022502       ??$extract_argument_from_va_list@F_J@?$standard_base@_WV?$string_output_adapter@_W@__crt_stdio_output@@@__crt_stdio_output@@IAE_NAA_J@Z 10023502 f i libucrt:output.obj
 0001:00022528       ??$extract_argument_from_va_list@GD@?$positional_parameter_base@DV?$stream_output_adapter@D@__crt_stdio_output@@@__crt_stdio_output@@IAE_NAAD@Z 10023528 f i libucrt:output.obj
 0001:000225c5       ??$extract_argument_from_va_list@GD@?$positional_parameter_base@DV?$string_output_adapter@D@__crt_stdio_output@@@__crt_stdio_output@@IAE_NAAD@Z 100235c5 f i libucrt:output.obj
 0001:00022662       ??$extract_argument_from_va_list@GD@?$standard_base@DV?$stream_output_adapter@D@__crt_stdio_output@@@__crt_stdio_output@@IAE_NAAD@Z 10023662 f i libucrt:output.obj
 0001:00022682       ??$extract_argument_from_va_list@GD@?$standard_base@DV?$string_output_adapter@D@__crt_stdio_output@@@__crt_stdio_output@@IAE_NAAD@Z 10023682 f i libucrt:output.obj
 0001:000226a2       ??$extract_argument_from_va_list@G_J@?$positional_parameter_base@DV?$stream_output_adapter@D@__crt_stdio_output@@@__crt_stdio_output@@IAE_NAA_J@Z 100236a2 f i libucrt:output.obj
 0001:00022740       ??$extract_argument_from_va_list@G_J@?$positional_parameter_base@DV?$string_output_adapter@D@__crt_stdio_output@@@__crt_stdio_output@@IAE_NAA_J@Z 10023740 f i libucrt:output.obj
 0001:000227de       ??$extract_argument_from_va_list@G_J@?$positional_parameter_base@_WV?$stream_output_adapter@_W@__crt_stdio_output@@@__crt_stdio_output@@IAE_NAA_J@Z 100237de f i libucrt:output.obj
 0001:0002287c       ??$extract_argument_from_va_list@G_J@?$positional_parameter_base@_WV?$string_output_adapter@_W@__crt_stdio_output@@@__crt_stdio_output@@IAE_NAA_J@Z 1002387c f i libucrt:output.obj
 0001:0002291a       ??$extract_argument_from_va_list@G_J@?$standard_base@DV?$stream_output_adapter@D@__crt_stdio_output@@@__crt_stdio_output@@IAE_NAA_J@Z 1002391a f i libucrt:output.obj
 0001:00022940       ??$extract_argument_from_va_list@G_J@?$standard_base@DV?$string_output_adapter@D@__crt_stdio_output@@@__crt_stdio_output@@IAE_NAA_J@Z 10023940 f i libucrt:output.obj
 0001:00022966       ??$extract_argument_from_va_list@G_J@?$standard_base@_WV?$stream_output_adapter@_W@__crt_stdio_output@@@__crt_stdio_output@@IAE_NAA_J@Z 10023966 f i libucrt:output.obj
 0001:0002298c       ??$extract_argument_from_va_list@G_J@?$standard_base@_WV?$string_output_adapter@_W@__crt_stdio_output@@@__crt_stdio_output@@IAE_NAA_J@Z 1002398c f i libucrt:output.obj
 0001:000229b2       ??$extract_argument_from_va_list@H_J@?$positional_parameter_base@DV?$stream_output_adapter@D@__crt_stdio_output@@@__crt_stdio_output@@IAE_NAA_J@Z 100239b2 f i libucrt:output.obj
 0001:00022a4e       ??$extract_argument_from_va_list@H_J@?$positional_parameter_base@DV?$string_output_adapter@D@__crt_stdio_output@@@__crt_stdio_output@@IAE_NAA_J@Z 10023a4e f i libucrt:output.obj
 0001:00022aea       ??$extract_argument_from_va_list@H_J@?$positional_parameter_base@_WV?$stream_output_adapter@_W@__crt_stdio_output@@@__crt_stdio_output@@IAE_NAA_J@Z 10023aea f i libucrt:output.obj
 0001:00022b86       ??$extract_argument_from_va_list@H_J@?$positional_parameter_base@_WV?$string_output_adapter@_W@__crt_stdio_output@@@__crt_stdio_output@@IAE_NAA_J@Z 10023b86 f i libucrt:output.obj
 0001:00022c22       ??$extract_argument_from_va_list@H_J@?$standard_base@DV?$stream_output_adapter@D@__crt_stdio_output@@@__crt_stdio_output@@IAE_NAA_J@Z 10023c22 f i libucrt:output.obj
 0001:00022c47       ??$extract_argument_from_va_list@H_J@?$standard_base@DV?$string_output_adapter@D@__crt_stdio_output@@@__crt_stdio_output@@IAE_NAA_J@Z 10023c47 f i libucrt:output.obj
 0001:00022c6c       ??$extract_argument_from_va_list@H_J@?$standard_base@_WV?$stream_output_adapter@_W@__crt_stdio_output@@@__crt_stdio_output@@IAE_NAA_J@Z 10023c6c f i libucrt:output.obj
 0001:00022c91       ??$extract_argument_from_va_list@H_J@?$standard_base@_WV?$string_output_adapter@_W@__crt_stdio_output@@@__crt_stdio_output@@IAE_NAA_J@Z 10023c91 f i libucrt:output.obj
 0001:00022cb6       ??$extract_argument_from_va_list@I_J@?$positional_parameter_base@DV?$stream_output_adapter@D@__crt_stdio_output@@@__crt_stdio_output@@IAE_NAA_J@Z 10023cb6 f i libucrt:output.obj
 0001:00022d5d       ??$extract_argument_from_va_list@I_J@?$positional_parameter_base@DV?$string_output_adapter@D@__crt_stdio_output@@@__crt_stdio_output@@IAE_NAA_J@Z 10023d5d f i libucrt:output.obj
 0001:00022e04       ??$extract_argument_from_va_list@I_J@?$positional_parameter_base@_WV?$stream_output_adapter@_W@__crt_stdio_output@@@__crt_stdio_output@@IAE_NAA_J@Z 10023e04 f i libucrt:output.obj
 0001:00022eab       ??$extract_argument_from_va_list@I_J@?$positional_parameter_base@_WV?$string_output_adapter@_W@__crt_stdio_output@@@__crt_stdio_output@@IAE_NAA_J@Z 10023eab f i libucrt:output.obj
 0001:00022f52       ??$extract_argument_from_va_list@I_J@?$standard_base@DV?$stream_output_adapter@D@__crt_stdio_output@@@__crt_stdio_output@@IAE_NAA_J@Z 10023f52 f i libucrt:output.obj
 0001:00022f77       ??$extract_argument_from_va_list@I_J@?$standard_base@DV?$string_output_adapter@D@__crt_stdio_output@@@__crt_stdio_output@@IAE_NAA_J@Z 10023f77 f i libucrt:output.obj
 0001:00022f9c       ??$extract_argument_from_va_list@I_J@?$standard_base@_WV?$stream_output_adapter@_W@__crt_stdio_output@@@__crt_stdio_output@@IAE_NAA_J@Z 10023f9c f i libucrt:output.obj
 0001:00022fc1       ??$extract_argument_from_va_list@I_J@?$standard_base@_WV?$string_output_adapter@_W@__crt_stdio_output@@@__crt_stdio_output@@IAE_NAA_J@Z 10023fc1 f i libucrt:output.obj
 0001:00022fe6       ??$extract_argument_from_va_list@PADPAD@?$positional_parameter_base@DV?$stream_output_adapter@D@__crt_stdio_output@@@__crt_stdio_output@@IAE_NAAPAD@Z 10023fe6 f i libucrt:output.obj
 0001:00023083       ??$extract_argument_from_va_list@PADPAD@?$positional_parameter_base@DV?$string_output_adapter@D@__crt_stdio_output@@@__crt_stdio_output@@IAE_NAAPAD@Z 10024083 f i libucrt:output.obj
 0001:00023120       ??$extract_argument_from_va_list@PADPAD@?$positional_parameter_base@_WV?$stream_output_adapter@_W@__crt_stdio_output@@@__crt_stdio_output@@IAE_NAAPAD@Z 10024120 f i libucrt:output.obj
 0001:000231bd       ??$extract_argument_from_va_list@PADPAD@?$positional_parameter_base@_WV?$string_output_adapter@_W@__crt_stdio_output@@@__crt_stdio_output@@IAE_NAAPAD@Z 100241bd f i libucrt:output.obj
 0001:0002325a       ??$extract_argument_from_va_list@PADPAD@?$standard_base@DV?$stream_output_adapter@D@__crt_stdio_output@@@__crt_stdio_output@@IAE_NAAPAD@Z 1002425a f i libucrt:output.obj
 0001:0002327a       ??$extract_argument_from_va_list@PADPAD@?$standard_base@DV?$string_output_adapter@D@__crt_stdio_output@@@__crt_stdio_output@@IAE_NAAPAD@Z 1002427a f i libucrt:output.obj
 0001:0002329a       ??$extract_argument_from_va_list@PADPAD@?$standard_base@_WV?$stream_output_adapter@_W@__crt_stdio_output@@@__crt_stdio_output@@IAE_NAAPAD@Z 1002429a f i libucrt:output.obj
 0001:000232ba       ??$extract_argument_from_va_list@PADPAD@?$standard_base@_WV?$string_output_adapter@_W@__crt_stdio_output@@@__crt_stdio_output@@IAE_NAAPAD@Z 100242ba f i libucrt:output.obj
 0001:000232da       ??$extract_argument_from_va_list@PAUansi_string@?1??type_case_Z@?$output_processor@DV?$stream_output_adapter@D@__crt_stdio_output@@V?$format_validation_base@DV?$stream_output_adapter@D@__crt_stdio_output@@@2@@__crt_stdio_output@@AAE_NXZ@PAU1?1??234@AAE_NXZ@@?$standard_base@DV?$stream_output_adapter@D@__crt_stdio_output@@@__crt_stdio_output@@IAE_NAAPAUansi_string@?1??type_case_Z@?$output_processor@DV?$stream_output_adapter@D@__crt_stdio_output@@V?$format_validation_base@DV?$stream_output_adapter@D@__crt_stdio_output@@@2@@1@AAE_NXZ@@Z 100242da f i libucrt:output.obj
 0001:000232fa       ??$extract_argument_from_va_list@PAUansi_string@?1??type_case_Z@?$output_processor@DV?$stream_output_adapter@D@__crt_stdio_output@@V?$positional_parameter_base@DV?$stream_output_adapter@D@__crt_stdio_output@@@2@@__crt_stdio_output@@AAE_NXZ@PAU1?1??234@AAE_NXZ@@?$positional_parameter_base@DV?$stream_output_adapter@D@__crt_stdio_output@@@__crt_stdio_output@@IAE_NAAPAUansi_string@?1??type_case_Z@?$output_processor@DV?$stream_output_adapter@D@__crt_stdio_output@@V?$positional_parameter_base@DV?$stream_output_adapter@D@__crt_stdio_output@@@2@@1@AAE_NXZ@@Z 100242fa f i libucrt:output.obj
 0001:00023397       ??$extract_argument_from_va_list@PAUansi_string@?1??type_case_Z@?$output_processor@DV?$stream_output_adapter@D@__crt_stdio_output@@V?$positional_parameter_base@DV?$stream_output_adapter@D@__crt_stdio_output@@@2@@__crt_stdio_output@@AAE_NXZ@PAU1?1??234@AAE_NXZ@@?$standard_base@DV?$stream_output_adapter@D@__crt_stdio_output@@@__crt_stdio_output@@IAE_NAAPAUansi_string@?1??type_case_Z@?$output_processor@DV?$stream_output_adapter@D@__crt_stdio_output@@V?$positional_parameter_base@DV?$stream_output_adapter@D@__crt_stdio_output@@@2@@1@AAE_NXZ@@Z 10024397 f i libucrt:output.obj
 0001:000233b7       ??$extract_argument_from_va_list@PAUansi_string@?1??type_case_Z@?$output_processor@DV?$stream_output_adapter@D@__crt_stdio_output@@V?$standard_base@DV?$stream_output_adapter@D@__crt_stdio_output@@@2@@__crt_stdio_output@@AAE_NXZ@PAU1?1??234@AAE_NXZ@@?$standard_base@DV?$stream_output_adapter@D@__crt_stdio_output@@@__crt_stdio_output@@IAE_NAAPAUansi_string@?1??type_case_Z@?$output_processor@DV?$stream_output_adapter@D@__crt_stdio_output@@V?$standard_base@DV?$stream_output_adapter@D@__crt_stdio_output@@@2@@1@AAE_NXZ@@Z 100243b7 f i libucrt:output.obj
 0001:000233d7       ??$extract_argument_from_va_list@PAUansi_string@?1??type_case_Z@?$output_processor@DV?$string_output_adapter@D@__crt_stdio_output@@V?$format_validation_base@DV?$string_output_adapter@D@__crt_stdio_output@@@2@@__crt_stdio_output@@AAE_NXZ@PAU1?1??234@AAE_NXZ@@?$standard_base@DV?$string_output_adapter@D@__crt_stdio_output@@@__crt_stdio_output@@IAE_NAAPAUansi_string@?1??type_case_Z@?$output_processor@DV?$string_output_adapter@D@__crt_stdio_output@@V?$format_validation_base@DV?$string_output_adapter@D@__crt_stdio_output@@@2@@1@AAE_NXZ@@Z 100243d7 f i libucrt:output.obj
 0001:000233f7       ??$extract_argument_from_va_list@PAUansi_string@?1??type_case_Z@?$output_processor@DV?$string_output_adapter@D@__crt_stdio_output@@V?$positional_parameter_base@DV?$string_output_adapter@D@__crt_stdio_output@@@2@@__crt_stdio_output@@AAE_NXZ@PAU1?1??234@AAE_NXZ@@?$positional_parameter_base@DV?$string_output_adapter@D@__crt_stdio_output@@@__crt_stdio_output@@IAE_NAAPAUansi_string@?1??type_case_Z@?$output_processor@DV?$string_output_adapter@D@__crt_stdio_output@@V?$positional_parameter_base@DV?$string_output_adapter@D@__crt_stdio_output@@@2@@1@AAE_NXZ@@Z 100243f7 f i libucrt:output.obj
 0001:00023494       ??$extract_argument_from_va_list@PAUansi_string@?1??type_case_Z@?$output_processor@DV?$string_output_adapter@D@__crt_stdio_output@@V?$positional_parameter_base@DV?$string_output_adapter@D@__crt_stdio_output@@@2@@__crt_stdio_output@@AAE_NXZ@PAU1?1??234@AAE_NXZ@@?$standard_base@DV?$string_output_adapter@D@__crt_stdio_output@@@__crt_stdio_output@@IAE_NAAPAUansi_string@?1??type_case_Z@?$output_processor@DV?$string_output_adapter@D@__crt_stdio_output@@V?$positional_parameter_base@DV?$string_output_adapter@D@__crt_stdio_output@@@2@@1@AAE_NXZ@@Z 10024494 f i libucrt:output.obj
 0001:000234b4       ??$extract_argument_from_va_list@PAUansi_string@?1??type_case_Z@?$output_processor@DV?$string_output_adapter@D@__crt_stdio_output@@V?$standard_base@DV?$string_output_adapter@D@__crt_stdio_output@@@2@@__crt_stdio_output@@AAE_NXZ@PAU1?1??234@AAE_NXZ@@?$standard_base@DV?$string_output_adapter@D@__crt_stdio_output@@@__crt_stdio_output@@IAE_NAAPAUansi_string@?1??type_case_Z@?$output_processor@DV?$string_output_adapter@D@__crt_stdio_output@@V?$standard_base@DV?$string_output_adapter@D@__crt_stdio_output@@@2@@1@AAE_NXZ@@Z 100244b4 f i libucrt:output.obj
 0001:000234d4       ??$extract_argument_from_va_list@PAUansi_string@?1??type_case_Z@?$output_processor@_WV?$stream_output_adapter@_W@__crt_stdio_output@@V?$format_validation_base@_WV?$stream_output_adapter@_W@__crt_stdio_output@@@2@@__crt_stdio_output@@AAE_NXZ@PAU1?1??234@AAE_NXZ@@?$standard_base@_WV?$stream_output_adapter@_W@__crt_stdio_output@@@__crt_stdio_output@@IAE_NAAPAUansi_string@?1??type_case_Z@?$output_processor@_WV?$stream_output_adapter@_W@__crt_stdio_output@@V?$format_validation_base@_WV?$stream_output_adapter@_W@__crt_stdio_output@@@2@@1@AAE_NXZ@@Z 100244d4 f i libucrt:output.obj
 0001:000234f4       ??$extract_argument_from_va_list@PAUansi_string@?1??type_case_Z@?$output_processor@_WV?$stream_output_adapter@_W@__crt_stdio_output@@V?$positional_parameter_base@_WV?$stream_output_adapter@_W@__crt_stdio_output@@@2@@__crt_stdio_output@@AAE_NXZ@PAU1?1??234@AAE_NXZ@@?$positional_parameter_base@_WV?$stream_output_adapter@_W@__crt_stdio_output@@@__crt_stdio_output@@IAE_NAAPAUansi_string@?1??type_case_Z@?$output_processor@_WV?$stream_output_adapter@_W@__crt_stdio_output@@V?$positional_parameter_base@_WV?$stream_output_adapter@_W@__crt_stdio_output@@@2@@1@AAE_NXZ@@Z 100244f4 f i libucrt:output.obj
 0001:00023591       ??$extract_argument_from_va_list@PAUansi_string@?1??type_case_Z@?$output_processor@_WV?$stream_output_adapter@_W@__crt_stdio_output@@V?$positional_parameter_base@_WV?$stream_output_adapter@_W@__crt_stdio_output@@@2@@__crt_stdio_output@@AAE_NXZ@PAU1?1??234@AAE_NXZ@@?$standard_base@_WV?$stream_output_adapter@_W@__crt_stdio_output@@@__crt_stdio_output@@IAE_NAAPAUansi_string@?1??type_case_Z@?$output_processor@_WV?$stream_output_adapter@_W@__crt_stdio_output@@V?$positional_parameter_base@_WV?$stream_output_adapter@_W@__crt_stdio_output@@@2@@1@AAE_NXZ@@Z 10024591 f i libucrt:output.obj
 0001:000235b1       ??$extract_argument_from_va_list@PAUansi_string@?1??type_case_Z@?$output_processor@_WV?$stream_output_adapter@_W@__crt_stdio_output@@V?$standard_base@_WV?$stream_output_adapter@_W@__crt_stdio_output@@@2@@__crt_stdio_output@@AAE_NXZ@PAU1?1??234@AAE_NXZ@@?$standard_base@_WV?$stream_output_adapter@_W@__crt_stdio_output@@@__crt_stdio_output@@IAE_NAAPAUansi_string@?1??type_case_Z@?$output_processor@_WV?$stream_output_adapter@_W@__crt_stdio_output@@V?$standard_base@_WV?$stream_output_adapter@_W@__crt_stdio_output@@@2@@1@AAE_NXZ@@Z 100245b1 f i libucrt:output.obj
 0001:000235d1       ??$extract_argument_from_va_list@PAUansi_string@?1??type_case_Z@?$output_processor@_WV?$string_output_adapter@_W@__crt_stdio_output@@V?$format_validation_base@_WV?$string_output_adapter@_W@__crt_stdio_output@@@2@@__crt_stdio_output@@AAE_NXZ@PAU1?1??234@AAE_NXZ@@?$standard_base@_WV?$string_output_adapter@_W@__crt_stdio_output@@@__crt_stdio_output@@IAE_NAAPAUansi_string@?1??type_case_Z@?$output_processor@_WV?$string_output_adapter@_W@__crt_stdio_output@@V?$format_validation_base@_WV?$string_output_adapter@_W@__crt_stdio_output@@@2@@1@AAE_NXZ@@Z 100245d1 f i libucrt:output.obj
 0001:000235f1       ??$extract_argument_from_va_list@PAUansi_string@?1??type_case_Z@?$output_processor@_WV?$string_output_adapter@_W@__crt_stdio_output@@V?$positional_parameter_base@_WV?$string_output_adapter@_W@__crt_stdio_output@@@2@@__crt_stdio_output@@AAE_NXZ@PAU1?1??234@AAE_NXZ@@?$positional_parameter_base@_WV?$string_output_adapter@_W@__crt_stdio_output@@@__crt_stdio_output@@IAE_NAAPAUansi_string@?1??type_case_Z@?$output_processor@_WV?$string_output_adapter@_W@__crt_stdio_output@@V?$positional_parameter_base@_WV?$string_output_adapter@_W@__crt_stdio_output@@@2@@1@AAE_NXZ@@Z 100245f1 f i libucrt:output.obj
 0001:0002368e       ??$extract_argument_from_va_list@PAUansi_string@?1??type_case_Z@?$output_processor@_WV?$string_output_adapter@_W@__crt_stdio_output@@V?$positional_parameter_base@_WV?$string_output_adapter@_W@__crt_stdio_output@@@2@@__crt_stdio_output@@AAE_NXZ@PAU1?1??234@AAE_NXZ@@?$standard_base@_WV?$string_output_adapter@_W@__crt_stdio_output@@@__crt_stdio_output@@IAE_NAAPAUansi_string@?1??type_case_Z@?$output_processor@_WV?$string_output_adapter@_W@__crt_stdio_output@@V?$positional_parameter_base@_WV?$string_output_adapter@_W@__crt_stdio_output@@@2@@1@AAE_NXZ@@Z 1002468e f i libucrt:output.obj
 0001:000236ae       ??$extract_argument_from_va_list@PAUansi_string@?1??type_case_Z@?$output_processor@_WV?$string_output_adapter@_W@__crt_stdio_output@@V?$standard_base@_WV?$string_output_adapter@_W@__crt_stdio_output@@@2@@__crt_stdio_output@@AAE_NXZ@PAU1?1??234@AAE_NXZ@@?$standard_base@_WV?$string_output_adapter@_W@__crt_stdio_output@@@__crt_stdio_output@@IAE_NAAPAUansi_string@?1??type_case_Z@?$output_processor@_WV?$string_output_adapter@_W@__crt_stdio_output@@V?$standard_base@_WV?$string_output_adapter@_W@__crt_stdio_output@@@2@@1@AAE_NXZ@@Z 100246ae f i libucrt:output.obj
 0001:000236ce       ??$extract_argument_from_va_list@PAXPAX@?$positional_parameter_base@DV?$stream_output_adapter@D@__crt_stdio_output@@@__crt_stdio_output@@IAE_NAAPAX@Z 100246ce f i libucrt:output.obj
 0001:0002376b       ??$extract_argument_from_va_list@PAXPAX@?$positional_parameter_base@DV?$string_output_adapter@D@__crt_stdio_output@@@__crt_stdio_output@@IAE_NAAPAX@Z 1002476b f i libucrt:output.obj
 0001:00023808       ??$extract_argument_from_va_list@PAXPAX@?$positional_parameter_base@_WV?$stream_output_adapter@_W@__crt_stdio_output@@@__crt_stdio_output@@IAE_NAAPAX@Z 10024808 f i libucrt:output.obj
 0001:000238a5       ??$extract_argument_from_va_list@PAXPAX@?$positional_parameter_base@_WV?$string_output_adapter@_W@__crt_stdio_output@@@__crt_stdio_output@@IAE_NAAPAX@Z 100248a5 f i libucrt:output.obj
 0001:00023942       ??$extract_argument_from_va_list@PAXPAX@?$standard_base@DV?$stream_output_adapter@D@__crt_stdio_output@@@__crt_stdio_output@@IAE_NAAPAX@Z 10024942 f i libucrt:output.obj
 0001:00023962       ??$extract_argument_from_va_list@PAXPAX@?$standard_base@DV?$string_output_adapter@D@__crt_stdio_output@@@__crt_stdio_output@@IAE_NAAPAX@Z 10024962 f i libucrt:output.obj
 0001:00023982       ??$extract_argument_from_va_list@PAXPAX@?$standard_base@_WV?$stream_output_adapter@_W@__crt_stdio_output@@@__crt_stdio_output@@IAE_NAAPAX@Z 10024982 f i libucrt:output.obj
 0001:000239a2       ??$extract_argument_from_va_list@PAXPAX@?$standard_base@_WV?$string_output_adapter@_W@__crt_stdio_output@@@__crt_stdio_output@@IAE_NAAPAX@Z 100249a2 f i libucrt:output.obj
 0001:000239c2       ??$extract_argument_from_va_list@U_CRT_DOUBLE@@U1@@?$positional_parameter_base@DV?$stream_output_adapter@D@__crt_stdio_output@@@__crt_stdio_output@@IAE_NAAU_CRT_DOUBLE@@@Z 100249c2 f i libucrt:output.obj
 0001:00023a73       ??$extract_argument_from_va_list@U_CRT_DOUBLE@@U1@@?$positional_parameter_base@DV?$string_output_adapter@D@__crt_stdio_output@@@__crt_stdio_output@@IAE_NAAU_CRT_DOUBLE@@@Z 10024a73 f i libucrt:output.obj
 0001:00023b24       ??$extract_argument_from_va_list@U_CRT_DOUBLE@@U1@@?$positional_parameter_base@_WV?$stream_output_adapter@_W@__crt_stdio_output@@@__crt_stdio_output@@IAE_NAAU_CRT_DOUBLE@@@Z 10024b24 f i libucrt:output.obj
 0001:00023bd5       ??$extract_argument_from_va_list@U_CRT_DOUBLE@@U1@@?$positional_parameter_base@_WV?$string_output_adapter@_W@__crt_stdio_output@@@__crt_stdio_output@@IAE_NAAU_CRT_DOUBLE@@@Z 10024bd5 f i libucrt:output.obj
 0001:00023c86       ??$extract_argument_from_va_list@U_CRT_DOUBLE@@U1@@?$standard_base@DV?$stream_output_adapter@D@__crt_stdio_output@@@__crt_stdio_output@@IAE_NAAU_CRT_DOUBLE@@@Z 10024c86 f i libucrt:output.obj
 0001:00023cae       ??$extract_argument_from_va_list@U_CRT_DOUBLE@@U1@@?$standard_base@DV?$string_output_adapter@D@__crt_stdio_output@@@__crt_stdio_output@@IAE_NAAU_CRT_DOUBLE@@@Z 10024cae f i libucrt:output.obj
 0001:00023cd6       ??$extract_argument_from_va_list@U_CRT_DOUBLE@@U1@@?$standard_base@_WV?$stream_output_adapter@_W@__crt_stdio_output@@@__crt_stdio_output@@IAE_NAAU_CRT_DOUBLE@@@Z 10024cd6 f i libucrt:output.obj
 0001:00023cfe       ??$extract_argument_from_va_list@U_CRT_DOUBLE@@U1@@?$standard_base@_WV?$string_output_adapter@_W@__crt_stdio_output@@@__crt_stdio_output@@IAE_NAAU_CRT_DOUBLE@@@Z 10024cfe f i libucrt:output.obj
 0001:00023d26       ??$extract_argument_from_va_list@_J_J@?$positional_parameter_base@DV?$stream_output_adapter@D@__crt_stdio_output@@@__crt_stdio_output@@IAE_NAA_J@Z 10024d26 f i libucrt:output.obj
 0001:00023dd7       ??$extract_argument_from_va_list@_J_J@?$positional_parameter_base@DV?$string_output_adapter@D@__crt_stdio_output@@@__crt_stdio_output@@IAE_NAA_J@Z 10024dd7 f i libucrt:output.obj
 0001:00023e88       ??$extract_argument_from_va_list@_J_J@?$positional_parameter_base@_WV?$stream_output_adapter@_W@__crt_stdio_output@@@__crt_stdio_output@@IAE_NAA_J@Z 10024e88 f i libucrt:output.obj
 0001:00023f39       ??$extract_argument_from_va_list@_J_J@?$positional_parameter_base@_WV?$string_output_adapter@_W@__crt_stdio_output@@@__crt_stdio_output@@IAE_NAA_J@Z 10024f39 f i libucrt:output.obj
 0001:00023fea       ??$extract_argument_from_va_list@_J_J@?$standard_base@DV?$stream_output_adapter@D@__crt_stdio_output@@@__crt_stdio_output@@IAE_NAA_J@Z 10024fea f i libucrt:output.obj
 0001:00024012       ??$extract_argument_from_va_list@_J_J@?$standard_base@DV?$string_output_adapter@D@__crt_stdio_output@@@__crt_stdio_output@@IAE_NAA_J@Z 10025012 f i libucrt:output.obj
 0001:0002403a       ??$extract_argument_from_va_list@_J_J@?$standard_base@_WV?$stream_output_adapter@_W@__crt_stdio_output@@@__crt_stdio_output@@IAE_NAA_J@Z 1002503a f i libucrt:output.obj
[...]
 0003:00008fc0       _CANAC2_2_receiveindex_mb1 1007efc0     <common>
 0003:000092e0       _CANAC2_2_receivemaxindex_mb1 1007f2e0     <common>
 0003:00009300       _CANAC2_2_sendindex_mb1    1007f300     <common>
 0003:00009620       _CANAC2_2_sendmaxindex_mb1 1007f620     <common>
 0003:00009640       _CANAC2_1_receiveindex_mb1 1007f640     <common>
 0003:00009960       _CANAC2_1_receivemaxindex_mb1 1007f960     <common>
 0003:00009980       _CANAC2_1_sendindex_mb1    1007f980     <common>
 0003:00009ca0       _CANAC2_1_sendmaxindex_mb1 1007fca0     <common>
 0003:00009cc0       _CANAC2_2_receive_mb1      1007fcc0     <common>
 0003:00009fe0       _CANAC2_2_send_mb1         1007ffe0     <common>
 0003:0000a300       _CANAC2_1_receive_mb1      10080300     <common>
 0003:0000a620       _CANAC2_1_send_mb1         10080620     <common>
 0003:0000a940       _CANAC2_2_receiveindex     10080940     <common>
 0003:0000ac60       _CANAC2_2_receivemaxindex  10080c60     <common>
 0003:0000ac80       _CANAC2_2_sendindex        10080c80     <common>
 0003:0000afa0       _CANAC2_2_sendmaxindex     10080fa0     <common>
 0003:0000afc0       _CANAC2_1_receiveindex     10080fc0     <common>
 0003:0000b2e0       _CANAC2_1_receivemaxindex  100812e0     <common>
 0003:0000b300       _CANAC2_1_sendindex        10081300     <common>
 0003:0000b620       _CANAC2_1_sendmaxindex     10081620     <common>
 0003:0000b640       _CANAC2_2_receive          10081640     <common>
 0003:0000b960       _CANAC2_2_send             10081960     <common>
 0003:0000bc80       _CANAC2_1_receive          10081c80     <common>
 0003:0000bfa0       _CANAC2_1_send             10081fa0     <common>
 0003:0000c2c0       _siepowercan_can_object_buffer_port2 100822c0     <common>
 0003:000102e0       _siepowercan_can_object_buffer_port1 100862e0     <common>
 0003:000142e0       _rtNaNF                    1008a2e0     <common>
 0003:000142f4       _rtMinusInfF               1008a2f4     <common>
 0003:000142f8       _rtInfF                    1008a2f8     <common>
 0003:00014300       _rtNaN                     1008a300     <common>
 0003:00014308       _rtMinusInf                1008a308     <common>
 0003:00014310       _rtInf                     1008a310     <common>
 0003:00014320       _slrtTETViaXCP             1008a320     <common>
 0003:00014348       ?_OptionsStorage@?1??__local_stdio_printf_options@@9@9 1008a348     <common>
 0003:00014660       _proj3_M_                  1008a660     <common>
 0003:00015380       _proj3_Y                   1008b380     <common>
 0003:000153a0       _proj3_U                   1008b3a0     <common>
 0003:000153c0       _proj3_DW                  1008b3c0     <common>
 0003:00015480       _proj3_X                   1008b480     <common>
 0003:000154a0       _proj3_B                   1008b4a0     <common>
 0003:000155a0       _UDPCloseSend              1008b5a0     <common>
 0003:00015614       _UDPOpenReceive            1008b614     <common>
 0003:00015618       _UDPOpenSend               1008b618     <common>
 0003:0001561c       _ResetClientSocket         1008b61c     <common>
 0003:00015620       _CloseClientSocket         1008b620     <common>
 0003:00015624       _ConnectClientSocket       1008b624     <common>
 0003:00015628       _BindClientSocket          1008b628     <common>
 0003:0001562c       _CreateClientSocket        1008b62c     <common>
 0003:00015630       _ResetServerSocket         1008b630     <common>
 0003:00015634       _CloseServerSocket         1008b634     <common>
 0003:00015638       _ConnectServerSocket       1008b638     <common>
 0003:0001563c       _OpenServerListen          1008b63c     <common>
 0003:00015640       _CreateServerSocket        1008b640     <common>
 0003:00015644       _SocketReceive             1008b644     <common>
 0003:00015648       _SocketSend                1008b648     <common>
 0003:0001564c       _GetSocketState            1008b64c     <common>
 0003:00015650       _GetSocket                 1008b650     <common>
 0003:00015654       _socket                    1008b654     <common>
 0003:00015658       _inet_addr                 1008b658     <common>
 0003:0001565c       _sendto                    1008b65c     <common>
 0003:00015660       _recvfrom                  1008b660     <common>
 0003:00015664       _listen                    1008b664     <common>
 0003:00015668       _ioctlsocket               1008b668     <common>
 0003:0001566c       _connect                   1008b66c     <common>
 0003:00015670       _closesocket               1008b670     <common>
 0003:00015674       _setsockopt                1008b674     <common>
 0003:00015678       _bind                      1008b678     <common>
 0003:0001567c       _accept                    1008b67c     <common>
 0003:00015680       _GetHostTarIPAdd           1008b680     <common>
 0003:00015684       _GetDCUUsage               1008b684     <common>
 0003:00015688       _DeleteRoute               1008b688     <common>
 0003:0001568c       _AddGatewayRoute           1008b68c     <common>
 0003:00015690       _SetIP                     1008b690     <common>
 0003:00015694       _CloseInterface            1008b694     <common>
 0003:00015698       _OpenInterface             1008b698     <common>
 0003:0001569c       _SetIPTASKPriority         1008b69c     <common>
 0003:000156a0       _releaseNIC                1008b6a0     <common>
 0003:000156a4       _NICGetIface               1008b6a4     <common>
 0003:000156a8       _NICSetIface               1008b6a8     <common>
 0003:000156ac       _registerNIC               1008b6ac     <common>
 0003:000156b0       _slrtWarning               1008b6b0     <common>
 0003:000156b4       _slrtGetCPUTCelsius        1008b6b4     <common>
 0003:000156b8       _geterrorstring            1008b6b8     <common>
 0003:000156bc       _getlasterror              1008b6bc     <common>
 0003:000156c0       _slrtGetProfilerState      1008b6c0     <common>
 0003:000156c4       _slrtStopProfiler          1008b6c4     <common>
 0003:000156c8       _slrtStartProfiler         1008b6c8     <common>
 0003:000156cc       _slrtLogEvent              1008b6cc     <common>
 0003:000156d0       _slrtGetDefaultDrive       1008b6d0     <common>
 0003:000156d4       _slrtfsFread               1008b6d4     <common>
 0003:000156d8       _slrtfsGetFileStatus       1008b6d8     <common>
 0003:000156dc       _slrtfsOpenFileAsync       1008b6dc     <common>
 0003:000156e0       _slrtfsCloseFileAsync      1008b6e0     <common>
 0003:000156e4       _slrtfsGetFileErrorMessage 1008b6e4     <common>
 0003:000156e8       _slrtfsGetFileError        1008b6e8     <common>
 0003:000156ec       _slrtfsWriteToFile         1008b6ec     <common>
 0003:000156f0       _slrtfsCloseFile           1008b6f0     <common>
 0003:000156f4       _slrtfsOpenFile            1008b6f4     <common>
 0003:000156f8       _slrtGetSgCRBSpace         1008b6f8     <common>
 0003:000156fc       _slrtGetCRBScratchSpace    1008b6fc     <common>
 0003:00015700       _slrteSetupMSI             1008b700     <common>
 0003:00015704       _slTestRegAssessment       1008b704     <common>
 0003:00015708       _slTestTerminate           1008b708     <common>
 0003:0001570c       _slTestEvalOnFail          1008b70c     <common>
 0003:00015710       _slTestLogAssessments      1008b710     <common>
 0003:00015714       _slTestInitialize          1008b714     <common>
 0003:00015718       _unRegisterPTPTimeRead     1008b718     <common>
 0003:0001571c       _registerPTPTimeRead       1008b71c     <common>
 0003:00015720       _slrteGetCurrentStepSize   1008b720     <common>
 0003:00015724       _slrteSetStepSizeDelta     1008b724     <common>
 0003:00015728       _xpceDAQUpdateTimeStamp    1008b728     <common>
 0003:0001572c       _xpceDAQPostEvent          1008b72c     <common>
 0003:00015730       _StreamVideo               1008b730     <common>
 0003:00015734       _StopVideoDisplay          1008b734     <common>
 0003:00015738       _StartVideoDisplay         1008b738     <common>
 0003:0001573c       _DestroyVideoDisplay       1008b73c     <common>
 0003:00015740       _CreateVideoDisplay        1008b740     <common>
 0003:00015744       _ConvertUImage             1008b744     <common>
 0003:00015748       _StopVideo                 1008b748     <common>
 0003:0001574c       _ReadFrameBuffer           1008b74c     <common>
 0003:00015750       _StartVideo                1008b750     <common>
 0003:00015754       _GetVideoConfigs           1008b754     <common>
 0003:00015758       _FindUsbVideoDevice        1008b758     <common>
 0003:0001575c       _xpceDeleteSemaphore       1008b75c     <common>
 0003:00015760       _xpceSignalSemaphore       1008b760     <common>
 0003:00015764       _xpceWaitSemaphore         1008b764     <common>
 0003:00015768       _xpceCreateSemaphore       1008b768     <common>
 0003:0001576c       _xpceScopeAcqOK            1008b76c     <common>
 0003:00015770       _rl32eRestartAcquisition   1008b770     <common>
 0003:00015774       _rl32eSetTargetScopeSigFt  1008b774     <common>
 0003:00015778       _rl32eSetTargetScope       1008b778     <common>
 0003:0001577c       _xpceFSScopeSet            1008b77c     <common>
 0003:00015780       _rl32eSetScope             1008b780     <common>
 0003:00015784       _rl32eAddSignal            1008b784     <common>
 0003:00015788       _rl32eGetSignalNo          1008b788     <common>
 0003:0001578c       _rl32eDefScope             1008b78c     <common>
 0003:00015790       _rl32eScopeExists          1008b790     <common>
 0003:00015794       _TBGiveSpinFast            1008b794     <common>
 0003:00015798       _TBTakeSpinFast            1008b798     <common>
 0003:0001579c       _TBDeleteSpin              1008b79c     <common>
 0003:000157a0       _TBCreateSpin              1008b7a0     <common>
 0003:000157a4       _xpceGetParamDims          1008b7a4     <common>
 0003:000157a8       _xpceGetParameter          1008b7a8     <common>
 0003:000157ac       _xpceSetParameter          1008b7ac     <common>
 0003:000157b0       _xpceGetSignalValue        1008b7b0     <common>
 0003:000157b4       _xpceAssignPCIInterrupt    1008b7b4     <common>
 0003:000157b8       _rl32eGetPCIInfoAtSlot     1008b7b8     <common>
 0003:000157bc       _rl32eGetPCIInfo           1008b7bc     <common>
 0003:000157c0       _rl32eShowPCIInfo          1008b7c0     <common>
 0003:000157c4       _rl32eShowPCIDev           1008b7c4     <common>
 0003:000157c8       _xpceGetTET                1008b7c8     <common>
 0003:000157cc       _xpceaddEvent              1008b7cc     <common>
 0003:000157d0       _xpceDeRegisterISR         1008b7d0     <common>
 0003:000157d4       _xpceRegisterISR           1008b7d4     <common>
 0003:000157d8       _xpcIsModelInit            1008b7d8     <common>
 0003:000157dc       _xpcGetElapsedTime         1008b7dc     <common>
 0003:000157e0       _xpcBusyWait               1008b7e0     <common>
 0003:000157e4       _xpcFreePhysicalMemory     1008b7e4     <common>
 0003:000157e8       _xpcAllocPhysicalMemory    1008b7e8     <common>
 0003:000157ec       _xpcReserveMemoryRegion    1008b7ec     <common>
 0003:000157f0       _xpcOutpB                  1008b7f0     <common>
 0003:000157f4       _xpcOutpW                  1008b7f4     <common>
 0003:000157f8       _xpcOutpDW                 1008b7f8     <common>
 0003:000157fc       _xpcInpB                   1008b7fc     <common>
 0003:00015800       _xpcInpW                   1008b800     <common>
 0003:00015804       _xpcInpDW                  1008b804     <common>
 0003:00015808       _UDPCloseReceive           1008b808     <common>
 0003:0001580c       ___scrt_ucrt_dll_is_in_use 1008b80c     <common>
 0003:00015818       ___dyn_tls_init_callback   1008b818     <common>
 0003:00015824       __pDestructExceptionObject 1008b824     <common>
 0003:00015830       __pmatherr                 1008b830     <common>
 0003:0001583c       ___use_sse2_mathfcns       1008b83c     <common>
 0004:00000000       __imp__GetModuleHandleA@4  1008c000     kernel32:KERNEL32.dll
 0004:00000004       __imp__GetProcAddress@8    1008c004     kernel32:KERNEL32.dll
 0004:00000008       __imp__UnhandledExceptionFilter@4 1008c008     kernel32:KERNEL32.dll
 0004:0000000c       __imp__SetUnhandledExceptionFilter@4 1008c00c     kernel32:KERNEL32.dll
 0004:00000010       __imp__GetCurrentProcess@0 1008c010     kernel32:KERNEL32.dll
 0004:00000014       __imp__TerminateProcess@8  1008c014     kernel32:KERNEL32.dll
 0004:00000018       __imp__IsProcessorFeaturePresent@4 1008c018     kernel32:KERNEL32.dll
 0004:0000001c       __imp__QueryPerformanceCounter@4 1008c01c     kernel32:KERNEL32.dll
 0004:00000020       __imp__GetCurrentProcessId@0 1008c020     kernel32:KERNEL32.dll
 0004:00000024       __imp__GetCurrentThreadId@0 1008c024     kernel32:KERNEL32.dll
 0004:00000028       __imp__GetSystemTimeAsFileTime@4 1008c028     kernel32:KERNEL32.dll
 0004:0000002c       __imp__InitializeSListHead@4 1008c02c     kernel32:KERNEL32.dll
 0004:00000030       __imp__IsDebuggerPresent@0 1008c030     kernel32:KERNEL32.dll
 0004:00000034       __imp__GetStartupInfoW@4   1008c034     kernel32:KERNEL32.dll
 0004:00000038       __imp__GetModuleHandleW@4  1008c038     kernel32:KERNEL32.dll
 0004:0000003c       __imp__InterlockedPushEntrySList@8 1008c03c     kernel32:KERNEL32.dll
 0004:00000040       __imp__InterlockedFlushSList@4 1008c040     kernel32:KERNEL32.dll
 0004:00000044       __imp__RtlUnwind@16        1008c044     kernel32:KERNEL32.dll
 0004:00000048       __imp__GetLastError@0      1008c048     kernel32:KERNEL32.dll
 0004:0000004c       __imp__SetLastError@4      1008c04c     kernel32:KERNEL32.dll
 0004:00000050       __imp__EnterCriticalSection@4 1008c050     kernel32:KERNEL32.dll
 0004:00000054       __imp__LeaveCriticalSection@4 1008c054     kernel32:KERNEL32.dll
 0004:00000058       __imp__DeleteCriticalSection@4 1008c058     kernel32:KERNEL32.dll
 0004:0000005c       __imp__InitializeCriticalSectionAndSpinCount@8 1008c05c     kernel32:KERNEL32.dll
 0004:00000060       __imp__TlsAlloc@0          1008c060     kernel32:KERNEL32.dll
 0004:00000064       __imp__TlsGetValue@4       1008c064     kernel32:KERNEL32.dll
 0004:00000068       __imp__TlsSetValue@8       1008c068     kernel32:KERNEL32.dll
 0004:0000006c       __imp__TlsFree@4           1008c06c     kernel32:KERNEL32.dll
 0004:00000070       __imp__FreeLibrary@4       1008c070     kernel32:KERNEL32.dll
 0004:00000074       __imp__LoadLibraryExW@12   1008c074     kernel32:KERNEL32.dll
 0004:00000078       __imp__ExitProcess@4       1008c078     kernel32:KERNEL32.dll
 0004:0000007c       __imp__GetModuleHandleExW@12 1008c07c     kernel32:KERNEL32.dll
 0004:00000080       __imp__GetStdHandle@4      1008c080     kernel32:KERNEL32.dll
 0004:00000084       __imp__GetFileType@4       1008c084     kernel32:KERNEL32.dll
 0004:00000088       __imp__GetModuleFileNameA@12 1008c088     kernel32:KERNEL32.dll
 0004:0000008c       __imp__GetModuleFileNameW@12 1008c08c     kernel32:KERNEL32.dll
 0004:00000090       __imp__WriteConsoleW@20    1008c090     kernel32:KERNEL32.dll
 0004:00000094       __imp__RaiseException@16   1008c094     kernel32:KERNEL32.dll
 0004:00000098       __imp__MultiByteToWideChar@24 1008c098     kernel32:KERNEL32.dll
 0004:0000009c       __imp__WideCharToMultiByte@32 1008c09c     kernel32:KERNEL32.dll
 0004:000000a0       __imp__HeapFree@12         1008c0a0     kernel32:KERNEL32.dll
 0004:000000a4       __imp__HeapAlloc@12        1008c0a4     kernel32:KERNEL32.dll
 0004:000000a8       __imp__GetDateFormatW@24   1008c0a8     kernel32:KERNEL32.dll
 0004:000000ac       __imp__GetTimeFormatW@24   1008c0ac     kernel32:KERNEL32.dll
 0004:000000b0       __imp__CompareStringW@24   1008c0b0     kernel32:KERNEL32.dll
 0004:000000b4       __imp__LCMapStringW@24     1008c0b4     kernel32:KERNEL32.dll
 0004:000000b8       __imp__GetLocaleInfoW@16   1008c0b8     kernel32:KERNEL32.dll
 0004:000000bc       __imp__IsValidLocale@8     1008c0bc     kernel32:KERNEL32.dll
 0004:000000c0       __imp__GetUserDefaultLCID@0 1008c0c0     kernel32:KERNEL32.dll
 0004:000000c4       __imp__EnumSystemLocalesW@8 1008c0c4     kernel32:KERNEL32.dll
 0004:000000c8       __imp__GetCurrentThread@0  1008c0c8     kernel32:KERNEL32.dll
 0004:000000cc       __imp__GetACP@0            1008c0cc     kernel32:KERNEL32.dll
 0004:000000d0       __imp__HeapReAlloc@16      1008c0d0     kernel32:KERNEL32.dll
 0004:000000d4       __imp__CloseHandle@4       1008c0d4     kernel32:KERNEL32.dll
 0004:000000d8       __imp__ReadFile@20         1008c0d8     kernel32:KERNEL32.dll
 0004:000000dc       __imp__GetConsoleMode@8    1008c0dc     kernel32:KERNEL32.dll
 0004:000000e0       __imp__ReadConsoleW@20     1008c0e0     kernel32:KERNEL32.dll
 0004:000000e4       __imp__WriteFile@20        1008c0e4     kernel32:KERNEL32.dll
 0004:000000e8       __imp__GetConsoleCP@0      1008c0e8     kernel32:KERNEL32.dll
 0004:000000ec       __imp__DeleteFileW@4       1008c0ec     kernel32:KERNEL32.dll
 0004:000000f0       __imp__SetFilePointerEx@20 1008c0f0     kernel32:KERNEL32.dll
 0004:000000f4       __imp__OutputDebugStringA@4 1008c0f4     kernel32:KERNEL32.dll
 0004:000000f8       __imp__OutputDebugStringW@4 1008c0f8     kernel32:KERNEL32.dll
 0004:000000fc       __imp__WaitForSingleObjectEx@12 1008c0fc     kernel32:KERNEL32.dll
 0004:00000100       __imp__CreateThread@24     1008c100     kernel32:KERNEL32.dll
 0004:00000104       __imp__SetConsoleCtrlHandler@8 1008c104     kernel32:KERNEL32.dll
 0004:00000108       __imp__FindClose@4         1008c108     kernel32:KERNEL32.dll
 0004:0000010c       __imp__FindFirstFileExA@24 1008c10c     kernel32:KERNEL32.dll
 0004:00000110       __imp__FindFirstFileExW@24 1008c110     kernel32:KERNEL32.dll
 0004:00000114       __imp__FindNextFileA@8     1008c114     kernel32:KERNEL32.dll
 0004:00000118       __imp__FindNextFileW@8     1008c118     kernel32:KERNEL32.dll
 0004:0000011c       __imp__IsValidCodePage@4   1008c11c     kernel32:KERNEL32.dll
 0004:00000120       __imp__GetOEMCP@0          1008c120     kernel32:KERNEL32.dll
 0004:00000124       __imp__GetCPInfo@8         1008c124     kernel32:KERNEL32.dll
 0004:00000128       __imp__GetCommandLineA@0   1008c128     kernel32:KERNEL32.dll
 0004:0000012c       __imp__GetCommandLineW@0   1008c12c     kernel32:KERNEL32.dll
 0004:00000130       __imp__GetEnvironmentStringsW@0 1008c130     kernel32:KERNEL32.dll
 0004:00000134       __imp__FreeEnvironmentStringsW@4 1008c134     kernel32:KERNEL32.dll
 0004:00000138       __imp__SetEnvironmentVariableA@8 1008c138     kernel32:KERNEL32.dll
 0004:0000013c       __imp__SetEnvironmentVariableW@8 1008c13c     kernel32:KERNEL32.dll
 0004:00000140       __imp__GetProcessHeap@0    1008c140     kernel32:KERNEL32.dll
 0004:00000144       __imp__GetStringTypeW@16   1008c144     kernel32:KERNEL32.dll
 0004:00000148       __imp__FlushFileBuffers@4  1008c148     kernel32:KERNEL32.dll
 0004:0000014c       __imp__SetStdHandle@8      1008c14c     kernel32:KERNEL32.dll
 0004:00000150       __imp__CreateFileW@28      1008c150     kernel32:KERNEL32.dll
 0004:00000154       __imp__HeapSize@12         1008c154     kernel32:KERNEL32.dll
 0004:00000158       __imp__SetEndOfFile@4      1008c158     kernel32:KERNEL32.dll
 0004:0000015c       __imp__EncodePointer@4     1008c15c     kernel32:KERNEL32.dll
 0004:00000160       __imp__DecodePointer@4     1008c160     kernel32:KERNEL32.dll
 0004:00000164       \177KERNEL32_NULL_THUNK_DATA 1008c164     kernel32:KERNEL32.dll
 0004:000001d4       __IMPORT_DESCRIPTOR_KERNEL32 1008c1d4     kernel32:KERNEL32.dll
 0004:000001e8       __NULL_IMPORT_DESCRIPTOR   1008c1e8     kernel32:KERNEL32.dll
 0006:00000000       ___guard_check_icall_fptr  1008e000     LIBCMT:guard_support.obj
