 proj3_slrt

 Timestamp is 5bc797b3 (Wed Oct 17 16:12:35 2018)

 Preferred load address is 10000000

 Start         Length     Name                   Class
 0001:00000000 000634b8H .text$mn                CODE
 0002:00000000 00000104H .CRT$XCA                DATA
 0002:00000104 00000104H .CRT$XCZ                DATA
 0002:00000208 00000104H .CRT$XIA                DATA
 0002:0000030c 00000110H .CRT$XIC                DATA
 0002:0000041c 00000104H .CRT$XIZ                DATA
 0002:00000520 00000104H .CRT$XPA                DATA
 0002:00000624 0000010cH .CRT$XPX                DATA
 0002:00000730 00000104H .CRT$XPXA               DATA
 0002:00000834 00000104H .CRT$XPZ                DATA
 0002:00000938 00000104H .CRT$XTA                DATA
 0002:00000a3c 00000104H .CRT$XTZ                DATA
 0002:00000b40 0000e284H .rdata                  DATA
 0002:0000edc4 0000038cH .rdata$r                DATA
 0002:0000f150 00000110H .rdata$sxdata           DATA
 0002:0000f260 000001ecH .rdata$zzzdbg           DATA
 0002:0000f44c 00000104H .rtc$IAA                DATA
 0002:0000f550 00000104H .rtc$IZZ                DATA
 0002:0000f654 00000104H .rtc$TAA                DATA
 0002:0000f758 00000108H .rtc$TZZ                DATA
 0002:0000f860 00000ac0H .xdata$x                DATA
 0002:00010320 000001fdH .edata                  DATA
 0003:00000000 00001344H .data                   DATA
 0003:00001344 000001dcH .data$r                 DATA
 0003:00001520 00014308H .bss                    DATA
 0004:00000000 000001d4H .idata$5                DATA
 0004:000001d4 00000014H .idata$2                DATA
 0004:000001e8 00000014H .idata$3                DATA
 0004:000001fc 000001d4H .idata$4                DATA
 0004:000003d0 00000843H .idata$6                DATA
 0005:00000000 00000224H .gfids$x                DATA
 0005:00000224 000001a5H .gfids$y                DATA
 0006:00000000 00000104H .00cfg                  DATA

  Address         Publics by Value              Rva+Base       Lib:Object

 0000:00000000       ___dynamic_value_reloc_table 00000000     <absolute>
 0000:00000000       ___guard_longjmp_count     00000000     <absolute>
 0000:00000000       ___guard_iat_count         00000000     <absolute>
 0000:00000000       ___guard_fids_count        00000000     <absolute>
 0000:00000000       ___guard_iat_table         00000000     <absolute>
 0000:00000000       ___guard_fids_table        00000000     <absolute>
 0000:00000000       __except_list              00000000     <absolute>
 0000:00000000       ___guard_longjmp_table     00000000     <absolute>
 0000:00000003       ___safe_se_handler_count   00000003     <absolute>
 0000:00000100       ___guard_flags             00000100     <absolute>
 0000:00000000       ___ImageBase               10000000     <linker-defined>
 0001:00005fa0       _MdlInitialize             10006fa0 f   proj3.obj
 0001:00005fb0       _MdlInitializeSampleTimes  10006fb0 f   proj3.obj
 0001:00005fc0       _MdlInitializeSizes        10006fc0 f   proj3.obj
 0001:00005fd0       _MdlOutputs                10006fd0 f   proj3.obj
 0001:00005fe0       _MdlStart                  10006fe0 f   proj3.obj
 0001:00005ff0       _MdlTerminate              10006ff0 f   proj3.obj
 0001:00006020       _MdlUpdate                 10007020 f   proj3.obj
 0001:00006030       ___local_stdio_printf_options 10007030 f i proj3.obj
 0001:00006040       __vfprintf_l               10007040 f i proj3.obj
 0001:00006070       _printf                    10007070 f i proj3.obj
 0001:000060b0       _proj3                     100070b0 f   proj3.obj
 0001:00006bb0       _proj3_derivatives         10007bb0 f   proj3.obj
 0001:00006c00       _proj3_initialize          10007c00 f   proj3.obj
 0001:000074b0       _proj3_output              100084b0 f   proj3.obj
 0001:00007a20       _proj3_terminate           10008a20 f   proj3.obj
 0001:00007a50       _proj3_update              10008a50 f   proj3.obj
 0001:00007ba0       _rt_ODECreateIntegrationData 10008ba0 f   proj3.obj
 0001:00007bb0       _rt_ODEDestroyIntegrationData 10008bb0 f   proj3.obj
 0001:00007bc0       _rt_ODEUpdateContinuousStates 10008bc0 f   proj3.obj
 0001:00007fe0       _rt_mxCreateCharMatrixFromStrings 10008fe0 f   rt_matrx.obj
 0001:00008140       _rt_mxCreateDoubleMatrix   10009140 f   rt_matrx.obj
 0001:000081a0       _rt_mxCreateNumericArray   100091a0 f   rt_matrx.obj
 0001:00008220       _rt_mxCreateString         10009220 f   rt_matrx.obj
 0001:000082b0       _rt_mxDuplicateArray       100092b0 f   rt_matrx.obj
 0001:00008310       _rt_mxGetDimensions        10009310 f   rt_matrx.obj
 0001:00008350       _rt_mxGetEps               10009350 f   rt_matrx.obj
 0001:00008360       _rt_mxGetString            10009360 f   rt_matrx.obj
 0001:000083e0       _rtPrintfNoOp              100093e0 f   rt_printf.obj
 0001:000083f0       __vsnprintf_l              100093f0 f i rt_logging.obj
 0001:00008430       __vsprintf_l               10009430 f i rt_logging.obj
 0001:00008470       _fprintf                   10009470 f i rt_logging.obj
 0001:00008d80       _rt_CreateLogVar           10009d80 f   rt_logging.obj
 0001:00008e10       _rt_CreateLogVarWithConvert 10009e10 f   rt_logging.obj
 0001:00009790       _rt_CreateStructLogVar     1000a790 f   rt_logging.obj
 0001:0000a4f0       _rt_GetMxIdFromDTypeId     1000b4f0 f   rt_logging.obj
 0001:0000a520       _rt_GetMxIdFromDTypeIdForRSim 1000b520 f   rt_logging.obj
 0001:0000ce00       _rt_StartDataLogging       1000de00 f   rt_logging.obj
 0001:0000d2c0       _rt_StartDataLoggingWithStartTime 1000e2c0 f   rt_logging.obj
 0001:0000dc20       _rt_StopDataLogging        1000ec20 f   rt_logging.obj
 0001:0000dc40       _rt_StopDataLoggingImpl    1000ec40 f   rt_logging.obj
 0001:0000df70       _rt_UpdateLogVar           1000ef70 f   rt_logging.obj
 0001:0000f090       _rt_UpdateStructLogVar     10010090 f   rt_logging.obj
 0001:0000f120       _rt_UpdateTXXFYLogVars     10010120 f   rt_logging.obj
 0001:0000f580       _rt_UpdateTXYLogVars       10010580 f   rt_logging.obj
 0001:0000f7d0       _rt_getTempMemory          100107d0 f   rt_logging.obj
 0001:0000f820       _sprintf                   10010820 f i rt_logging.obj
 0001:0000f860       _proj3_GetCAPIStaticMap    10010860 f   proj3_capi.obj
 0001:0000f870       _proj3_InitializeDataMapInfo 10010870 f   proj3_capi.obj
 0001:0000f940       _mdlXcp_GetMdlXcpInfo      10010940 f   proj3_xcp.obj
 0001:0000f950       _SLRT_update_TET           10010950 f   proj3_xcp_TET.obj
 0001:0000fa20       _rtGetInf                  10010a20 f   rtGetInf.obj
 0001:0000fa50       _rtGetInfF                 10010a50 f   rtGetInf.obj
 0001:0000fa70       _rtGetMinusInf             10010a70 f   rtGetInf.obj
 0001:0000faa0       _rtGetMinusInfF            10010aa0 f   rtGetInf.obj
 0001:0000fac0       _rtGetNaN                  10010ac0 f   rtGetNaN.obj
 0001:0000faf0       _rtGetNaNF                 10010af0 f   rtGetNaN.obj
 0001:0000fb10       _rtIsInf                   10010b10 f   rt_nonfinite.obj
 0001:0000fb50       _rtIsInfF                  10010b50 f   rt_nonfinite.obj
 0001:0000fb90       _rtIsNaN                   10010b90 f   rt_nonfinite.obj
 0001:0000fbb0       _rtIsNaNF                  10010bb0 f   rt_nonfinite.obj
 0001:0000fbd0       _rt_InitInfAndNaN          10010bd0 f   rt_nonfinite.obj
 0001:0000fc30       _rt_CleanUpForStateLogWithMMI 10010c30 f   rt_logging_mmi.obj
 0001:0000fd40       _rt_FillStateSigInfoFromMMI 10010d40 f   rt_logging_mmi.obj
 0001:000100e0       _rtwCAPI_CountSysRan       100110e0 f   rtw_modelmap_utils.obj
 0001:00010180       _rtwCAPI_EncodePath        10011180 f   rtw_modelmap_utils.obj
 0001:00010280       _rtwCAPI_FillSysRan        10011280 f   rtw_modelmap_utils.obj
 0001:00010370       _rtwCAPI_FreeFullPaths     10011370 f   rtw_modelmap_utils.obj
 0001:00010400       _rtwCAPI_GetFullStateBlockPath 10011400 f   rtw_modelmap_utils.obj
 0001:000105b0       _rtwCAPI_GetNumContStateRecords 100115b0 f   rtw_modelmap_utils.obj
 0001:00010670       _rtwCAPI_GetNumSigLogRecords 10011670 f   rtw_modelmap_utils.obj
 0001:000106c0       _rtwCAPI_GetNumSigLogRecordsForRTWLogging 100116c0 f   rtw_modelmap_utils.obj
 0001:00010760       _rtwCAPI_GetNumStateRecords 10011760 f   rtw_modelmap_utils.obj
 0001:000107b0       _rtwCAPI_GetNumStateRecordsForRTWLogging 100117b0 f   rtw_modelmap_utils.obj
 0001:00010850       _rtwCAPI_GetSigAddrFromMap 10011850 f   rtw_modelmap_utils.obj
 0001:00010910       _rtwCAPI_GetSigLogRecordInfo 10011910 f   rtw_modelmap_utils.obj
 0001:00010d40       _rtwCAPI_GetStateRecordInfo 10011d40 f   rtw_modelmap_utils.obj
 0001:000111f0       _rtwCAPI_GetStateWidth     100121f0 f   rtw_modelmap_utils.obj
 0001:00011250       _rtwCAPI_HasStates         10012250 f   rtw_modelmap_utils.obj
 0001:000112c0       _rtwCAPI_UpdateFullPaths   100122c0 f   rtw_modelmap_utils.obj
 0001:000114a0       _timestamp_x86             100124a0 f   host_timer_x86.obj
 0001:000114b0       _taskTimeEnd               100124b0 f   xpc_code_profiling_utility_functions.obj
 0001:000114c0       _taskTimeEnd_              100124c0 f   xpc_code_profiling_utility_functions.obj
 0001:000114d0       _taskTimeStart             100124d0 f   xpc_code_profiling_utility_functions.obj
 0001:000114e0       _taskTimeStart_            100124e0 f   xpc_code_profiling_utility_functions.obj
 0001:000114f0       _xilProfilingTimerFreeze   100124f0 f   xpc_code_profiling_utility_functions.obj
 0001:00011500       _xilProfilingTimerUnFreeze 10012500 f   xpc_code_profiling_utility_functions.obj
 0001:00011510       _xilUploadProfilingData    10012510 f   xpc_code_profiling_utility_functions.obj
 0001:00011520       _DllMain@12                10012520 f   xpctarget.obj
 0001:00011530       _SLRTSetErrorStatus        10012530 f   xpctarget.obj
 0001:00011550       _changeStepSize            10012550 f   xpctarget.obj
 0001:000115c0       _getDLMVersion             100125c0 f   xpctarget.obj
 0001:000115d0       _getRefMdlPath             100125d0 f   xpctarget.obj
 0001:00011650       _getRefMdlSignalNumber     10012650 f   xpctarget.obj
 0001:00011700       _getrlmdlinfo              10012700 f   xpctarget.obj
 0001:00011860       _proj3_ChangeStepSize      10012860 f   xpctarget.obj
 0001:000118d0       _updateDiscreteEvents      100128d0 f   xpctarget.obj
 0001:000118e0       _getNumRef                 100128e0 f   appmappingData.obj
 0001:000118f0       _vprintf                   100128f0 f i legacy_stdio.obj
 0001:00011930       _daquanserq8               10012930 f   daquanserq8.obj
 0001:000122a0       _encquanserq8              100132a0 f   encquanserq8.obj
 0001:00012de0       _GetPCIDeviceFull          10013de0 f   xpcruntime:xpcimports.obj
 0001:00012e30       _GetPCIDeviceFunction      10013e30 f   xpcruntime:xpcimports.obj
 0001:00012e70       _ShowPCIDevice             10013e70 f   xpcruntime:xpcimports.obj
 0001:000134a0       _slrtGetPciConfigAtFunction 100144a0 f   xpcruntime:xpcimports.obj
 0001:00013810       _xpcGetPciConfigAtSlot     10014810 f   xpcruntime:xpcimports.obj
 0001:00013830       _xpcInitProcs              10014830 f   xpcruntime:xpcimports.obj
 0001:00014d60       _xpceuploadevent           10015d60 f   xpcruntime:xpcimports.obj
 0001:00014d70       __ftoui3                   10015d70 f   LIBCMT:_ftol3_.obj
 0001:00014d7f       __ftoul3                   10015d7f f   LIBCMT:_ftol3_.obj
 0001:00014d8e       __ftol3                    10015d8e f   LIBCMT:_ftol3_.obj
 0001:00014d9b       __ftol3_NaN                10015d9b f   LIBCMT:_ftol3_.obj
 0001:00014db3       __ftol3_work               10015db3 f   LIBCMT:_ftol3_.obj
 0001:00014e39       __ftol3_common             10015e39 f   LIBCMT:_ftol3_.obj
 0001:00014efb       __ftol3_arg_error          10015efb f   LIBCMT:_ftol3_.obj
 0001:00014f0d       __ftol3_except             10015f0d f   LIBCMT:_ftol3_.obj
 0001:00014f51       __dtoui3                   10015f51 f   LIBCMT:_ftol3_.obj
 0001:00014f60       __dtoul3                   10015f60 f   LIBCMT:_ftol3_.obj
 0001:00014f6f       __dtol3                    10015f6f f   LIBCMT:_ftol3_.obj
 0001:00014f7c       __dtol3_NaN                10015f7c f   LIBCMT:_ftol3_.obj
 0001:00014f99       __dtol3_work               10015f99 f   LIBCMT:_ftol3_.obj
 0001:00015080       __ultod3                   10016080 f   LIBCMT:_ftol3_.obj
 0001:000150c0       __ltod3                    100160c0 f   LIBCMT:_ftol3_.obj
 0001:000151c4       ___raise_securityfailure   100161c4 f   LIBCMT:gs_report.obj
 0001:000151f6       ___report_gsfailure        100161f6 f   LIBCMT:gs_report.obj
 0001:0001532f       ___report_rangecheckfailure 1001632f f   LIBCMT:gs_report.obj
 0001:0001533e       ___report_securityfailure  1001633e f   LIBCMT:gs_report.obj
 0001:00015442       ___report_securityfailureEx 10016442 f   LIBCMT:gs_report.obj
 0001:0001559d       @__security_check_cookie@4 1001659d f   LIBCMT:_secchk_.obj
 0001:000155b2       ___isa_available_init      100165b2 f   LIBCMT:_cpu_disp_.obj
 0001:00015b7a       __CRT_INIT@12              10016b7a f   LIBCMT:dll_dllmain.obj
 0001:00015b85       __DllMainCRTStartup@12     10016b85 f   LIBCMT:dll_dllmain.obj
 0001:00015bb0       ??$__crt_fast_decode_pointer@PAP6AXXZ@@YAPAP6AXXZQAP6AXXZ@Z 10016bb0 f i LIBCMT:utility.obj
 0001:00015bc9       ??$__crt_fast_encode_pointer@PAP6AXXZ@@YAPAP6AXXZQAP6AXXZ@Z 10016bc9 f i LIBCMT:utility.obj
 0001:00015bed       ?__crt_rotate_pointer_value@@YAIIH@Z 10016bed f i LIBCMT:utility.obj
 0001:00015bfd       ?configure_argv@__scrt_narrow_argv_policy@@SAHXZ 10016bfd f i LIBCMT:utility.obj
 0001:00015ca1       _NtCurrentTeb              10016ca1 f i LIBCMT:utility.obj
 0001:00015ca8       ___scrt_acquire_startup_lock 10016ca8 f   LIBCMT:utility.obj
 0001:00015cea       ___scrt_dllmain_after_initialize_c 10016cea f   LIBCMT:utility.obj
 0001:00015d1f       ___scrt_dllmain_before_initialize_c 10016d1f f   LIBCMT:utility.obj
 0001:00015d30       ___scrt_dllmain_crt_thread_attach 10016d30 f   LIBCMT:utility.obj
 0001:00015d56       ___scrt_dllmain_crt_thread_detach 10016d56 f   LIBCMT:utility.obj
 0001:00015d66       ___scrt_dllmain_exception_filter 10016d66 f   LIBCMT:utility.obj
 0001:00015da5       ___scrt_dllmain_uninitialize_c 10016da5 f   LIBCMT:utility.obj
 0001:00015dd0       ___scrt_dllmain_uninitialize_critical 10016dd0 f   LIBCMT:utility.obj
 0001:00015de0       ___scrt_initialize_crt     10016de0 f   LIBCMT:utility.obj
 0001:00015e27       ___scrt_initialize_onexit_tables 10016e27 f   LIBCMT:utility.obj
 0001:00015ee3       ___scrt_is_nonwritable_in_current_image 10016ee3 f   LIBCMT:utility.obj
 0001:00015f8f       ___scrt_release_startup_lock 10016f8f f   LIBCMT:utility.obj
 0001:00015fb3       ___scrt_uninitialize_crt   10016fb3 f   LIBCMT:utility.obj
 0001:00015fe5       __onexit                   10016fe5 f   LIBCMT:utility.obj
 0001:0001602e       _at_quick_exit             1001702e f   LIBCMT:utility.obj
 0001:0001606b       _atexit                    1001706b f   LIBCMT:utility.obj
 0001:00016085       ___security_init_cookie    10017085 f   LIBCMT:gs_support.obj
 0001:00016148       ?__scrt_initialize_type_info@@YAXXZ 10017148 f   LIBCMT:tncleanup.obj
 0001:00016157       ?__scrt_uninitialize_type_info@@YAXXZ 10017157 f   LIBCMT:tncleanup.obj
 0001:00016166       ___local_stdio_scanf_options 10017166 f i LIBCMT:default_local_stdio_options.obj
 0001:0001616c       ___scrt_initialize_default_local_stdio_options 1001716c f   LIBCMT:default_local_stdio_options.obj
 0001:00016190       ___scrt_get_dyn_tls_init_callback 10017190 f   LIBCMT:dyn_tls_init.obj
 0001:00016196       ___scrt_fastfail           10017196 f   LIBCMT:utility_desktop.obj
 0001:000162f7       ___scrt_get_show_window_mode 100172f7 f   LIBCMT:utility_desktop.obj
 0001:00016336       ___scrt_initialize_winrt   10017336 f   LIBCMT:utility_desktop.obj
 0001:00016339       ___scrt_is_managed_app     10017339 f   LIBCMT:utility_desktop.obj
 0001:0001638e       ___scrt_set_unhandled_exception_filter 1001738e f   LIBCMT:utility_desktop.obj
 0001:0001639d       ___scrt_unhandled_exception_filter@4 1001739d f   LIBCMT:utility_desktop.obj
 0001:000163ee       __crt_debugger_hook        100173ee f   LIBCMT:utility_desktop.obj
 0001:000163f8       __RTC_Initialize           100173f8 f   LIBCMT:_initsect_.obj
 0001:0001642d       __RTC_Terminate            1001742d f   LIBCMT:_initsect_.obj
 0001:00016462       @_guard_check_icall@4      10017462 f i LIBCMT:checkcfg.obj
 0001:00016470       __SEH_prolog4              10017470 f   LIBCMT:_sehprolg4_.obj
 0001:000164b6       __SEH_epilog4              100174b6 f   LIBCMT:_sehprolg4_.obj
 0001:000164e1       __get_startup_argv_mode    100174e1 f   LIBCMT:argv_mode.obj
 0001:000164e5       ___scrt_is_ucrt_dll_in_use 100174e5 f   LIBCMT:ucrt_detection.obj
 0001:000164f4       @_guard_check_icall_nop@4  100174f4 f i LIBCMT:guard_support.obj
 0001:000164f5       __guard_icall_checks_enforced 100174f5 f i LIBCMT:guard_support.obj
 0001:0001650c       _GetModuleHandleA@4        1001750c f   kernel32:KERNEL32.dll
 0001:00016512       _GetProcAddress@8          10017512 f   kernel32:KERNEL32.dll
 0001:00016518       _UnhandledExceptionFilter@4 10017518 f   kernel32:KERNEL32.dll
 0001:0001651e       _SetUnhandledExceptionFilter@4 1001751e f   kernel32:KERNEL32.dll
 0001:00016524       _GetCurrentProcess@0       10017524 f   kernel32:KERNEL32.dll
 0001:0001652a       _TerminateProcess@8        1001752a f   kernel32:KERNEL32.dll
 0001:00016530       _IsProcessorFeaturePresent@4 10017530 f   kernel32:KERNEL32.dll
 0001:00016536       _QueryPerformanceCounter@4 10017536 f   kernel32:KERNEL32.dll
 0001:0001653c       _GetCurrentProcessId@0     1001753c f   kernel32:KERNEL32.dll
 0001:00016542       _GetCurrentThreadId@0      10017542 f   kernel32:KERNEL32.dll
 0001:00016548       _GetSystemTimeAsFileTime@4 10017548 f   kernel32:KERNEL32.dll
 0001:0001654e       _InitializeSListHead@4     1001754e f   kernel32:KERNEL32.dll
 0001:00016554       _IsDebuggerPresent@0       10017554 f   kernel32:KERNEL32.dll
 0001:0001655a       _GetStartupInfoW@4         1001755a f   kernel32:KERNEL32.dll
 0001:00016560       _GetModuleHandleW@4        10017560 f   kernel32:KERNEL32.dll
 0001:00016570       _memcpy                    10017570 f   libvcruntime:memcpy.obj
 0001:00016c50       _memset                    10017c50 f   libvcruntime:memset.obj
 0001:00016e00       _memmove                   10017e00 f   libvcruntime:memmove.obj
 0001:000174e0       _strchr                    100184e0 f   libvcruntime:strchr.obj
 0001:0001754e       ___from_strstr_to_strchr   1001854e     libvcruntime:strchr.obj
 0001:000176a0       __except_handler4          100186a0 f   libvcruntime:_chandler4_.obj
 0001:0001785f       ___vcrt_initialize         1001885f f   libvcruntime:initialization.obj
 0001:00017892       ___vcrt_thread_attach      10018892 f   libvcruntime:initialization.obj
 0001:0001789f       ___vcrt_thread_detach      1001889f f   libvcruntime:initialization.obj
 0001:000178ac       ___vcrt_uninitialize       100188ac f   libvcruntime:initialization.obj
 0001:000178d2       ___vcrt_uninitialize_critical 100188d2 f   libvcruntime:initialization.obj
 0001:000178ed       ??$?RD@__crt_internal_free_policy@@QBEXQBD@Z 100188ed f i libvcruntime:std_type_info.obj
 0001:00017901       ??$?RX@__crt_internal_free_policy@@QBEXQBX@Z 10018901 f i libvcruntime:std_type_info.obj
 0001:00017915       ??$__crt_interlocked_compare_exchange_pointer@$$CBD$$T$$T@@YAPBDPDSBD$$T1@Z 10018915 f i libvcruntime:std_type_info.obj
 0001:0001792b       ??$__crt_interlocked_compare_exchange_pointer@$$CBDPAD$$T@@YAPBDPDSBDQAD$$T@Z 1001892b f i libvcruntime:std_type_info.obj
 0001:00017941       ??$__crt_interlocked_read_pointer@$$CBD@@YAPBDPDSBD@Z 10018941 f i libvcruntime:std_type_info.obj
 0001:00017955       ??0?$__crt_unique_heap_ptr@DU__crt_internal_free_policy@@@@QAE@QAD@Z 10018955 f i libvcruntime:std_type_info.obj
 0001:00017966       ??0?$__crt_unique_heap_ptr@XU__crt_internal_free_policy@@@@QAE@QAX@Z 10018966 f i libvcruntime:std_type_info.obj
 0001:00017977       ??1?$__crt_unique_heap_ptr@DU__crt_internal_free_policy@@@@QAE@XZ 10018977 f i libvcruntime:std_type_info.obj
 0001:0001798b       ??1?$__crt_unique_heap_ptr@XU__crt_internal_free_policy@@@@QAE@XZ 1001898b f i libvcruntime:std_type_info.obj
 0001:000179ab       ??B?$__crt_unique_heap_ptr@DU__crt_internal_free_policy@@@@QBE_NXZ 100189ab f i libvcruntime:std_type_info.obj
 0001:000179b2       ??B?$__crt_unique_heap_ptr@XU__crt_internal_free_policy@@@@QBE_NXZ 100189b2 f i libvcruntime:std_type_info.obj
 0001:000179e1       ?detach@?$__crt_unique_heap_ptr@XU__crt_internal_free_policy@@@@QAEPAXXZ 100189e1 f i libvcruntime:std_type_info.obj
 0001:000179e7       ?get@?$__crt_unique_heap_ptr@DU__crt_internal_free_policy@@@@QBEPADXZ 100189e7 f i libvcruntime:std_type_info.obj
 0001:000179ea       ?get@?$__crt_unique_heap_ptr@XU__crt_internal_free_policy@@@@QBEPAXXZ 100189ea f i libvcruntime:std_type_info.obj
 0001:000179ed       ?is_valid@?$__crt_unique_heap_ptr@DU__crt_internal_free_policy@@@@QBE_NXZ 100189ed f i libvcruntime:std_type_info.obj
 0001:000179f4       ?is_valid@?$__crt_unique_heap_ptr@XU__crt_internal_free_policy@@@@QBE_NXZ 100189f4 f i libvcruntime:std_type_info.obj
 0001:000179fb       ?release@?$__crt_unique_heap_ptr@DU__crt_internal_free_policy@@@@QAEXXZ 100189fb f i libvcruntime:std_type_info.obj
 0001:00017a0f       ?release@?$__crt_unique_heap_ptr@XU__crt_internal_free_policy@@@@QAEXXZ 10018a0f f i libvcruntime:std_type_info.obj
 0001:00017a23       ___std_type_info_compare   10018a23 f   libvcruntime:std_type_info.obj
 0001:00017a6e       ___std_type_info_destroy_list 10018a6e f   libvcruntime:std_type_info.obj
 0001:00017a99       ___std_type_info_hash      10018a99 f   libvcruntime:std_type_info.obj
 0001:00017ac8       ___std_type_info_name      10018ac8 f   libvcruntime:std_type_info.obj
 0001:00017bd0       __local_unwind4            10018bd0 f   libvcruntime:_exsup4_.obj
 0001:00017ca6       __seh_longjmp_unwind4@4    10018ca6 f   libvcruntime:_exsup4_.obj
 0001:00017cce       @_EH4_CallFilterFunc@8     10018cce f   libvcruntime:_exsup4_.obj
 0001:00017ce5       @_EH4_TransferToHandler@8  10018ce5 f   libvcruntime:_exsup4_.obj
 0001:00017cfe       @_EH4_GlobalUnwind2@8      10018cfe f   libvcruntime:_exsup4_.obj
 0001:00017d17       @_EH4_LocalUnwind@16       10018d17 f   libvcruntime:_exsup4_.obj
 0001:00017d85       ___except_validate_context_record 10018d85 f   libvcruntime:jbcxrval.obj
 0001:00017d86       ___except_validate_jump_buffer 10018d86 f   libvcruntime:jbcxrval.obj
 0001:00017d87       ??$?RU__vcrt_ptd@@@__crt_internal_free_policy@@QBEXQBU__vcrt_ptd@@@Z 10018d87 f i libvcruntime:per_thread_data.obj
 0001:00017d9b       ??0?$__crt_unique_heap_ptr@U__vcrt_ptd@@U__crt_internal_free_policy@@@@QAE@QAU__vcrt_ptd@@@Z 10018d9b f i libvcruntime:per_thread_data.obj
 0001:00017dbe       ??1?$__crt_unique_heap_ptr@U__vcrt_ptd@@U__crt_internal_free_policy@@@@QAE@XZ 10018dbe f i libvcruntime:per_thread_data.obj
 0001:00017ddd       ??B?$__crt_unique_heap_ptr@U__vcrt_ptd@@U__crt_internal_free_policy@@@@QBE_NXZ 10018ddd f i libvcruntime:per_thread_data.obj
 0001:00017de4       ?detach@?$__crt_unique_heap_ptr@U__vcrt_ptd@@U__crt_internal_free_policy@@@@QAEPAU__vcrt_ptd@@XZ 10018de4 f i libvcruntime:per_thread_data.obj
 0001:00017dea       ?get@?$__crt_unique_heap_ptr@U__vcrt_ptd@@U__crt_internal_free_policy@@@@QBEPAU__vcrt_ptd@@XZ 10018dea f i libvcruntime:per_thread_data.obj
 0001:00017ded       ?is_valid@?$__crt_unique_heap_ptr@U__vcrt_ptd@@U__crt_internal_free_policy@@@@QBE_NXZ 10018ded f i libvcruntime:per_thread_data.obj
 0001:00017df4       ?release@?$__crt_unique_heap_ptr@U__vcrt_ptd@@U__crt_internal_free_policy@@@@QAEXXZ 10018df4 f i libvcruntime:per_thread_data.obj
 0001:00017e28       ___vcrt_freefls@4          10018e28 f   libvcruntime:per_thread_data.obj
 0001:00017e4b       ___vcrt_freeptd            10018e4b f   libvcruntime:per_thread_data.obj
 0001:00017e8e       ___vcrt_getptd             10018e8e f   libvcruntime:per_thread_data.obj
 0001:00017e9f       ___vcrt_getptd_noexit      10018e9f f   libvcruntime:per_thread_data.obj
 0001:00017f55       ___vcrt_initialize_ptd     10018f55 f   libvcruntime:per_thread_data.obj
 0001:00017f94       ___vcrt_uninitialize_ptd   10018f94 f   libvcruntime:per_thread_data.obj
 0001:00017fb5       ___vcrt_initialize_locks   10018fb5 f   libvcruntime:locks.obj
 0001:00018000       ___vcrt_lock               10019000 f   libvcruntime:locks.obj
 0001:0001801a       ___vcrt_uninitialize_locks 1001901a f   libvcruntime:locks.obj
 0001:00018054       ___vcrt_unlock             10019054 f   libvcruntime:locks.obj
 0001:0001806e       ??$?BX@__crt_fast_encoded_nullptr_t@@QBEPAXXZ 1001906e f i libvcruntime:winapi_downlevel.obj
 0001:0001808c       ??$__crt_fast_decode_pointer@PAX@@YAPAXQAX@Z 1001908c f i libvcruntime:winapi_downlevel.obj
 0001:000180a5       ??$__crt_fast_encode_pointer@PAX@@YAPAXQAX@Z 100190a5 f i libvcruntime:winapi_downlevel.obj
 0001:000180c9       ??$__crt_interlocked_compare_exchange_pointer@UHINSTANCE__@@$$T$$T@@YAPAUHINSTANCE__@@PDSAU0@$$T1@Z 100190c9 f i libvcruntime:winapi_downlevel.obj
 0001:000180df       ??$__crt_interlocked_compare_exchange_pointer@X$$T$$T@@YAPAXPDSAX$$T1@Z 100190df f i libvcruntime:winapi_downlevel.obj
 0001:000180f5       ??$__crt_interlocked_exchange_pointer@UHINSTANCE__@@PAU1@@@YAPAUHINSTANCE__@@PDSAU0@QAU0@@Z 100190f5 f i libvcruntime:winapi_downlevel.obj
 0001:00018105       ??$__crt_interlocked_exchange_pointer@UHINSTANCE__@@PAX@@YAPAUHINSTANCE__@@PDSAU0@QAX@Z 10019105 f i libvcruntime:winapi_downlevel.obj
 0001:00018115       ??$__crt_interlocked_exchange_pointer@XPAX@@YAPAXPDSAXQAX@Z 10019115 f i libvcruntime:winapi_downlevel.obj
 0001:00018125       ??$__crt_interlocked_read_pointer@UHINSTANCE__@@@@YAPAUHINSTANCE__@@PDSAU0@@Z 10019125 f i libvcruntime:winapi_downlevel.obj
 0001:00018139       ??$__crt_interlocked_read_pointer@X@@YAPAXPDSAX@Z 10019139 f i libvcruntime:winapi_downlevel.obj
 0001:0001814d       ?__crt_fast_encode_pointer@@YA?AU__crt_fast_encoded_nullptr_t@@$$T@Z 1001914d f i libvcruntime:winapi_downlevel.obj
 0001:00018491       ___vcrt_EventRegister      10019491 f   libvcruntime:winapi_downlevel.obj
 0001:000184e1       ___vcrt_EventSetInformation 100194e1 f   libvcruntime:winapi_downlevel.obj
 0001:00018534       ___vcrt_EventUnregister    10019534 f   libvcruntime:winapi_downlevel.obj
 0001:0001857c       ___vcrt_EventWriteTransfer 1001957c f   libvcruntime:winapi_downlevel.obj
 0001:000185d7       ___vcrt_FlsAlloc           100195d7 f   libvcruntime:winapi_downlevel.obj
 0001:0001861f       ___vcrt_FlsFree            1001961f f   libvcruntime:winapi_downlevel.obj
 0001:00018667       ___vcrt_FlsGetValue        10019667 f   libvcruntime:winapi_downlevel.obj
 0001:000186af       ___vcrt_FlsSetValue        100196af f   libvcruntime:winapi_downlevel.obj
 0001:000186fb       ___vcrt_InitializeCriticalSectionEx 100196fb f   libvcruntime:winapi_downlevel.obj
 0001:00018752       ___vcrt_initialize_winapi_thunks 10019752 f   libvcruntime:winapi_downlevel.obj
 0001:0001879a       ___vcrt_uninitialize_winapi_thunks 1001979a f   libvcruntime:winapi_downlevel.obj
 0001:000187d8       ??$?B$$A6AXXZ@__crt_fast_encoded_nullptr_t@@QBEP6AXXZXZ 100197d8 f i libvcruntime:purevirt_data.obj
 0001:000187f6       ??$__crt_fast_encode_pointer@P6AXXZ@@YAP6AXXZQ6AXXZ@Z 100197f6 f i libvcruntime:purevirt_data.obj
 0001:0001881a       ___vcrt_initialize_pure_virtual_call_handler 1001981a f   libvcruntime:purevirt_data.obj
 0001:0001883e       ??$__vcrt_va_start_verify_argument_type@QBD@@YAXXZ 1001983e f i libvcruntime:undname.obj
 0001:0001883f       ??0Block@_HeapManager@@QAE@XZ 1001983f f i libvcruntime:undname.obj
 0001:00018845       ??0DName@@QAE@AAPBDD@Z     10019845 f   libvcruntime:undname.obj
 0001:0001892c       ??0DName@@QAE@ABV0@@Z      1001992c f i libvcruntime:undname.obj
 0001:00018947       ??0DName@@QAE@D@Z          10019947 f   libvcruntime:undname.obj
 0001:0001897e       ??0DName@@QAE@PAV0@@Z      1001997e f   libvcruntime:undname.obj
 0001:000189de       ??0DName@@QAE@PBD@Z        100199de f   libvcruntime:undname.obj
 0001:00018a26       ??0DName@@QAE@W4DNameStatus@@@Z 10019a26 f   libvcruntime:undname.obj
 0001:00018a79       ??0DName@@QAE@XZ           10019a79 f i libvcruntime:undname.obj
 0001:00018a8e       ??0DName@@QAE@_J@Z         10019a8e f   libvcruntime:undname.obj
 0001:00018b48       ??0DName@@QAE@_K@Z         10019b48 f   libvcruntime:undname.obj
 0001:00018bd2       ??0DNameNode@@IAE@XZ       10019bd2 f   libvcruntime:undname.obj
 0001:00018bdd       ??0DNameStatusNode@@AAE@W4DNameStatus@@@Z 10019bdd f   libvcruntime:undname.obj
 0001:00018c08       ??0Replicator@@QAE@XZ      10019c08 f i libvcruntime:undname.obj
 0001:00018c0e       ??0UnDecorator@@QAE@PADPBDHP6APADJ@ZK@Z 10019c0e f i libvcruntime:undname.obj
 0001:00018c91       ??0charNode@@QAE@D@Z       10019c91 f   libvcruntime:undname.obj
 0001:00018cab       ??0pDNameNode@@QAE@PAVDName@@@Z 10019cab f   libvcruntime:undname.obj
 0001:00018cdd       ??0pairNode@@QAE@PAVDNameNode@@0@Z 10019cdd f   libvcruntime:undname.obj
 0001:00018d03       ??0pcharNode@@QAE@PBDH@Z   10019d03 f   libvcruntime:undname.obj
 0001:00018d72       ??2@YAPAXIAAV_HeapManager@@H@Z 10019d72 f i libvcruntime:undname.obj
 0001:00018d8c       ??4DName@@QAEAAV0@ABV0@@Z  10019d8c f   libvcruntime:undname.obj
 0001:00018da7       ??4DName@@QAEAAV0@D@Z      10019da7 f i libvcruntime:undname.obj
 0001:00018dde       ??4DName@@QAEAAV0@PAV0@@Z  10019dde f   libvcruntime:undname.obj
 0001:00018e39       ??4DName@@QAEAAV0@PBD@Z    10019e39 f   libvcruntime:undname.obj
 0001:00018e77       ??4DName@@QAEAAV0@W4DNameStatus@@@Z 10019e77 f   libvcruntime:undname.obj
 0001:00018eb9       ??AReplicator@@QBE?AVDName@@H@Z 10019eb9 f   libvcruntime:undname.obj
 0001:00018f04       ??BUnDecorator@@QAEPADXZ   10019f04 f i libvcruntime:undname.obj
 0001:000190db       ??H@YA?AVDName@@DABV0@@Z   1001a0db f i libvcruntime:undname.obj
 0001:00019108       ??H@YA?AVDName@@PBDABV0@@Z 1001a108 f i libvcruntime:undname.obj
 0001:00019135       ??H@YA?AVDName@@W4DNameStatus@@ABV0@@Z 1001a135 f i libvcruntime:undname.obj
 0001:00019162       ??HDName@@QBE?AV0@ABV0@@Z  1001a162 f   libvcruntime:undname.obj
 0001:0001918c       ??HDName@@QBE?AV0@D@Z      1001a18c f   libvcruntime:undname.obj
 0001:000191b6       ??HDName@@QBE?AV0@PAV0@@Z  1001a1b6 f   libvcruntime:undname.obj
 0001:000191e0       ??HDName@@QBE?AV0@PBD@Z    1001a1e0 f   libvcruntime:undname.obj
 0001:0001920a       ??HDName@@QBE?AV0@W4DNameStatus@@@Z 1001a20a f   libvcruntime:undname.obj
 0001:00019234       ??YDName@@QAEAAV0@ABV0@@Z  1001a234 f   libvcruntime:undname.obj
 0001:00019287       ??YDName@@QAEAAV0@D@Z      1001a287 f   libvcruntime:undname.obj
 0001:000192eb       ??YDName@@QAEAAV0@PAV0@@Z  1001a2eb f   libvcruntime:undname.obj
 0001:00019369       ??YDName@@QAEAAV0@PBD@Z    1001a369 f   libvcruntime:undname.obj
 0001:000193e2       ??YDName@@QAEAAV0@W4DNameStatus@@@Z 1001a3e2 f   libvcruntime:undname.obj
 0001:00019432       ??YReplicator@@QAEAAV0@ABVDName@@@Z 1001a432 f   libvcruntime:undname.obj
 0001:0001948e       ??_5DName@@QAEAAV0@ABV0@@Z 1001a48e f   libvcruntime:undname.obj
 0001:000194b1       ?Constructor@_HeapManager@@QAEXP6APAXI@ZP6AXPAX@Z@Z 1001a4b1 f i libvcruntime:undname.obj
 0001:000194d5       ?Destructor@_HeapManager@@QAEXXZ 1001a4d5 f i libvcruntime:undname.obj
 0001:0001951c       ?UScore@UnDecorator@@SAPBDW4Tokens@@@Z 1001a51c f   libvcruntime:undname.obj
 0001:00019540       ?append@DName@@AAEXPAVDNameNode@@@Z 1001a540 f   libvcruntime:undname.obj
 0001:00019597       ?composeDeclaration@UnDecorator@@CA?AVDName@@ABV2@@Z 1001a597 f i libvcruntime:undname.obj
 0001:0001a5d2       ?doAccessSpecifiers@UnDecorator@@SAHXZ 1001b5d2 f i libvcruntime:undname.obj
 0001:0001a5e3       ?doAllocationLanguage@UnDecorator@@SAHXZ 1001b5e3 f i libvcruntime:undname.obj
 0001:0001a5f4       ?doAllocationModel@UnDecorator@@SAHXZ 1001b5f4 f i libvcruntime:undname.obj
 0001:0001a605       ?doEcsu@UnDecorator@@SAHXZ 1001b605 f i libvcruntime:undname.obj
 0001:0001a616       ?doEllipsis@UnDecorator@@SAHXZ 1001b616 f i libvcruntime:undname.obj
 0001:0001a627       ?doFunctionReturns@UnDecorator@@SAHXZ 1001b627 f i libvcruntime:undname.obj
 0001:0001a638       ?doMSKeywords@UnDecorator@@SAHXZ 1001b638 f i libvcruntime:undname.obj
 0001:0001a648       ?doMemberTypes@UnDecorator@@SAHXZ 1001b648 f i libvcruntime:undname.obj
 0001:0001a659       ?doNameOnly@UnDecorator@@SAHXZ 1001b659 f i libvcruntime:undname.obj
 0001:0001a666       ?doNoIdentCharCheck@UnDecorator@@SAHXZ 1001b666 f i libvcruntime:undname.obj
 0001:0001a673       ?doPchar@DName@@AAEXPBDH@Z 1001b673 f   libvcruntime:undname.obj
 0001:0001a71f       ?doPtr64@UnDecorator@@SAHXZ 1001b71f f i libvcruntime:undname.obj
 0001:0001a730       ?doRestrictionSpec@UnDecorator@@SAHXZ 1001b730 f i libvcruntime:undname.obj
 0001:0001a741       ?doThisTypes@UnDecorator@@SAHXZ 1001b741 f i libvcruntime:undname.obj
 0001:0001a757       ?doThrowTypes@UnDecorator@@SAHXZ 1001b757 f i libvcruntime:undname.obj
 0001:0001a768       ?doTypeOnly@UnDecorator@@SAHXZ 1001b768 f i libvcruntime:undname.obj
 0001:0001a775       ?doUnderScore@UnDecorator@@SAHXZ 1001b775 f i libvcruntime:undname.obj
 0001:0001a782       ?getArgumentList@UnDecorator@@CA?AVDName@@XZ 1001b782 f   libvcruntime:undname.obj
 0001:0001a8d1       ?getArgumentTypes@UnDecorator@@CA?AVDName@@XZ 1001b8d1 f   libvcruntime:undname.obj
 0001:0001a9e9       ?getArrayType@UnDecorator@@CA?AVDName@@ABV2@@Z 1001b9e9 f i libvcruntime:undname.obj
 0001:0001ac6b       ?getBasedType@UnDecorator@@CA?AVDName@@XZ 1001bc6b f   libvcruntime:undname.obj
 0001:0001ad2a       ?getBasicDataType@UnDecorator@@CA?AVDName@@ABV2@@Z 1001bd2a f   libvcruntime:undname.obj
 0001:0001b214       ?getCallIndex@UnDecorator@@CA?AVDName@@XZ 1001c214 f i libvcruntime:undname.obj
 0001:0001b22d       ?getCallingConvention@UnDecorator@@CA?AVDName@@XZ 1001c22d f   libvcruntime:undname.obj
 0001:0001b31b       ?getDataIndirectType@UnDecorator@@CA?AVDName@@ABV2@PBD0H@Z 1001c31b f   libvcruntime:undname.obj
 0001:0001bac6       ?getDataIndirectType@UnDecorator@@CA?AVDName@@XZ 1001cac6 f i libvcruntime:undname.obj
 0001:0001bb0d       ?getDataType@UnDecorator@@CA?AVDName@@PAV2@@Z 1001cb0d f   libvcruntime:undname.obj
 0001:0001bc13       ?getDecoratedName@UnDecorator@@CA?AVDName@@XZ 1001cc13 f   libvcruntime:undname.obj
 0001:0001bef2       ?getDimension@UnDecorator@@CA?AVDName@@_N@Z 1001cef2 f   libvcruntime:undname.obj
 0001:0001c076       ?getDispatchTarget@UnDecorator@@CA?AVDName@@XZ 1001d076 f   libvcruntime:undname.obj
 0001:0001c0e7       ?getDisplacement@UnDecorator@@CA?AVDName@@XZ 1001d0e7 f i libvcruntime:undname.obj
 0001:0001c100       ?getECSUDataType@UnDecorator@@CA?AVDName@@XZ 1001d100 f   libvcruntime:undname.obj
 0001:0001c264       ?getECSUName@UnDecorator@@CA?AVDName@@XZ 1001d264 f i libvcruntime:undname.obj
 0001:0001c279       ?getEnumType@UnDecorator@@CA?AVDName@@XZ 1001d279 f i libvcruntime:undname.obj
 0001:0001c3a0       ?getExtendedDataIndirectType@UnDecorator@@CA?AVDName@@AAPBDAA_NH@Z 1001d3a0 f   libvcruntime:undname.obj
 0001:0001c5b3       ?getExternalDataType@UnDecorator@@CA?AVDName@@ABV2@@Z 1001d5b3 f i libvcruntime:undname.obj
 0001:0001c64a       ?getFunctionIndirectType@UnDecorator@@CA?AVDName@@ABV2@@Z 1001d64a f   libvcruntime:undname.obj
 0001:0001cb55       ?getGuardNumber@UnDecorator@@CA?AVDName@@XZ 1001db55 f i libvcruntime:undname.obj
 0001:0001cb6e       ?getLastChar@DName@@QBEDXZ 1001db6e f i libvcruntime:undname.obj
 0001:0001cb94       ?getLastChar@DNameStatusNode@@UBEDXZ 1001db94 f i libvcruntime:undname.obj
 0001:0001cba3       ?getLastChar@charNode@@UBEDXZ 1001dba3 f i libvcruntime:undname.obj
 0001:0001cba7       ?getLastChar@pDNameNode@@UBEDXZ 1001dba7 f i libvcruntime:undname.obj
 0001:0001cbb8       ?getLastChar@pairNode@@UBEDXZ 1001dbb8 f i libvcruntime:undname.obj
 0001:0001cbf7       ?getLastChar@pcharNode@@UBEDXZ 1001dbf7 f i libvcruntime:undname.obj
 0001:0001cc0d       ?getLexicalFrame@UnDecorator@@CA?AVDName@@XZ 1001dc0d f i libvcruntime:undname.obj
 0001:0001cc59       ?getMemory@_HeapManager@@QAEPAXIH@Z 1001dc59 f   libvcruntime:undname.obj
 0001:0001cd0a       ?getNumberOfDimensions@UnDecorator@@CAHXZ 1001dd0a f   libvcruntime:undname.obj
 0001:0001cd83       ?getOperatorName@UnDecorator@@CA?AVDName@@_NPA_N@Z 1001dd83 f i libvcruntime:undname.obj
 0001:0001d533       ?getPointerType@UnDecorator@@CA?AVDName@@ABV2@0@Z 1001e533 f i libvcruntime:undname.obj
 0001:0001d558       ?getPointerTypeArray@UnDecorator@@CA?AVDName@@ABV2@0@Z 1001e558 f i libvcruntime:undname.obj
 0001:0001d57d       ?getPrimaryDataType@UnDecorator@@CA?AVDName@@ABV2@@Z 1001e57d f   libvcruntime:undname.obj
 0001:0001d7ee       ?getPtrRefDataType@UnDecorator@@CA?AVDName@@ABV2@H@Z 1001e7ee f   libvcruntime:undname.obj
 0001:0001d930       ?getPtrRefType@UnDecorator@@CA?AVDName@@ABV2@0PBD@Z 1001e930 f   libvcruntime:undname.obj
 0001:0001da6b       ?getReferenceType@UnDecorator@@CA?AVDName@@ABV2@0PBD@Z 1001ea6b f i libvcruntime:undname.obj
 0001:0001da8e       ?getRestrictionSpec@UnDecorator@@CA?AVDName@@XZ 1001ea8e f   libvcruntime:undname.obj
 0001:0001dbbc       ?getReturnType@UnDecorator@@CA?AVDName@@PAV2@@Z 1001ebbc f   libvcruntime:undname.obj
 0001:0001dbf6       ?getScope@UnDecorator@@CA?AVDName@@XZ 1001ebf6 f   libvcruntime:undname.obj
 0001:0001e0cb       ?getScopedName@UnDecorator@@CA?AVDName@@XZ 1001f0cb f   libvcruntime:undname.obj
 0001:0001e204       ?getSignedDimension@UnDecorator@@CA?AVDName@@XZ 1001f204 f   libvcruntime:undname.obj
 0001:0001e26b       ?getStorageConvention@UnDecorator@@CA?AVDName@@XZ 1001f26b f i libvcruntime:undname.obj
 0001:0001e280       ?getString@DName@@QBEPADPAD0@Z 1001f280 f i libvcruntime:undname.obj
 0001:0001e2b7       ?getString@DName@@QBEPADPADH@Z 1001f2b7 f i libvcruntime:undname.obj
 0001:0001e322       ?getString@DNameStatusNode@@UBEPADPAD0@Z 1001f322 f i libvcruntime:undname.obj
 0001:0001e352       ?getString@charNode@@UBEPADPAD0@Z 1001f352 f i libvcruntime:undname.obj
 0001:0001e36c       ?getString@pDNameNode@@UBEPADPAD0@Z 1001f36c f i libvcruntime:undname.obj
 0001:0001e388       ?getString@pairNode@@UBEPADPAD0@Z 1001f388 f i libvcruntime:undname.obj
 0001:0001e3dd       ?getString@pcharNode@@UBEPADPAD0@Z 1001f3dd f i libvcruntime:undname.obj
 0001:0001e3fe       ?getStringEncoding@UnDecorator@@CA?AVDName@@PADH@Z 1001f3fe f   libvcruntime:undname.obj
 0001:0001e4c9       ?getStringHelper@@YAPADPAD00H@Z 1001f4c9 f i libvcruntime:undname.obj
 0001:0001e50d       ?getSymbolName@UnDecorator@@CA?AVDName@@XZ 1001f50d f i libvcruntime:undname.obj
 0001:0001e567       ?getTemplateArgumentList@UnDecorator@@CA?AVDName@@XZ 1001f567 f   libvcruntime:undname.obj
 0001:0001e8b4       ?getTemplateConstant@UnDecorator@@CA?AVDName@@XZ 1001f8b4 f   libvcruntime:undname.obj
 0001:0001ecc9       ?getTemplateName@UnDecorator@@CA?AVDName@@_N@Z 1001fcc9 f   libvcruntime:undname.obj
 0001:0001ee74       ?getThisType@UnDecorator@@CA?AVDName@@XZ 1001fe74 f i libvcruntime:undname.obj
 0001:0001eebc       ?getThrowTypes@UnDecorator@@CA?AVDName@@XZ 1001febc f   libvcruntime:undname.obj
 0001:0001ef68       ?getTypeEncoding@UnDecorator@@CAHXZ 1001ff68 f i libvcruntime:undname.obj
 0001:0001f364       ?getVCallThunkType@UnDecorator@@CA?AVDName@@XZ 10020364 f i libvcruntime:undname.obj
 0001:0001f3ad       ?getVbTableType@UnDecorator@@CA?AVDName@@ABV2@@Z 100203ad f i libvcruntime:undname.obj
 0001:0001f3c7       ?getVdispMapType@UnDecorator@@CA?AVDName@@ABV2@@Z 100203c7 f i libvcruntime:undname.obj
 0001:0001f432       ?getVfTableType@UnDecorator@@CA?AVDName@@ABV2@@Z 10020432 f i libvcruntime:undname.obj
 0001:0001f5f0       ?getZName@UnDecorator@@CA?AVDName@@_N0@Z 100205f0 f   libvcruntime:undname.obj
 0001:0001f8c0       ?haveTemplateParameters@UnDecorator@@SAHXZ 100208c0 f i libvcruntime:undname.obj
 0001:0001f8cd       ?isArray@DName@@QBEHXZ     100208cd f i libvcruntime:undname.obj
 0001:0001f8d9       ?isComArray@DName@@QBEHXZ  100208d9 f i libvcruntime:undname.obj
 0001:0001f8e5       ?isEmpty@DName@@QBEHXZ     100208e5 f i libvcruntime:undname.obj
 0001:0001f8ef       ?isFull@Replicator@@QBEHXZ 100208ef f i libvcruntime:undname.obj
 0001:0001f8fa       ?isNoTE@DName@@QBEHXZ      100208fa f i libvcruntime:undname.obj
 0001:0001f906       ?isPinPtr@DName@@QBEHXZ    10020906 f i libvcruntime:undname.obj
 0001:0001f912       ?isPtrRef@DName@@QBEHXZ    10020912 f i libvcruntime:undname.obj
 0001:0001f91e       ?isUDC@DName@@QBEHXZ       1002091e f i libvcruntime:undname.obj
 0001:0001f933       ?isUDTThunk@DName@@QBEHXZ  10020933 f i libvcruntime:undname.obj
 0001:0001f948       ?isVCallThunk@DName@@QBEHXZ 10020948 f i libvcruntime:undname.obj
 0001:0001f954       ?isValid@DName@@QBEHXZ     10020954 f i libvcruntime:undname.obj
 0001:0001f960       ?length@DName@@QBEHXZ      10020960 f i libvcruntime:undname.obj
 0001:0001f985       ?length@DNameStatusNode@@UBEHXZ 10020985 f i libvcruntime:undname.obj
 0001:0001f989       ?length@charNode@@UBEHXZ   10020989 f i libvcruntime:undname.obj
 0001:0001f98d       ?length@pDNameNode@@UBEHXZ 1002098d f i libvcruntime:undname.obj
 0001:0001f99e       ?length@pairNode@@UBEHXZ   1002099e f i libvcruntime:undname.obj
 0001:0001f9fa       ?length@pcharNode@@UBEHXZ  100209fa f i libvcruntime:undname.obj
 0001:0001f9fe       ?make@DNameStatusNode@@SAPAV1@W4DNameStatus@@@Z 100209fe f i libvcruntime:undname.obj
 0001:0001faa5       ?setIsArray@DName@@QAEXXZ  10020aa5 f i libvcruntime:undname.obj
 0001:0001faaf       ?setIsComArray@DName@@QAEXXZ 10020aaf f i libvcruntime:undname.obj
 0001:0001fab9       ?setIsNoTE@DName@@QAEXXZ   10020ab9 f i libvcruntime:undname.obj
 0001:0001fac3       ?setIsPinPtr@DName@@QAEXXZ 10020ac3 f i libvcruntime:undname.obj
 0001:0001facd       ?setIsUDC@DName@@QAEXXZ    10020acd f i libvcruntime:undname.obj
 0001:0001fadd       ?setIsVCallThunk@DName@@QAEXXZ 10020add f i libvcruntime:undname.obj
 0001:0001fae7       ?setPtrRef@DName@@QAEAAV1@XZ 10020ae7 f i libvcruntime:undname.obj
 0001:0001faf3       ?status@DName@@QBE?AW4DNameStatus@@XZ 10020af3 f i libvcruntime:undname.obj
 0001:0001fb78       ___unDName                 10020b78 f   libvcruntime:undname.obj
 0001:0001fc32       ___unDNameEx               10020c32 f   libvcruntime:undname.obj
 0001:0001fcec       __vsprintf_s_l             10020cec f i libvcruntime:undname.obj
 0001:0001fd24       _sprintf_s                 10020d24 f i libvcruntime:undname.obj
 0001:0001fd50       __global_unwind2           10020d50 f   libvcruntime:_exsup_.obj
 0001:0001fdb5       __local_unwind2            10020db5 f   libvcruntime:_exsup_.obj
 0001:0001fe39       __abnormal_termination     10020e39 f   libvcruntime:_exsup_.obj
 0001:0001fe5c       __NLG_Notify1              10020e5c f   libvcruntime:_exsup_.obj
 0001:0001fe65       __NLG_Notify               10020e65 f   libvcruntime:_exsup_.obj
 0001:0001fe7c       __NLG_Dispatch2            10020e7c     libvcruntime:_exsup_.obj
 0001:0001fe7c       __NLG_Dispatch             10020e7c     libvcruntime:_exsup_.obj
 0001:0001fe84       __NLG_Call                 10020e84 f   libvcruntime:_exsup_.obj
 0001:0001fe86       __NLG_Return2              10020e86     libvcruntime:_exsup_.obj
 0001:0001fed4       ??$__crt_fast_decode_pointer@P6AXXZ@@YAP6AXXZQ6AXXZ@Z 10020ed4 f i libvcruntime:purevirt.obj
 0001:0001feed       ??$__crt_interlocked_compare_exchange_pointer@$$A6AXXZ$$T$$T@@YAP6AXXZPDS6AXXZ$$T1@Z 10020eed f i libvcruntime:purevirt.obj
 0001:0001ff03       ??$__crt_interlocked_exchange_pointer@$$A6AXXZP6AXXZ@@YAP6AXXZPDS6AXXZQ6AXXZ@Z 10020f03 f i libvcruntime:purevirt.obj
 0001:0001ff13       ??$__crt_interlocked_read_pointer@$$A6AXXZ@@YAP6AXXZPDS6AXXZ@Z 10020f13 f i libvcruntime:purevirt.obj
 0001:0001ff27       __get_purecall_handler     10020f27 f   libvcruntime:purevirt.obj
 0001:0001ff4d       __purecall                 10020f4d f   libvcruntime:purevirt.obj
 0001:0001ff6e       __set_purecall_handler     10020f6e f   libvcruntime:purevirt.obj
 0001:0001ff9c       _malloc                    10020f9c f   libucrt:malloc.obj
 0001:0001ffa9       ??$?RPAU__crt_stdio_stream_data@@@__crt_internal_free_policy@@QBEXQBQAU__crt_stdio_stream_data@@@Z 10020fa9 f i libucrt:_file.obj
 0001:0001ffbf       ??0?$__crt_unique_heap_ptr@PAU__crt_stdio_stream_data@@U__crt_internal_free_policy@@@@QAE@QAPAU__crt_stdio_stream_data@@@Z 10020fbf f i libucrt:_file.obj
 0001:0001ffd3       ??0__crt_stdio_stream@@QAE@QAU_iobuf@@@Z 10020fd3 f i libucrt:_file.obj
 0001:0001ffe7       ??1?$__crt_unique_heap_ptr@PAU__crt_stdio_stream_data@@U__crt_internal_free_policy@@@@QAE@XZ 10020fe7 f i libucrt:_file.obj
 0001:0001fffd       ??C__crt_stdio_stream@@QBEPAU__crt_stdio_stream_data@@XZ 10020ffd f i libucrt:_file.obj
 0001:00020000       ?detach@?$__crt_unique_heap_ptr@PAU__crt_stdio_stream_data@@U__crt_internal_free_policy@@@@QAEPAPAU__crt_stdio_stream_data@@XZ 10021000 f i libucrt:_file.obj
 0001:00020006       ?release@?$__crt_unique_heap_ptr@PAU__crt_stdio_stream_data@@U__crt_internal_free_policy@@@@QAEXXZ 10021006 f i libucrt:_file.obj
 0001:0002001c       ___acrt_initialize_stdio   1002101c f   libucrt:_file.obj
 0001:00020116       ___acrt_iob_func           10021116 f   libucrt:_file.obj
 0001:0002012a       ___acrt_uninitialize_stdio 1002112a f   libucrt:_file.obj
 0001:00020189       __get_stream_buffer_pointers 10021189 f   libucrt:_file.obj
 0001:000201e0       __lock_file                100211e0 f   libucrt:_file.obj
 0001:000201f9       __unlock_file              100211f9 f   libucrt:_file.obj
 0001:00020212       ??$?0ABV?$stream_output_adapter@D@__crt_stdio_output@@AB_KABQBDABQAU__crt_locale_pointers@@ABQAD@?$format_validation_base@DV?$stream_output_adapter@D@__crt_stdio_output@@@__crt_stdio_output@@IAE@ABV?$stream_output_adapter@D@1@AB_KABQBDABQAU__crt_locale_pointers@@ABQAD@Z 10021212 f i libucrt:output.obj
 0001:0002023d       ??$?0ABV?$stream_output_adapter@D@__crt_stdio_output@@AB_KABQBDABQAU__crt_locale_pointers@@ABQAD@?$positional_parameter_base@DV?$stream_output_adapter@D@__crt_stdio_output@@@__crt_stdio_output@@IAE@ABV?$stream_output_adapter@D@1@AB_KABQBDABQAU__crt_locale_pointers@@ABQAD@Z 1002123d f i libucrt:output.obj
 0001:00020297       ??$?0ABV?$stream_output_adapter@D@__crt_stdio_output@@AB_KABQBDABQAU__crt_locale_pointers@@ABQAD@?$standard_base@DV?$stream_output_adapter@D@__crt_stdio_output@@@__crt_stdio_output@@IAE@ABV?$stream_output_adapter@D@1@AB_KABQBDABQAU__crt_locale_pointers@@ABQAD@Z 10021297 f i libucrt:output.obj
 0001:000202d9       ??$?0ABV?$stream_output_adapter@_W@__crt_stdio_output@@AB_KABQB_WABQAU__crt_locale_pointers@@ABQAD@?$format_validation_base@_WV?$stream_output_adapter@_W@__crt_stdio_output@@@__crt_stdio_output@@IAE@ABV?$stream_output_adapter@_W@1@AB_KABQB_WABQAU__crt_locale_pointers@@ABQAD@Z 100212d9 f i libucrt:output.obj
 0001:00020304       ??$?0ABV?$stream_output_adapter@_W@__crt_stdio_output@@AB_KABQB_WABQAU__crt_locale_pointers@@ABQAD@?$positional_parameter_base@_WV?$stream_output_adapter@_W@__crt_stdio_output@@@__crt_stdio_output@@IAE@ABV?$stream_output_adapter@_W@1@AB_KABQB_WABQAU__crt_locale_pointers@@ABQAD@Z 10021304 f i libucrt:output.obj
 0001:0002035e       ??$?0ABV?$stream_output_adapter@_W@__crt_stdio_output@@AB_KABQB_WABQAU__crt_locale_pointers@@ABQAD@?$standard_base@_WV?$stream_output_adapter@_W@__crt_stdio_output@@@__crt_stdio_output@@IAE@ABV?$stream_output_adapter@_W@1@AB_KABQB_WABQAU__crt_locale_pointers@@ABQAD@Z 1002135e f i libucrt:output.obj
 0001:000203a0       ??$?0ABV?$string_output_adapter@D@__crt_stdio_output@@AB_KABQBDABQAU__crt_locale_pointers@@ABQAD@?$format_validation_base@DV?$string_output_adapter@D@__crt_stdio_output@@@__crt_stdio_output@@IAE@ABV?$string_output_adapter@D@1@AB_KABQBDABQAU__crt_locale_pointers@@ABQAD@Z 100213a0 f i libucrt:output.obj
 0001:000203cb       ??$?0ABV?$string_output_adapter@D@__crt_stdio_output@@AB_KABQBDABQAU__crt_locale_pointers@@ABQAD@?$positional_parameter_base@DV?$string_output_adapter@D@__crt_stdio_output@@@__crt_stdio_output@@IAE@ABV?$string_output_adapter@D@1@AB_KABQBDABQAU__crt_locale_pointers@@ABQAD@Z 100213cb f i libucrt:output.obj
 0001:00020425       ??$?0ABV?$string_output_adapter@D@__crt_stdio_output@@AB_KABQBDABQAU__crt_locale_pointers@@ABQAD@?$standard_base@DV?$string_output_adapter@D@__crt_stdio_output@@@__crt_stdio_output@@IAE@ABV?$string_output_adapter@D@1@AB_KABQBDABQAU__crt_locale_pointers@@ABQAD@Z 10021425 f i libucrt:output.obj
 0001:00020467       ??$?0ABV?$string_output_adapter@_W@__crt_stdio_output@@AB_KABQB_WABQAU__crt_locale_pointers@@ABQAD@?$format_validation_base@_WV?$string_output_adapter@_W@__crt_stdio_output@@@__crt_stdio_output@@IAE@ABV?$string_output_adapter@_W@1@AB_KABQB_WABQAU__crt_locale_pointers@@ABQAD@Z 10021467 f i libucrt:output.obj
 0001:00020492       ??$?0ABV?$string_output_adapter@_W@__crt_stdio_output@@AB_KABQB_WABQAU__crt_locale_pointers@@ABQAD@?$positional_parameter_base@_WV?$string_output_adapter@_W@__crt_stdio_output@@@__crt_stdio_output@@IAE@ABV?$string_output_adapter@_W@1@AB_KABQB_WABQAU__crt_locale_pointers@@ABQAD@Z 10021492 f i libucrt:output.obj
 0001:000204ec       ??$?0ABV?$string_output_adapter@_W@__crt_stdio_output@@AB_KABQB_WABQAU__crt_locale_pointers@@ABQAD@?$standard_base@_WV?$string_output_adapter@_W@__crt_stdio_output@@@__crt_stdio_output@@IAE@ABV?$string_output_adapter@_W@1@AB_KABQB_WABQAU__crt_locale_pointers@@ABQAD@Z 100214ec f i libucrt:output.obj
 0001:0002052e       ??$?RV<lambda_2293f24e3ce1ad6fe22ccfb9dec07671>@@AAV<lambda_2565fc715a641e539f44ad02d6823606>@@V<lambda_d3217f279b832965d9ca670dc2993570>@@@?$__crt_seh_guarded_call@H@@QAEH$$QAV<lambda_2293f24e3ce1ad6fe22ccfb9dec07671>@@AAV<lambda_2565fc715a641e539f44ad02d6823606>@@$$QAV<lambda_d3217f279b832965d9ca670dc2993570>@@@Z 1002152e f i libucrt:output.obj
 0001:00020593       ??$?RV<lambda_4d4ac866be0fa3c441830420fabdd2cb>@@AAV<lambda_63a10c2dc8dbb9e4dd1890be52af7c93>@@V<lambda_002af9fa0f8fe472b648c51882d4fc32>@@@?$__crt_seh_guarded_call@H@@QAEH$$QAV<lambda_4d4ac866be0fa3c441830420fabdd2cb>@@AAV<lambda_63a10c2dc8dbb9e4dd1890be52af7c93>@@$$QAV<lambda_002af9fa0f8fe472b648c51882d4fc32>@@@Z 10021593 f i libucrt:output.obj
 0001:000205f8       ??$?RV<lambda_5be909dfbae0a631386585770cd7b676>@@AAV<lambda_e516058a9c289d98c8ca9fea99247804>@@V<lambda_afe2e0cdc5e0ecf6f0d6f5e2f8985e38>@@@?$__crt_seh_guarded_call@H@@QAEH$$QAV<lambda_5be909dfbae0a631386585770cd7b676>@@AAV<lambda_e516058a9c289d98c8ca9fea99247804>@@$$QAV<lambda_afe2e0cdc5e0ecf6f0d6f5e2f8985e38>@@@Z 100215f8 f i libucrt:output.obj
 0001:0002065d       ??$?RV<lambda_823d65812123d985753d53e2a8c25d20>@@AAV<lambda_0a97c9e57da7be065955385c79108ff2>@@V<lambda_4d2973f3ad2d226f00468307185dca1b>@@@?$__crt_seh_guarded_call@H@@QAEH$$QAV<lambda_823d65812123d985753d53e2a8c25d20>@@AAV<lambda_0a97c9e57da7be065955385c79108ff2>@@$$QAV<lambda_4d2973f3ad2d226f00468307185dca1b>@@@Z 1002165d f i libucrt:output.obj
 0001:000206c2       ??$?RV<lambda_ab9923ffb5d694ec0d78876dd103e44f>@@AAV<lambda_481dd5778c961fbcd3b60b650e9b9dc4>@@V<lambda_7923d86c9e3f319b415918ec4b39749c>@@@?$__crt_seh_guarded_call@H@@QAEH$$QAV<lambda_ab9923ffb5d694ec0d78876dd103e44f>@@AAV<lambda_481dd5778c961fbcd3b60b650e9b9dc4>@@$$QAV<lambda_7923d86c9e3f319b415918ec4b39749c>@@@Z 100216c2 f i libucrt:output.obj
 0001:00020727       ??$?RV<lambda_db08b09ef7aa9d4f8620ce68402612bc>@@AAV<lambda_4f2c1eaeead2a5fc776db5b62ea0fb9b>@@V<lambda_3ae262bc35d4ba6a3825c4f6bcaaf95c>@@@?$__crt_seh_guarded_call@H@@QAEH$$QAV<lambda_db08b09ef7aa9d4f8620ce68402612bc>@@AAV<lambda_4f2c1eaeead2a5fc776db5b62ea0fb9b>@@$$QAV<lambda_3ae262bc35d4ba6a3825c4f6bcaaf95c>@@@Z 10021727 f i libucrt:output.obj
 0001:0002078c       ??$__acrt_lock_stream_and_call@V<lambda_0a97c9e57da7be065955385c79108ff2>@@@@YAHQAU_iobuf@@$$QAV<lambda_0a97c9e57da7be065955385c79108ff2>@@@Z 1002178c f i libucrt:output.obj
 0001:000207be       ??$__acrt_lock_stream_and_call@V<lambda_2565fc715a641e539f44ad02d6823606>@@@@YAHQAU_iobuf@@$$QAV<lambda_2565fc715a641e539f44ad02d6823606>@@@Z 100217be f i libucrt:output.obj
 0001:000207f0       ??$__acrt_lock_stream_and_call@V<lambda_481dd5778c961fbcd3b60b650e9b9dc4>@@@@YAHQAU_iobuf@@$$QAV<lambda_481dd5778c961fbcd3b60b650e9b9dc4>@@@Z 100217f0 f i libucrt:output.obj
 0001:00020822       ??$__acrt_lock_stream_and_call@V<lambda_4f2c1eaeead2a5fc776db5b62ea0fb9b>@@@@YAHQAU_iobuf@@$$QAV<lambda_4f2c1eaeead2a5fc776db5b62ea0fb9b>@@@Z 10021822 f i libucrt:output.obj
 0001:00020854       ??$__acrt_lock_stream_and_call@V<lambda_63a10c2dc8dbb9e4dd1890be52af7c93>@@@@YAHQAU_iobuf@@$$QAV<lambda_63a10c2dc8dbb9e4dd1890be52af7c93>@@@Z 10021854 f i libucrt:output.obj
 0001:00020886       ??$__acrt_lock_stream_and_call@V<lambda_e516058a9c289d98c8ca9fea99247804>@@@@YAHQAU_iobuf@@$$QAV<lambda_e516058a9c289d98c8ca9fea99247804>@@@Z 10021886 f i libucrt:output.obj
 0001:000208b8       ??$__crt_interlocked_read@J@@YAJPDJ@Z 100218b8 f i libucrt:output.obj
 0001:00021b03       ??$count@D@formatting_buffer@__crt_stdio_output@@QBEIXZ 10022b03 f i libucrt:output.obj
 0001:00021b21       ??$data@D@formatting_buffer@__crt_stdio_output@@QAEPADXZ 10022b21 f i libucrt:output.obj
 0001:00021b31       ??$data@_W@formatting_buffer@__crt_stdio_output@@QAEPA_WXZ 10022b31 f i libucrt:output.obj
 0001:00021b41       ??$ensure_buffer_is_big_enough@D@formatting_buffer@__crt_stdio_output@@QAE_NI@Z 10022b41 f i libucrt:output.obj
 0001:00021be8       ??$extract_argument_from_va_list@C_J@?$positional_parameter_base@DV?$stream_output_adapter@D@__crt_stdio_output@@@__crt_stdio_output@@IAE_NAA_J@Z 10022be8 f i libucrt:output.obj
 0001:00021c86       ??$extract_argument_from_va_list@C_J@?$positional_parameter_base@DV?$string_output_adapter@D@__crt_stdio_output@@@__crt_stdio_output@@IAE_NAA_J@Z 10022c86 f i libucrt:output.obj
 0001:00021d24       ??$extract_argument_from_va_list@C_J@?$positional_parameter_base@_WV?$stream_output_adapter@_W@__crt_stdio_output@@@__crt_stdio_output@@IAE_NAA_J@Z 10022d24 f i libucrt:output.obj
 0001:00021dc2       ??$extract_argument_from_va_list@C_J@?$positional_parameter_base@_WV?$string_output_adapter@_W@__crt_stdio_output@@@__crt_stdio_output@@IAE_NAA_J@Z 10022dc2 f i libucrt:output.obj
 0001:00021e60       ??$extract_argument_from_va_list@C_J@?$standard_base@DV?$stream_output_adapter@D@__crt_stdio_output@@@__crt_stdio_output@@IAE_NAA_J@Z 10022e60 f i libucrt:output.obj
 0001:00021e86       ??$extract_argument_from_va_list@C_J@?$standard_base@DV?$string_output_adapter@D@__crt_stdio_output@@@__crt_stdio_output@@IAE_NAA_J@Z 10022e86 f i libucrt:output.obj
 0001:00021eac       ??$extract_argument_from_va_list@C_J@?$standard_base@_WV?$stream_output_adapter@_W@__crt_stdio_output@@@__crt_stdio_output@@IAE_NAA_J@Z 10022eac f i libucrt:output.obj
 0001:00021ed2       ??$extract_argument_from_va_list@C_J@?$standard_base@_WV?$string_output_adapter@_W@__crt_stdio_output@@@__crt_stdio_output@@IAE_NAA_J@Z 10022ed2 f i libucrt:output.obj
 0001:00021ef8       ??$extract_argument_from_va_list@E_J@?$positional_parameter_base@DV?$stream_output_adapter@D@__crt_stdio_output@@@__crt_stdio_output@@IAE_NAA_J@Z 10022ef8 f i libucrt:output.obj
 0001:00021f96       ??$extract_argument_from_va_list@E_J@?$positional_parameter_base@DV?$string_output_adapter@D@__crt_stdio_output@@@__crt_stdio_output@@IAE_NAA_J@Z 10022f96 f i libucrt:output.obj
 0001:00022034       ??$extract_argument_from_va_list@E_J@?$positional_parameter_base@_WV?$stream_output_adapter@_W@__crt_stdio_output@@@__crt_stdio_output@@IAE_NAA_J@Z 10023034 f i libucrt:output.obj
 0001:000220d2       ??$extract_argument_from_va_list@E_J@?$positional_parameter_base@_WV?$string_output_adapter@_W@__crt_stdio_output@@@__crt_stdio_output@@IAE_NAA_J@Z 100230d2 f i libucrt:output.obj
 0001:00022170       ??$extract_argument_from_va_list@E_J@?$standard_base@DV?$stream_output_adapter@D@__crt_stdio_output@@@__crt_stdio_output@@IAE_NAA_J@Z 10023170 f i libucrt:output.obj
 0001:00022196       ??$extract_argument_from_va_list@E_J@?$standard_base@DV?$string_output_adapter@D@__crt_stdio_output@@@__crt_stdio_output@@IAE_NAA_J@Z 10023196 f i libucrt:output.obj
 0001:000221bc       ??$extract_argument_from_va_list@E_J@?$standard_base@_WV?$stream_output_adapter@_W@__crt_stdio_output@@@__crt_stdio_output@@IAE_NAA_J@Z 100231bc f i libucrt:output.obj
 0001:000221e2       ??$extract_argument_from_va_list@E_J@?$standard_base@_WV?$string_output_adapter@_W@__crt_stdio_output@@@__crt_stdio_output@@IAE_NAA_J@Z 100231e2 f i libucrt:output.obj
 0001:00022208       ??$extract_argument_from_va_list@F_J@?$positional_parameter_base@DV?$stream_output_adapter@D@__crt_stdio_output@@@__crt_stdio_output@@IAE_NAA_J@Z 10023208 f i libucrt:output.obj
 0001:000222a6       ??$extract_argument_from_va_list@F_J@?$positional_parameter_base@DV?$string_output_adapter@D@__crt_stdio_output@@@__crt_stdio_output@@IAE_NAA_J@Z 100232a6 f i libucrt:output.obj
 0001:00022344       ??$extract_argument_from_va_list@F_J@?$positional_parameter_base@_WV?$stream_output_adapter@_W@__crt_stdio_output@@@__crt_stdio_output@@IAE_NAA_J@Z 10023344 f i libucrt:output.obj
 0001:000223e2       ??$extract_argument_from_va_list@F_J@?$positional_parameter_base@_WV?$string_output_adapter@_W@__crt_stdio_output@@@__crt_stdio_output@@IAE_NAA_J@Z 100233e2 f i libucrt:output.obj
 0001:00022480       ??$extract_argument_from_va_list@F_J@?$standard_base@DV?$stream_output_adapter@D@__crt_stdio_output@@@__crt_stdio_output@@IAE_NAA_J@Z 10023480 f i libucrt:output.obj
 0001:000224a6       ??$extract_argument_from_va_list@F_J@?$standard_base@DV?$string_output_adapter@D@__crt_stdio_output@@@__crt_stdio_output@@IAE_NAA_J@Z 100234a6 f i libucrt:output.obj
 0001:000224cc       ??$extract_argument_from_va_list@F_J@?$standard_base@_WV?$stream_output_adapter@_W@__crt_stdio_output@@@__crt_stdio_output@@IAE_NAA_J@Z 100234cc f i libucrt:output.obj
 0001:000224f2       ??$extract_argument_from_va_list@F_J@?$standard_base@_WV?$string_output_adapter@_W@__crt_stdio_output@@@__crt_stdio_output@@IAE_NAA_J@Z 100234f2 f i libucrt:output.obj
 0001:00022518       ??$extract_argument_from_va_list@GD@?$positional_parameter_base@DV?$stream_output_adapter@D@__crt_stdio_output@@@__crt_stdio_output@@IAE_NAAD@Z 10023518 f i libucrt:output.obj
 0001:000225b5       ??$extract_argument_from_va_list@GD@?$positional_parameter_base@DV?$string_output_adapter@D@__crt_stdio_output@@@__crt_stdio_output@@IAE_NAAD@Z 100235b5 f i libucrt:output.obj
 0001:00022652       ??$extract_argument_from_va_list@GD@?$standard_base@DV?$stream_output_adapter@D@__crt_stdio_output@@@__crt_stdio_output@@IAE_NAAD@Z 10023652 f i libucrt:output.obj
 0001:00022672       ??$extract_argument_from_va_list@GD@?$standard_base@DV?$string_output_adapter@D@__crt_stdio_output@@@__crt_stdio_output@@IAE_NAAD@Z 10023672 f i libucrt:output.obj
 0001:00022692       ??$extract_argument_from_va_list@G_J@?$positional_parameter_base@DV?$stream_output_adapter@D@__crt_stdio_output@@@__crt_stdio_output@@IAE_NAA_J@Z 10023692 f i libucrt:output.obj
 0001:00022730       ??$extract_argument_from_va_list@G_J@?$positional_parameter_base@DV?$string_output_adapter@D@__crt_stdio_output@@@__crt_stdio_output@@IAE_NAA_J@Z 10023730 f i libucrt:output.obj
 0001:000227ce       ??$extract_argument_from_va_list@G_J@?$positional_parameter_base@_WV?$stream_output_adapter@_W@__crt_stdio_output@@@__crt_stdio_output@@IAE_NAA_J@Z 100237ce f i libucrt:output.obj
 0001:0002286c       ??$extract_argument_from_va_list@G_J@?$positional_parameter_base@_WV?$string_output_adapter@_W@__crt_stdio_output@@@__crt_stdio_output@@IAE_NAA_J@Z 1002386c f i libucrt:output.obj
 0001:0002290a       ??$extract_argument_from_va_list@G_J@?$standard_base@DV?$stream_output_adapter@D@__crt_stdio_output@@@__crt_stdio_output@@IAE_NAA_J@Z 1002390a f i libucrt:output.obj
 0001:00022930       ??$extract_argument_from_va_list@G_J@?$standard_base@DV?$string_output_adapter@D@__crt_stdio_output@@@__crt_stdio_output@@IAE_NAA_J@Z 10023930 f i libucrt:output.obj
 0001:00022956       ??$extract_argument_from_va_list@G_J@?$standard_base@_WV?$stream_output_adapter@_W@__crt_stdio_output@@@__crt_stdio_output@@IAE_NAA_J@Z 10023956 f i libucrt:output.obj
 0001:0002297c       ??$extract_argument_from_va_list@G_J@?$standard_base@_WV?$string_output_adapter@_W@__crt_stdio_output@@@__crt_stdio_output@@IAE_NAA_J@Z 1002397c f i libucrt:output.obj
 0001:000229a2       ??$extract_argument_from_va_list@H_J@?$positional_parameter_base@DV?$stream_output_adapter@D@__crt_stdio_output@@@__crt_stdio_output@@IAE_NAA_J@Z 100239a2 f i libucrt:output.obj
 0001:00022a3e       ??$extract_argument_from_va_list@H_J@?$positional_parameter_base@DV?$string_output_adapter@D@__crt_stdio_output@@@__crt_stdio_output@@IAE_NAA_J@Z 10023a3e f i libucrt:output.obj
 0001:00022ada       ??$extract_argument_from_va_list@H_J@?$positional_parameter_base@_WV?$stream_output_adapter@_W@__crt_stdio_output@@@__crt_stdio_output@@IAE_NAA_J@Z 10023ada f i libucrt:output.obj
 0001:00022b76       ??$extract_argument_from_va_list@H_J@?$positional_parameter_base@_WV?$string_output_adapter@_W@__crt_stdio_output@@@__crt_stdio_output@@IAE_NAA_J@Z 10023b76 f i libucrt:output.obj
 0001:00022c12       ??$extract_argument_from_va_list@H_J@?$standard_base@DV?$stream_output_adapter@D@__crt_stdio_output@@@__crt_stdio_output@@IAE_NAA_J@Z 10023c12 f i libucrt:output.obj
 0001:00022c37       ??$extract_argument_from_va_list@H_J@?$standard_base@DV?$string_output_adapter@D@__crt_stdio_output@@@__crt_stdio_output@@IAE_NAA_J@Z 10023c37 f i libucrt:output.obj
 0001:00022c5c       ??$extract_argument_from_va_list@H_J@?$standard_base@_WV?$stream_output_adapter@_W@__crt_stdio_output@@@__crt_stdio_output@@IAE_NAA_J@Z 10023c5c f i libucrt:output.obj
 0001:00022c81       ??$extract_argument_from_va_list@H_J@?$standard_base@_WV?$string_output_adapter@_W@__crt_stdio_output@@@__crt_stdio_output@@IAE_NAA_J@Z 10023c81 f i libucrt:output.obj
 0001:00022ca6       ??$extract_argument_from_va_list@I_J@?$positional_parameter_base@DV?$stream_output_adapter@D@__crt_stdio_output@@@__crt_stdio_output@@IAE_NAA_J@Z 10023ca6 f i libucrt:output.obj
 0001:00022d4d       ??$extract_argument_from_va_list@I_J@?$positional_parameter_base@DV?$string_output_adapter@D@__crt_stdio_output@@@__crt_stdio_output@@IAE_NAA_J@Z 10023d4d f i libucrt:output.obj
 0001:00022df4       ??$extract_argument_from_va_list@I_J@?$positional_parameter_base@_WV?$stream_output_adapter@_W@__crt_stdio_output@@@__crt_stdio_output@@IAE_NAA_J@Z 10023df4 f i libucrt:output.obj
 0001:00022e9b       ??$extract_argument_from_va_list@I_J@?$positional_parameter_base@_WV?$string_output_adapter@_W@__crt_stdio_output@@@__crt_stdio_output@@IAE_NAA_J@Z 10023e9b f i libucrt:output.obj
 0001:00022f42       ??$extract_argument_from_va_list@I_J@?$standard_base@DV?$stream_output_adapter@D@__crt_stdio_output@@@__crt_stdio_output@@IAE_NAA_J@Z 10023f42 f i libucrt:output.obj
 0001:00022f67       ??$extract_argument_from_va_list@I_J@?$standard_base@DV?$string_output_adapter@D@__crt_stdio_output@@@__crt_stdio_output@@IAE_NAA_J@Z 10023f67 f i libucrt:output.obj
 0001:00022f8c       ??$extract_argument_from_va_list@I_J@?$standard_base@_WV?$stream_output_adapter@_W@__crt_stdio_output@@@__crt_stdio_output@@IAE_NAA_J@Z 10023f8c f i libucrt:output.obj
 0001:00022fb1       ??$extract_argument_from_va_list@I_J@?$standard_base@_WV?$string_output_adapter@_W@__crt_stdio_output@@@__crt_stdio_output@@IAE_NAA_J@Z 10023fb1 f i libucrt:output.obj
 0001:00022fd6       ??$extract_argument_from_va_list@PADPAD@?$positional_parameter_base@DV?$stream_output_adapter@D@__crt_stdio_output@@@__crt_stdio_output@@IAE_NAAPAD@Z 10023fd6 f i libucrt:output.obj
 0001:00023073       ??$extract_argument_from_va_list@PADPAD@?$positional_parameter_base@DV?$string_output_adapter@D@__crt_stdio_output@@@__crt_stdio_output@@IAE_NAAPAD@Z 10024073 f i libucrt:output.obj
 0001:00023110       ??$extract_argument_from_va_list@PADPAD@?$positional_parameter_base@_WV?$stream_output_adapter@_W@__crt_stdio_output@@@__crt_stdio_output@@IAE_NAAPAD@Z 10024110 f i libucrt:output.obj
 0001:000231ad       ??$extract_argument_from_va_list@PADPAD@?$positional_parameter_base@_WV?$string_output_adapter@_W@__crt_stdio_output@@@__crt_stdio_output@@IAE_NAAPAD@Z 100241ad f i libucrt:output.obj
 0001:0002324a       ??$extract_argument_from_va_list@PADPAD@?$standard_base@DV?$stream_output_adapter@D@__crt_stdio_output@@@__crt_stdio_output@@IAE_NAAPAD@Z 1002424a f i libucrt:output.obj
 0001:0002326a       ??$extract_argument_from_va_list@PADPAD@?$standard_base@DV?$string_output_adapter@D@__crt_stdio_output@@@__crt_stdio_output@@IAE_NAAPAD@Z 1002426a f i libucrt:output.obj
 0001:0002328a       ??$extract_argument_from_va_list@PADPAD@?$standard_base@_WV?$stream_output_adapter@_W@__crt_stdio_output@@@__crt_stdio_output@@IAE_NAAPAD@Z 1002428a f i libucrt:output.obj
 0001:000232aa       ??$extract_argument_from_va_list@PADPAD@?$standard_base@_WV?$string_output_adapter@_W@__crt_stdio_output@@@__crt_stdio_output@@IAE_NAAPAD@Z 100242aa f i libucrt:output.obj
 0001:000232ca       ??$extract_argument_from_va_list@PAUansi_string@?1??type_case_Z@?$output_processor@DV?$stream_output_adapter@D@__crt_stdio_output@@V?$format_validation_base@DV?$stream_output_adapter@D@__crt_stdio_output@@@2@@__crt_stdio_output@@AAE_NXZ@PAU1?1??234@AAE_NXZ@@?$standard_base@DV?$stream_output_adapter@D@__crt_stdio_output@@@__crt_stdio_output@@IAE_NAAPAUansi_string@?1??type_case_Z@?$output_processor@DV?$stream_output_adapter@D@__crt_stdio_output@@V?$format_validation_base@DV?$stream_output_adapter@D@__crt_stdio_output@@@2@@1@AAE_NXZ@@Z 100242ca f i libucrt:output.obj
 0001:000232ea       ??$extract_argument_from_va_list@PAUansi_string@?1??type_case_Z@?$output_processor@DV?$stream_output_adapter@D@__crt_stdio_output@@V?$positional_parameter_base@DV?$stream_output_adapter@D@__crt_stdio_output@@@2@@__crt_stdio_output@@AAE_NXZ@PAU1?1??234@AAE_NXZ@@?$positional_parameter_base@DV?$stream_output_adapter@D@__crt_stdio_output@@@__crt_stdio_output@@IAE_NAAPAUansi_string@?1??type_case_Z@?$output_processor@DV?$stream_output_adapter@D@__crt_stdio_output@@V?$positional_parameter_base@DV?$stream_output_adapter@D@__crt_stdio_output@@@2@@1@AAE_NXZ@@Z 100242ea f i libucrt:output.obj
 0001:00023387       ??$extract_argument_from_va_list@PAUansi_string@?1??type_case_Z@?$output_processor@DV?$stream_output_adapter@D@__crt_stdio_output@@V?$positional_parameter_base@DV?$stream_output_adapter@D@__crt_stdio_output@@@2@@__crt_stdio_output@@AAE_NXZ@PAU1?1??234@AAE_NXZ@@?$standard_base@DV?$stream_output_adapter@D@__crt_stdio_output@@@__crt_stdio_output@@IAE_NAAPAUansi_string@?1??type_case_Z@?$output_processor@DV?$stream_output_adapter@D@__crt_stdio_output@@V?$positional_parameter_base@DV?$stream_output_adapter@D@__crt_stdio_output@@@2@@1@AAE_NXZ@@Z 10024387 f i libucrt:output.obj
 0001:000233a7       ??$extract_argument_from_va_list@PAUansi_string@?1??type_case_Z@?$output_processor@DV?$stream_output_adapter@D@__crt_stdio_output@@V?$standard_base@DV?$stream_output_adapter@D@__crt_stdio_output@@@2@@__crt_stdio_output@@AAE_NXZ@PAU1?1??234@AAE_NXZ@@?$standard_base@DV?$stream_output_adapter@D@__crt_stdio_output@@@__crt_stdio_output@@IAE_NAAPAUansi_string@?1??type_case_Z@?$output_processor@DV?$stream_output_adapter@D@__crt_stdio_output@@V?$standard_base@DV?$stream_output_adapter@D@__crt_stdio_output@@@2@@1@AAE_NXZ@@Z 100243a7 f i libucrt:output.obj
 0001:000233c7       ??$extract_argument_from_va_list@PAUansi_string@?1??type_case_Z@?$output_processor@DV?$string_output_adapter@D@__crt_stdio_output@@V?$format_validation_base@DV?$string_output_adapter@D@__crt_stdio_output@@@2@@__crt_stdio_output@@AAE_NXZ@PAU1?1??234@AAE_NXZ@@?$standard_base@DV?$string_output_adapter@D@__crt_stdio_output@@@__crt_stdio_output@@IAE_NAAPAUansi_string@?1??type_case_Z@?$output_processor@DV?$string_output_adapter@D@__crt_stdio_output@@V?$format_validation_base@DV?$string_output_adapter@D@__crt_stdio_output@@@2@@1@AAE_NXZ@@Z 100243c7 f i libucrt:output.obj
 0001:000233e7       ??$extract_argument_from_va_list@PAUansi_string@?1??type_case_Z@?$output_processor@DV?$string_output_adapter@D@__crt_stdio_output@@V?$positional_parameter_base@DV?$string_output_adapter@D@__crt_stdio_output@@@2@@__crt_stdio_output@@AAE_NXZ@PAU1?1??234@AAE_NXZ@@?$positional_parameter_base@DV?$string_output_adapter@D@__crt_stdio_output@@@__crt_stdio_output@@IAE_NAAPAUansi_string@?1??type_case_Z@?$output_processor@DV?$string_output_adapter@D@__crt_stdio_output@@V?$positional_parameter_base@DV?$string_output_adapter@D@__crt_stdio_output@@@2@@1@AAE_NXZ@@Z 100243e7 f i libucrt:output.obj
 0001:00023484       ??$extract_argument_from_va_list@PAUansi_string@?1??type_case_Z@?$output_processor@DV?$string_output_adapter@D@__crt_stdio_output@@V?$positional_parameter_base@DV?$string_output_adapter@D@__crt_stdio_output@@@2@@__crt_stdio_output@@AAE_NXZ@PAU1?1??234@AAE_NXZ@@?$standard_base@DV?$string_output_adapter@D@__crt_stdio_output@@@__crt_stdio_output@@IAE_NAAPAUansi_string@?1??type_case_Z@?$output_processor@DV?$string_output_adapter@D@__crt_stdio_output@@V?$positional_parameter_base@DV?$string_output_adapter@D@__crt_stdio_output@@@2@@1@AAE_NXZ@@Z 10024484 f i libucrt:output.obj
 0001:000234a4       ??$extract_argument_from_va_list@PAUansi_string@?1??type_case_Z@?$output_processor@DV?$string_output_adapter@D@__crt_stdio_output@@V?$standard_base@DV?$string_output_adapter@D@__crt_stdio_output@@@2@@__crt_stdio_output@@AAE_NXZ@PAU1?1??234@AAE_NXZ@@?$standard_base@DV?$string_output_adapter@D@__crt_stdio_output@@@__crt_stdio_output@@IAE_NAAPAUansi_string@?1??type_case_Z@?$output_processor@DV?$string_output_adapter@D@__crt_stdio_output@@V?$standard_base@DV?$string_output_adapter@D@__crt_stdio_output@@@2@@1@AAE_NXZ@@Z 100244a4 f i libucrt:output.obj
 0001:000234c4       ??$extract_argument_from_va_list@PAUansi_string@?1??type_case_Z@?$output_processor@_WV?$stream_output_adapter@_W@__crt_stdio_output@@V?$format_validation_base@_WV?$stream_output_adapter@_W@__crt_stdio_output@@@2@@__crt_stdio_output@@AAE_NXZ@PAU1?1??234@AAE_NXZ@@?$standard_base@_WV?$stream_output_adapter@_W@__crt_stdio_output@@@__crt_stdio_output@@IAE_NAAPAUansi_string@?1??type_case_Z@?$output_processor@_WV?$stream_output_adapter@_W@__crt_stdio_output@@V?$format_validation_base@_WV?$stream_output_adapter@_W@__crt_stdio_output@@@2@@1@AAE_NXZ@@Z 100244c4 f i libucrt:output.obj
 0001:000234e4       ??$extract_argument_from_va_list@PAUansi_string@?1??type_case_Z@?$output_processor@_WV?$stream_output_adapter@_W@__crt_stdio_output@@V?$positional_parameter_base@_WV?$stream_output_adapter@_W@__crt_stdio_output@@@2@@__crt_stdio_output@@AAE_NXZ@PAU1?1??234@AAE_NXZ@@?$positional_parameter_base@_WV?$stream_output_adapter@_W@__crt_stdio_output@@@__crt_stdio_output@@IAE_NAAPAUansi_string@?1??type_case_Z@?$output_processor@_WV?$stream_output_adapter@_W@__crt_stdio_output@@V?$positional_parameter_base@_WV?$stream_output_adapter@_W@__crt_stdio_output@@@2@@1@AAE_NXZ@@Z 100244e4 f i libucrt:output.obj
 0001:00023581       ??$extract_argument_from_va_list@PAUansi_string@?1??type_case_Z@?$output_processor@_WV?$stream_output_adapter@_W@__crt_stdio_output@@V?$positional_parameter_base@_WV?$stream_output_adapter@_W@__crt_stdio_output@@@2@@__crt_stdio_output@@AAE_NXZ@PAU1?1??234@AAE_NXZ@@?$standard_base@_WV?$stream_output_adapter@_W@__crt_stdio_output@@@__crt_stdio_output@@IAE_NAAPAUansi_string@?1??type_case_Z@?$output_processor@_WV?$stream_output_adapter@_W@__crt_stdio_output@@V?$positional_parameter_base@_WV?$stream_output_adapter@_W@__crt_stdio_output@@@2@@1@AAE_NXZ@@Z 10024581 f i libucrt:output.obj
 0001:000235a1       ??$extract_argument_from_va_list@PAUansi_string@?1??type_case_Z@?$output_processor@_WV?$stream_output_adapter@_W@__crt_stdio_output@@V?$standard_base@_WV?$stream_output_adapter@_W@__crt_stdio_output@@@2@@__crt_stdio_output@@AAE_NXZ@PAU1?1??234@AAE_NXZ@@?$standard_base@_WV?$stream_output_adapter@_W@__crt_stdio_output@@@__crt_stdio_output@@IAE_NAAPAUansi_string@?1??type_case_Z@?$output_processor@_WV?$stream_output_adapter@_W@__crt_stdio_output@@V?$standard_base@_WV?$stream_output_adapter@_W@__crt_stdio_output@@@2@@1@AAE_NXZ@@Z 100245a1 f i libucrt:output.obj
 0001:000235c1       ??$extract_argument_from_va_list@PAUansi_string@?1??type_case_Z@?$output_processor@_WV?$string_output_adapter@_W@__crt_stdio_output@@V?$format_validation_base@_WV?$string_output_adapter@_W@__crt_stdio_output@@@2@@__crt_stdio_output@@AAE_NXZ@PAU1?1??234@AAE_NXZ@@?$standard_base@_WV?$string_output_adapter@_W@__crt_stdio_output@@@__crt_stdio_output@@IAE_NAAPAUansi_string@?1??type_case_Z@?$output_processor@_WV?$string_output_adapter@_W@__crt_stdio_output@@V?$format_validation_base@_WV?$string_output_adapter@_W@__crt_stdio_output@@@2@@1@AAE_NXZ@@Z 100245c1 f i libucrt:output.obj
 0001:000235e1       ??$extract_argument_from_va_list@PAUansi_string@?1??type_case_Z@?$output_processor@_WV?$string_output_adapter@_W@__crt_stdio_output@@V?$positional_parameter_base@_WV?$string_output_adapter@_W@__crt_stdio_output@@@2@@__crt_stdio_output@@AAE_NXZ@PAU1?1??234@AAE_NXZ@@?$positional_parameter_base@_WV?$string_output_adapter@_W@__crt_stdio_output@@@__crt_stdio_output@@IAE_NAAPAUansi_string@?1??type_case_Z@?$output_processor@_WV?$string_output_adapter@_W@__crt_stdio_output@@V?$positional_parameter_base@_WV?$string_output_adapter@_W@__crt_stdio_output@@@2@@1@AAE_NXZ@@Z 100245e1 f i libucrt:output.obj
 0001:0002367e       ??$extract_argument_from_va_list@PAUansi_string@?1??type_case_Z@?$output_processor@_WV?$string_output_adapter@_W@__crt_stdio_output@@V?$positional_parameter_base@_WV?$string_output_adapter@_W@__crt_stdio_output@@@2@@__crt_stdio_output@@AAE_NXZ@PAU1?1??234@AAE_NXZ@@?$standard_base@_WV?$string_output_adapter@_W@__crt_stdio_output@@@__crt_stdio_output@@IAE_NAAPAUansi_string@?1??type_case_Z@?$output_processor@_WV?$string_output_adapter@_W@__crt_stdio_output@@V?$positional_parameter_base@_WV?$string_output_adapter@_W@__crt_stdio_output@@@2@@1@AAE_NXZ@@Z 1002467e f i libucrt:output.obj
 0001:0002369e       ??$extract_argument_from_va_list@PAUansi_string@?1??type_case_Z@?$output_processor@_WV?$string_output_adapter@_W@__crt_stdio_output@@V?$standard_base@_WV?$string_output_adapter@_W@__crt_stdio_output@@@2@@__crt_stdio_output@@AAE_NXZ@PAU1?1??234@AAE_NXZ@@?$standard_base@_WV?$string_output_adapter@_W@__crt_stdio_output@@@__crt_stdio_output@@IAE_NAAPAUansi_string@?1??type_case_Z@?$output_processor@_WV?$string_output_adapter@_W@__crt_stdio_output@@V?$standard_base@_WV?$string_output_adapter@_W@__crt_stdio_output@@@2@@1@AAE_NXZ@@Z 1002469e f i libucrt:output.obj
 0001:000236be       ??$extract_argument_from_va_list@PAXPAX@?$positional_parameter_base@DV?$stream_output_adapter@D@__crt_stdio_output@@@__crt_stdio_output@@IAE_NAAPAX@Z 100246be f i libucrt:output.obj
 0001:0002375b       ??$extract_argument_from_va_list@PAXPAX@?$positional_parameter_base@DV?$string_output_adapter@D@__crt_stdio_output@@@__crt_stdio_output@@IAE_NAAPAX@Z 1002475b f i libucrt:output.obj
 0001:000237f8       ??$extract_argument_from_va_list@PAXPAX@?$positional_parameter_base@_WV?$stream_output_adapter@_W@__crt_stdio_output@@@__crt_stdio_output@@IAE_NAAPAX@Z 100247f8 f i libucrt:output.obj
 0001:00023895       ??$extract_argument_from_va_list@PAXPAX@?$positional_parameter_base@_WV?$string_output_adapter@_W@__crt_stdio_output@@@__crt_stdio_output@@IAE_NAAPAX@Z 10024895 f i libucrt:output.obj
 0001:00023932       ??$extract_argument_from_va_list@PAXPAX@?$standard_base@DV?$stream_output_adapter@D@__crt_stdio_output@@@__crt_stdio_output@@IAE_NAAPAX@Z 10024932 f i libucrt:output.obj
 0001:00023952       ??$extract_argument_from_va_list@PAXPAX@?$standard_base@DV?$string_output_adapter@D@__crt_stdio_output@@@__crt_stdio_output@@IAE_NAAPAX@Z 10024952 f i libucrt:output.obj
 0001:00023972       ??$extract_argument_from_va_list@PAXPAX@?$standard_base@_WV?$stream_output_adapter@_W@__crt_stdio_output@@@__crt_stdio_output@@IAE_NAAPAX@Z 10024972 f i libucrt:output.obj
 0001:00023992       ??$extract_argument_from_va_list@PAXPAX@?$standard_base@_WV?$string_output_adapter@_W@__crt_stdio_output@@@__crt_stdio_output@@IAE_NAAPAX@Z 10024992 f i libucrt:output.obj
 0001:000239b2       ??$extract_argument_from_va_list@U_CRT_DOUBLE@@U1@@?$positional_parameter_base@DV?$stream_output_adapter@D@__crt_stdio_output@@@__crt_stdio_output@@IAE_NAAU_CRT_DOUBLE@@@Z 100249b2 f i libucrt:output.obj
 0001:00023a63       ??$extract_argument_from_va_list@U_CRT_DOUBLE@@U1@@?$positional_parameter_base@DV?$string_output_adapter@D@__crt_stdio_output@@@__crt_stdio_output@@IAE_NAAU_CRT_DOUBLE@@@Z 10024a63 f i libucrt:output.obj
 0001:00023b14       ??$extract_argument_from_va_list@U_CRT_DOUBLE@@U1@@?$positional_parameter_base@_WV?$stream_output_adapter@_W@__crt_stdio_output@@@__crt_stdio_output@@IAE_NAAU_CRT_DOUBLE@@@Z 10024b14 f i libucrt:output.obj
 0001:00023bc5       ??$extract_argument_from_va_list@U_CRT_DOUBLE@@U1@@?$positional_parameter_base@_WV?$string_output_adapter@_W@__crt_stdio_output@@@__crt_stdio_output@@IAE_NAAU_CRT_DOUBLE@@@Z 10024bc5 f i libucrt:output.obj
 0001:00023c76       ??$extract_argument_from_va_list@U_CRT_DOUBLE@@U1@@?$standard_base@DV?$stream_output_adapter@D@__crt_stdio_output@@@__crt_stdio_output@@IAE_NAAU_CRT_DOUBLE@@@Z 10024c76 f i libucrt:output.obj
 0001:00023c9e       ??$extract_argument_from_va_list@U_CRT_DOUBLE@@U1@@?$standard_base@DV?$string_output_adapter@D@__crt_stdio_output@@@__crt_stdio_output@@IAE_NAAU_CRT_DOUBLE@@@Z 10024c9e f i libucrt:output.obj
 0001:00023cc6       ??$extract_argument_from_va_list@U_CRT_DOUBLE@@U1@@?$standard_base@_WV?$stream_output_adapter@_W@__crt_stdio_output@@@__crt_stdio_output@@IAE_NAAU_CRT_DOUBLE@@@Z 10024cc6 f i libucrt:output.obj
 0001:00023cee       ??$extract_argument_from_va_list@U_CRT_DOUBLE@@U1@@?$standard_base@_WV?$string_output_adapter@_W@__crt_stdio_output@@@__crt_stdio_output@@IAE_NAAU_CRT_DOUBLE@@@Z 10024cee f i libucrt:output.obj
 0001:00023d16       ??$extract_argument_from_va_list@_J_J@?$positional_parameter_base@DV?$stream_output_adapter@D@__crt_stdio_output@@@__crt_stdio_output@@IAE_NAA_J@Z 10024d16 f i libucrt:output.obj
 0001:00023dc7       ??$extract_argument_from_va_list@_J_J@?$positional_parameter_base@DV?$string_output_adapter@D@__crt_stdio_output@@@__crt_stdio_output@@IAE_NAA_J@Z 10024dc7 f i libucrt:output.obj
 0001:00023e78       ??$extract_argument_from_va_list@_J_J@?$positional_parameter_base@_WV?$stream_output_adapter@_W@__crt_stdio_output@@@__crt_stdio_output@@IAE_NAA_J@Z 10024e78 f i libucrt:output.obj
 0001:00023f29       ??$extract_argument_from_va_list@_J_J@?$positional_parameter_base@_WV?$string_output_adapter@_W@__crt_stdio_output@@@__crt_stdio_output@@IAE_NAA_J@Z 10024f29 f i libucrt:output.obj
 0001:00023fda       ??$extract_argument_from_va_list@_J_J@?$standard_base@DV?$stream_output_adapter@D@__crt_stdio_output@@@__crt_stdio_output@@IAE_NAA_J@Z 10024fda f i libucrt:output.obj
 0001:00024002       ??$extract_argument_from_va_list@_J_J@?$standard_base@DV?$string_output_adapter@D@__crt_stdio_output@@@__crt_stdio_output@@IAE_NAA_J@Z 10025002 f i libucrt:output.obj
 0001:0002402a       ??$extract_argument_from_va_list@_J_J@?$standard_base@_WV?$stream_output_adapter@_W@__crt_stdio_output@@@__crt_stdio_output@@IAE_NAA_J@Z 1002502a f i libucrt:output.obj
[...]
 0003:00008ca0       _CANAC2_1_send_mb2         1007eca0     <common>
 0003:00008fc0       _CANAC2_2_receiveindex_mb1 1007efc0     <common>
 0003:000092e0       _CANAC2_2_receivemaxindex_mb1 1007f2e0     <common>
 0003:00009300       _CANAC2_2_sendindex_mb1    1007f300     <common>
 0003:00009620       _CANAC2_2_sendmaxindex_mb1 1007f620     <common>
 0003:00009640       _CANAC2_1_receiveindex_mb1 1007f640     <common>
 0003:00009960       _CANAC2_1_receivemaxindex_mb1 1007f960     <common>
 0003:00009980       _CANAC2_1_sendindex_mb1    1007f980     <common>
 0003:00009ca0       _CANAC2_1_sendmaxindex_mb1 1007fca0     <common>
 0003:00009cc0       _CANAC2_2_receive_mb1      1007fcc0     <common>
 0003:00009fe0       _CANAC2_2_send_mb1         1007ffe0     <common>
 0003:0000a300       _CANAC2_1_receive_mb1      10080300     <common>
 0003:0000a620       _CANAC2_1_send_mb1         10080620     <common>
 0003:0000a940       _CANAC2_2_receiveindex     10080940     <common>
 0003:0000ac60       _CANAC2_2_receivemaxindex  10080c60     <common>
 0003:0000ac80       _CANAC2_2_sendindex        10080c80     <common>
 0003:0000afa0       _CANAC2_2_sendmaxindex     10080fa0     <common>
 0003:0000afc0       _CANAC2_1_receiveindex     10080fc0     <common>
 0003:0000b2e0       _CANAC2_1_receivemaxindex  100812e0     <common>
 0003:0000b300       _CANAC2_1_sendindex        10081300     <common>
 0003:0000b620       _CANAC2_1_sendmaxindex     10081620     <common>
 0003:0000b640       _CANAC2_2_receive          10081640     <common>
 0003:0000b960       _CANAC2_2_send             10081960     <common>
 0003:0000bc80       _CANAC2_1_receive          10081c80     <common>
 0003:0000bfa0       _CANAC2_1_send             10081fa0     <common>
 0003:0000c2c0       _siepowercan_can_object_buffer_port2 100822c0     <common>
 0003:000102e0       _siepowercan_can_object_buffer_port1 100862e0     <common>
 0003:000142e0       _rtNaNF                    1008a2e0     <common>
 0003:000142f4       _rtMinusInfF               1008a2f4     <common>
 0003:000142f8       _rtInfF                    1008a2f8     <common>
 0003:00014300       _rtNaN                     1008a300     <common>
 0003:00014308       _rtMinusInf                1008a308     <common>
 0003:00014310       _rtInf                     1008a310     <common>
 0003:00014320       _slrtTETViaXCP             1008a320     <common>
 0003:00014348       ?_OptionsStorage@?1??__local_stdio_printf_options@@9@9 1008a348     <common>
 0003:00014660       _proj3_M_                  1008a660     <common>
 0003:00015380       _proj3_Y                   1008b380     <common>
 0003:000153a0       _proj3_DW                  1008b3a0     <common>
 0003:00015460       _proj3_X                   1008b460     <common>
 0003:00015480       _proj3_B                   1008b480     <common>
 0003:00015580       _UDPCloseSend              1008b580     <common>
 0003:000155f4       _UDPOpenReceive            1008b5f4     <common>
 0003:000155f8       _UDPOpenSend               1008b5f8     <common>
 0003:000155fc       _ResetClientSocket         1008b5fc     <common>
 0003:00015600       _CloseClientSocket         1008b600     <common>
 0003:00015604       _ConnectClientSocket       1008b604     <common>
 0003:00015608       _BindClientSocket          1008b608     <common>
 0003:0001560c       _CreateClientSocket        1008b60c     <common>
 0003:00015610       _ResetServerSocket         1008b610     <common>
 0003:00015614       _CloseServerSocket         1008b614     <common>
 0003:00015618       _ConnectServerSocket       1008b618     <common>
 0003:0001561c       _OpenServerListen          1008b61c     <common>
 0003:00015620       _CreateServerSocket        1008b620     <common>
 0003:00015624       _SocketReceive             1008b624     <common>
 0003:00015628       _SocketSend                1008b628     <common>
 0003:0001562c       _GetSocketState            1008b62c     <common>
 0003:00015630       _GetSocket                 1008b630     <common>
 0003:00015634       _socket                    1008b634     <common>
 0003:00015638       _inet_addr                 1008b638     <common>
 0003:0001563c       _sendto                    1008b63c     <common>
 0003:00015640       _recvfrom                  1008b640     <common>
 0003:00015644       _listen                    1008b644     <common>
 0003:00015648       _ioctlsocket               1008b648     <common>
 0003:0001564c       _connect                   1008b64c     <common>
 0003:00015650       _closesocket               1008b650     <common>
 0003:00015654       _setsockopt                1008b654     <common>
 0003:00015658       _bind                      1008b658     <common>
 0003:0001565c       _accept                    1008b65c     <common>
 0003:00015660       _GetHostTarIPAdd           1008b660     <common>
 0003:00015664       _GetDCUUsage               1008b664     <common>
 0003:00015668       _DeleteRoute               1008b668     <common>
 0003:0001566c       _AddGatewayRoute           1008b66c     <common>
 0003:00015670       _SetIP                     1008b670     <common>
 0003:00015674       _CloseInterface            1008b674     <common>
 0003:00015678       _OpenInterface             1008b678     <common>
 0003:0001567c       _SetIPTASKPriority         1008b67c     <common>
 0003:00015680       _releaseNIC                1008b680     <common>
 0003:00015684       _NICGetIface               1008b684     <common>
 0003:00015688       _NICSetIface               1008b688     <common>
 0003:0001568c       _registerNIC               1008b68c     <common>
 0003:00015690       _slrtWarning               1008b690     <common>
 0003:00015694       _slrtGetCPUTCelsius        1008b694     <common>
 0003:00015698       _geterrorstring            1008b698     <common>
 0003:0001569c       _getlasterror              1008b69c     <common>
 0003:000156a0       _slrtGetProfilerState      1008b6a0     <common>
 0003:000156a4       _slrtStopProfiler          1008b6a4     <common>
 0003:000156a8       _slrtStartProfiler         1008b6a8     <common>
 0003:000156ac       _slrtLogEvent              1008b6ac     <common>
 0003:000156b0       _slrtGetDefaultDrive       1008b6b0     <common>
 0003:000156b4       _slrtfsFread               1008b6b4     <common>
 0003:000156b8       _slrtfsGetFileStatus       1008b6b8     <common>
 0003:000156bc       _slrtfsOpenFileAsync       1008b6bc     <common>
 0003:000156c0       _slrtfsCloseFileAsync      1008b6c0     <common>
 0003:000156c4       _slrtfsGetFileErrorMessage 1008b6c4     <common>
 0003:000156c8       _slrtfsGetFileError        1008b6c8     <common>
 0003:000156cc       _slrtfsWriteToFile         1008b6cc     <common>
 0003:000156d0       _slrtfsCloseFile           1008b6d0     <common>
 0003:000156d4       _slrtfsOpenFile            1008b6d4     <common>
 0003:000156d8       _slrtGetSgCRBSpace         1008b6d8     <common>
 0003:000156dc       _slrtGetCRBScratchSpace    1008b6dc     <common>
 0003:000156e0       _slrteSetupMSI             1008b6e0     <common>
 0003:000156e4       _slTestRegAssessment       1008b6e4     <common>
 0003:000156e8       _slTestTerminate           1008b6e8     <common>
 0003:000156ec       _slTestEvalOnFail          1008b6ec     <common>
 0003:000156f0       _slTestLogAssessments      1008b6f0     <common>
 0003:000156f4       _slTestInitialize          1008b6f4     <common>
 0003:000156f8       _unRegisterPTPTimeRead     1008b6f8     <common>
 0003:000156fc       _registerPTPTimeRead       1008b6fc     <common>
 0003:00015700       _slrteGetCurrentStepSize   1008b700     <common>
 0003:00015704       _slrteSetStepSizeDelta     1008b704     <common>
 0003:00015708       _xpceDAQUpdateTimeStamp    1008b708     <common>
 0003:0001570c       _xpceDAQPostEvent          1008b70c     <common>
 0003:00015710       _StreamVideo               1008b710     <common>
 0003:00015714       _StopVideoDisplay          1008b714     <common>
 0003:00015718       _StartVideoDisplay         1008b718     <common>
 0003:0001571c       _DestroyVideoDisplay       1008b71c     <common>
 0003:00015720       _CreateVideoDisplay        1008b720     <common>
 0003:00015724       _ConvertUImage             1008b724     <common>
 0003:00015728       _StopVideo                 1008b728     <common>
 0003:0001572c       _ReadFrameBuffer           1008b72c     <common>
 0003:00015730       _StartVideo                1008b730     <common>
 0003:00015734       _GetVideoConfigs           1008b734     <common>
 0003:00015738       _FindUsbVideoDevice        1008b738     <common>
 0003:0001573c       _xpceDeleteSemaphore       1008b73c     <common>
 0003:00015740       _xpceSignalSemaphore       1008b740     <common>
 0003:00015744       _xpceWaitSemaphore         1008b744     <common>
 0003:00015748       _xpceCreateSemaphore       1008b748     <common>
 0003:0001574c       _xpceScopeAcqOK            1008b74c     <common>
 0003:00015750       _rl32eRestartAcquisition   1008b750     <common>
 0003:00015754       _rl32eSetTargetScopeSigFt  1008b754     <common>
 0003:00015758       _rl32eSetTargetScope       1008b758     <common>
 0003:0001575c       _xpceFSScopeSet            1008b75c     <common>
 0003:00015760       _rl32eSetScope             1008b760     <common>
 0003:00015764       _rl32eAddSignal            1008b764     <common>
 0003:00015768       _rl32eGetSignalNo          1008b768     <common>
 0003:0001576c       _rl32eDefScope             1008b76c     <common>
 0003:00015770       _rl32eScopeExists          1008b770     <common>
 0003:00015774       _TBGiveSpinFast            1008b774     <common>
 0003:00015778       _TBTakeSpinFast            1008b778     <common>
 0003:0001577c       _TBDeleteSpin              1008b77c     <common>
 0003:00015780       _TBCreateSpin              1008b780     <common>
 0003:00015784       _xpceGetParamDims          1008b784     <common>
 0003:00015788       _xpceGetParameter          1008b788     <common>
 0003:0001578c       _xpceSetParameter          1008b78c     <common>
 0003:00015790       _xpceGetSignalValue        1008b790     <common>
 0003:00015794       _xpceAssignPCIInterrupt    1008b794     <common>
 0003:00015798       _rl32eGetPCIInfoAtSlot     1008b798     <common>
 0003:0001579c       _rl32eGetPCIInfo           1008b79c     <common>
 0003:000157a0       _rl32eShowPCIInfo          1008b7a0     <common>
 0003:000157a4       _rl32eShowPCIDev           1008b7a4     <common>
 0003:000157a8       _xpceGetTET                1008b7a8     <common>
 0003:000157ac       _xpceaddEvent              1008b7ac     <common>
 0003:000157b0       _xpceDeRegisterISR         1008b7b0     <common>
 0003:000157b4       _xpceRegisterISR           1008b7b4     <common>
 0003:000157b8       _xpcIsModelInit            1008b7b8     <common>
 0003:000157bc       _xpcGetElapsedTime         1008b7bc     <common>
 0003:000157c0       _xpcBusyWait               1008b7c0     <common>
 0003:000157c4       _xpcFreePhysicalMemory     1008b7c4     <common>
 0003:000157c8       _xpcAllocPhysicalMemory    1008b7c8     <common>
 0003:000157cc       _xpcReserveMemoryRegion    1008b7cc     <common>
 0003:000157d0       _xpcOutpB                  1008b7d0     <common>
 0003:000157d4       _xpcOutpW                  1008b7d4     <common>
 0003:000157d8       _xpcOutpDW                 1008b7d8     <common>
 0003:000157dc       _xpcInpB                   1008b7dc     <common>
 0003:000157e0       _xpcInpW                   1008b7e0     <common>
 0003:000157e4       _xpcInpDW                  1008b7e4     <common>
 0003:000157e8       _UDPCloseReceive           1008b7e8     <common>
 0003:000157ec       ___scrt_ucrt_dll_is_in_use 1008b7ec     <common>
 0003:000157f8       ___dyn_tls_init_callback   1008b7f8     <common>
 0003:00015804       __pDestructExceptionObject 1008b804     <common>
 0003:00015810       __pmatherr                 1008b810     <common>
 0003:0001581c       ___use_sse2_mathfcns       1008b81c     <common>
 0004:00000000       __imp__GetModuleHandleA@4  1008c000     kernel32:KERNEL32.dll
 0004:00000004       __imp__GetProcAddress@8    1008c004     kernel32:KERNEL32.dll
 0004:00000008       __imp__UnhandledExceptionFilter@4 1008c008     kernel32:KERNEL32.dll
 0004:0000000c       __imp__SetUnhandledExceptionFilter@4 1008c00c     kernel32:KERNEL32.dll
 0004:00000010       __imp__GetCurrentProcess@0 1008c010     kernel32:KERNEL32.dll
 0004:00000014       __imp__TerminateProcess@8  1008c014     kernel32:KERNEL32.dll
 0004:00000018       __imp__IsProcessorFeaturePresent@4 1008c018     kernel32:KERNEL32.dll
 0004:0000001c       __imp__QueryPerformanceCounter@4 1008c01c     kernel32:KERNEL32.dll
 0004:00000020       __imp__GetCurrentProcessId@0 1008c020     kernel32:KERNEL32.dll
 0004:00000024       __imp__GetCurrentThreadId@0 1008c024     kernel32:KERNEL32.dll
 0004:00000028       __imp__GetSystemTimeAsFileTime@4 1008c028     kernel32:KERNEL32.dll
 0004:0000002c       __imp__InitializeSListHead@4 1008c02c     kernel32:KERNEL32.dll
 0004:00000030       __imp__IsDebuggerPresent@0 1008c030     kernel32:KERNEL32.dll
 0004:00000034       __imp__GetStartupInfoW@4   1008c034     kernel32:KERNEL32.dll
 0004:00000038       __imp__GetModuleHandleW@4  1008c038     kernel32:KERNEL32.dll
 0004:0000003c       __imp__InterlockedPushEntrySList@8 1008c03c     kernel32:KERNEL32.dll
 0004:00000040       __imp__InterlockedFlushSList@4 1008c040     kernel32:KERNEL32.dll
 0004:00000044       __imp__RtlUnwind@16        1008c044     kernel32:KERNEL32.dll
 0004:00000048       __imp__GetLastError@0      1008c048     kernel32:KERNEL32.dll
 0004:0000004c       __imp__SetLastError@4      1008c04c     kernel32:KERNEL32.dll
 0004:00000050       __imp__EnterCriticalSection@4 1008c050     kernel32:KERNEL32.dll
 0004:00000054       __imp__LeaveCriticalSection@4 1008c054     kernel32:KERNEL32.dll
 0004:00000058       __imp__DeleteCriticalSection@4 1008c058     kernel32:KERNEL32.dll
 0004:0000005c       __imp__InitializeCriticalSectionAndSpinCount@8 1008c05c     kernel32:KERNEL32.dll
 0004:00000060       __imp__TlsAlloc@0          1008c060     kernel32:KERNEL32.dll
 0004:00000064       __imp__TlsGetValue@4       1008c064     kernel32:KERNEL32.dll
 0004:00000068       __imp__TlsSetValue@8       1008c068     kernel32:KERNEL32.dll
 0004:0000006c       __imp__TlsFree@4           1008c06c     kernel32:KERNEL32.dll
 0004:00000070       __imp__FreeLibrary@4       1008c070     kernel32:KERNEL32.dll
 0004:00000074       __imp__LoadLibraryExW@12   1008c074     kernel32:KERNEL32.dll
 0004:00000078       __imp__ExitProcess@4       1008c078     kernel32:KERNEL32.dll
 0004:0000007c       __imp__GetModuleHandleExW@12 1008c07c     kernel32:KERNEL32.dll
 0004:00000080       __imp__GetStdHandle@4      1008c080     kernel32:KERNEL32.dll
 0004:00000084       __imp__GetFileType@4       1008c084     kernel32:KERNEL32.dll
 0004:00000088       __imp__GetModuleFileNameA@12 1008c088     kernel32:KERNEL32.dll
 0004:0000008c       __imp__GetModuleFileNameW@12 1008c08c     kernel32:KERNEL32.dll
 0004:00000090       __imp__WriteConsoleW@20    1008c090     kernel32:KERNEL32.dll
 0004:00000094       __imp__RaiseException@16   1008c094     kernel32:KERNEL32.dll
 0004:00000098       __imp__MultiByteToWideChar@24 1008c098     kernel32:KERNEL32.dll
 0004:0000009c       __imp__WideCharToMultiByte@32 1008c09c     kernel32:KERNEL32.dll
 0004:000000a0       __imp__HeapFree@12         1008c0a0     kernel32:KERNEL32.dll
 0004:000000a4       __imp__HeapAlloc@12        1008c0a4     kernel32:KERNEL32.dll
 0004:000000a8       __imp__GetDateFormatW@24   1008c0a8     kernel32:KERNEL32.dll
 0004:000000ac       __imp__GetTimeFormatW@24   1008c0ac     kernel32:KERNEL32.dll
 0004:000000b0       __imp__CompareStringW@24   1008c0b0     kernel32:KERNEL32.dll
 0004:000000b4       __imp__LCMapStringW@24     1008c0b4     kernel32:KERNEL32.dll
 0004:000000b8       __imp__GetLocaleInfoW@16   1008c0b8     kernel32:KERNEL32.dll
 0004:000000bc       __imp__IsValidLocale@8     1008c0bc     kernel32:KERNEL32.dll
 0004:000000c0       __imp__GetUserDefaultLCID@0 1008c0c0     kernel32:KERNEL32.dll
 0004:000000c4       __imp__EnumSystemLocalesW@8 1008c0c4     kernel32:KERNEL32.dll
 0004:000000c8       __imp__GetCurrentThread@0  1008c0c8     kernel32:KERNEL32.dll
 0004:000000cc       __imp__GetACP@0            1008c0cc     kernel32:KERNEL32.dll
 0004:000000d0       __imp__HeapReAlloc@16      1008c0d0     kernel32:KERNEL32.dll
 0004:000000d4       __imp__CloseHandle@4       1008c0d4     kernel32:KERNEL32.dll
 0004:000000d8       __imp__ReadFile@20         1008c0d8     kernel32:KERNEL32.dll
 0004:000000dc       __imp__GetConsoleMode@8    1008c0dc     kernel32:KERNEL32.dll
 0004:000000e0       __imp__ReadConsoleW@20     1008c0e0     kernel32:KERNEL32.dll
 0004:000000e4       __imp__WriteFile@20        1008c0e4     kernel32:KERNEL32.dll
 0004:000000e8       __imp__GetConsoleCP@0      1008c0e8     kernel32:KERNEL32.dll
 0004:000000ec       __imp__DeleteFileW@4       1008c0ec     kernel32:KERNEL32.dll
 0004:000000f0       __imp__SetFilePointerEx@20 1008c0f0     kernel32:KERNEL32.dll
 0004:000000f4       __imp__OutputDebugStringA@4 1008c0f4     kernel32:KERNEL32.dll
 0004:000000f8       __imp__OutputDebugStringW@4 1008c0f8     kernel32:KERNEL32.dll
 0004:000000fc       __imp__WaitForSingleObjectEx@12 1008c0fc     kernel32:KERNEL32.dll
 0004:00000100       __imp__CreateThread@24     1008c100     kernel32:KERNEL32.dll
 0004:00000104       __imp__SetConsoleCtrlHandler@8 1008c104     kernel32:KERNEL32.dll
 0004:00000108       __imp__FindClose@4         1008c108     kernel32:KERNEL32.dll
 0004:0000010c       __imp__FindFirstFileExA@24 1008c10c     kernel32:KERNEL32.dll
 0004:00000110       __imp__FindFirstFileExW@24 1008c110     kernel32:KERNEL32.dll
 0004:00000114       __imp__FindNextFileA@8     1008c114     kernel32:KERNEL32.dll
 0004:00000118       __imp__FindNextFileW@8     1008c118     kernel32:KERNEL32.dll
 0004:0000011c       __imp__IsValidCodePage@4   1008c11c     kernel32:KERNEL32.dll
 0004:00000120       __imp__GetOEMCP@0          1008c120     kernel32:KERNEL32.dll
 0004:00000124       __imp__GetCPInfo@8         1008c124     kernel32:KERNEL32.dll
 0004:00000128       __imp__GetCommandLineA@0   1008c128     kernel32:KERNEL32.dll
 0004:0000012c       __imp__GetCommandLineW@0   1008c12c     kernel32:KERNEL32.dll
 0004:00000130       __imp__GetEnvironmentStringsW@0 1008c130     kernel32:KERNEL32.dll
 0004:00000134       __imp__FreeEnvironmentStringsW@4 1008c134     kernel32:KERNEL32.dll
 0004:00000138       __imp__SetEnvironmentVariableA@8 1008c138     kernel32:KERNEL32.dll
 0004:0000013c       __imp__SetEnvironmentVariableW@8 1008c13c     kernel32:KERNEL32.dll
 0004:00000140       __imp__GetProcessHeap@0    1008c140     kernel32:KERNEL32.dll
 0004:00000144       __imp__GetStringTypeW@16   1008c144     kernel32:KERNEL32.dll
 0004:00000148       __imp__FlushFileBuffers@4  1008c148     kernel32:KERNEL32.dll
 0004:0000014c       __imp__SetStdHandle@8      1008c14c     kernel32:KERNEL32.dll
 0004:00000150       __imp__CreateFileW@28      1008c150     kernel32:KERNEL32.dll
 0004:00000154       __imp__HeapSize@12         1008c154     kernel32:KERNEL32.dll
 0004:00000158       __imp__SetEndOfFile@4      1008c158     kernel32:KERNEL32.dll
 0004:0000015c       __imp__EncodePointer@4     1008c15c     kernel32:KERNEL32.dll
 0004:00000160       __imp__DecodePointer@4     1008c160     kernel32:KERNEL32.dll
 0004:00000164       \177KERNEL32_NULL_THUNK_DATA 1008c164     kernel32:KERNEL32.dll
 0004:000001d4       __IMPORT_DESCRIPTOR_KERNEL32 1008c1d4     kernel32:KERNEL32.dll
 0004:000001e8       __NULL_IMPORT_DESCRIPTOR   1008c1e8     kernel32:KERNEL32.dll
 0006:00000000       ___guard_check_icall_fptr  1008e000     LIBCMT:guard_support.obj
